/workspace/geo-recurrence-testbed/.venv/lib/python3.13/site-packages/torch/_subclasses/functional_tensor.py:368: UserWarning: Failed to initialize NumPy: No module named 'numpy' (Triggered internally at /__w/pytorch/pytorch/torch/csrc/utils/tensor_numpy.cpp:84.)
  cpu = _conversion_method_template(device=torch.device("cpu"))
[fractal-stalk] params=117506 parity_ok=True d=64 mlp=10 T=6 lr=0.0015 clip=2.5
[fractal-stalk] epoch 1/30 train_acc=0.7206 val_acc=0.8475 (best=0.8475@ep1)
[fractal-stalk] epoch 2/30 train_acc=0.8594 val_acc=0.8700 (best=0.8700@ep2)
[fractal-stalk] epoch 3/30 train_acc=0.8875 val_acc=0.8775 (best=0.8775@ep3)
[fractal-stalk] epoch 4/30 train_acc=0.8844 val_acc=0.8775 (best=0.8775@ep3)
[fractal-stalk] epoch 5/30 train_acc=0.8938 val_acc=0.8775 (best=0.8775@ep3)
[fractal-stalk] epoch 6/30 train_acc=0.9019 val_acc=0.8800 (best=0.8800@ep6)
[fractal-stalk] epoch 7/30 train_acc=0.9019 val_acc=0.8875 (best=0.8875@ep7)
[fractal-stalk] epoch 8/30 train_acc=0.9094 val_acc=0.8925 (best=0.8925@ep8)
[fractal-stalk] epoch 9/30 train_acc=0.9025 val_acc=0.8700 (best=0.8925@ep8)
[fractal-stalk] epoch 10/30 train_acc=0.9125 val_acc=0.8950 (best=0.8950@ep10)
[fractal-stalk] epoch 11/30 train_acc=0.9169 val_acc=0.9200 (best=0.9200@ep11)
[fractal-stalk] epoch 12/30 train_acc=0.9231 val_acc=0.9025 (best=0.9200@ep11)
[fractal-stalk] epoch 13/30 train_acc=0.9306 val_acc=0.9075 (best=0.9200@ep11)
[fractal-stalk] epoch 14/30 train_acc=0.9363 val_acc=0.9175 (best=0.9200@ep11)
[fractal-stalk] epoch 15/30 train_acc=0.9363 val_acc=0.9275 (best=0.9275@ep15)
[fractal-stalk] epoch 16/30 train_acc=0.9331 val_acc=0.9250 (best=0.9275@ep15)
[fractal-stalk] epoch 17/30 train_acc=0.9413 val_acc=0.9125 (best=0.9275@ep15)
[fractal-stalk] epoch 18/30 train_acc=0.9469 val_acc=0.9325 (best=0.9325@ep18)
[fractal-stalk] epoch 19/30 train_acc=0.9619 val_acc=0.9725 (best=0.9725@ep19)
[fractal-stalk] epoch 20/30 train_acc=0.9769 val_acc=0.9725 (best=0.9725@ep19)
[fractal-stalk] epoch 21/30 train_acc=0.9812 val_acc=0.9825 (best=0.9825@ep21)
[fractal-stalk] epoch 22/30 train_acc=0.9788 val_acc=0.9350 (best=0.9825@ep21)
[fractal-stalk] epoch 23/30 train_acc=0.9838 val_acc=0.9825 (best=0.9825@ep21)
[fractal-stalk] epoch 24/30 train_acc=0.9869 val_acc=0.9825 (best=0.9825@ep21)
[fractal-stalk] epoch 25/30 train_acc=0.9850 val_acc=0.9825 (best=0.9825@ep21)
[fractal-stalk] epoch 26/30 train_acc=0.9838 val_acc=0.9825 (best=0.9825@ep21)
[fractal-stalk] epoch 27/30 train_acc=0.9831 val_acc=0.9825 (best=0.9825@ep21)
[fractal-stalk] epoch 28/30 train_acc=0.9850 val_acc=0.9825 (best=0.9825@ep21)
[fractal-stalk] epoch 29/30 train_acc=0.9881 val_acc=0.9850 (best=0.9850@ep29)
[fractal-stalk] epoch 30/30 train_acc=0.9881 val_acc=0.9850 (best=0.9850@ep29)
[gate1-ood] fixed_T6_unroll acc=0.5021 hard_neg=1.0000
[gate1-ood] T=8 unroll_acc=0.6750 hard_neg=1.0000 K16=0.0
[gate1-ood] T=12 unroll_acc=0.8333 hard_neg=1.0000 K16=0.0
[gate1-ood] T=16 unroll_acc=0.9771 hard_neg=1.0000 K16=0.925
[gate1] wrote artifacts/fractal_core_stalk_gate1_matched_ood.json
[gate1] prereg pass=True hard_neg_T16=1.0000 (≥0.98) K16_T16=0.9250 (≥0.8)
