/workspace/geo-recurrence-testbed/.venv/lib/python3.13/site-packages/torch/_subclasses/functional_tensor.py:368: UserWarning: Failed to initialize NumPy: No module named 'numpy' (Triggered internally at /__w/pytorch/pytorch/torch/csrc/utils/tensor_numpy.cpp:84.)
  cpu = _conversion_method_template(device=torch.device("cpu"))
[sheaf-infer] params=123206 parity_ok=True d=64 mlp=12 T=6 lr=0.0015 clip=2.5 gate=ste@θ=0.5 recon_w=1.0
[sheaf-infer] epoch 1/30 train_acc=1.0000 recon=1.0000 val_acc=1.0000 (best=1.0000@ep1)
[sheaf-infer] epoch 2/30 train_acc=1.0000 recon=1.0000 val_acc=1.0000 (best=1.0000@ep1)
[sheaf-infer] epoch 3/30 train_acc=1.0000 recon=1.0000 val_acc=1.0000 (best=1.0000@ep1)
[sheaf-infer] epoch 4/30 train_acc=1.0000 recon=1.0000 val_acc=1.0000 (best=1.0000@ep1)
[sheaf-infer] epoch 5/30 train_acc=1.0000 recon=1.0000 val_acc=1.0000 (best=1.0000@ep1)
[sheaf-infer] epoch 6/30 train_acc=1.0000 recon=1.0000 val_acc=1.0000 (best=1.0000@ep1)
[sheaf-infer] epoch 7/30 train_acc=1.0000 recon=1.0000 val_acc=1.0000 (best=1.0000@ep1)
[sheaf-infer] epoch 8/30 train_acc=1.0000 recon=1.0000 val_acc=1.0000 (best=1.0000@ep1)
[sheaf-infer] epoch 9/30 train_acc=1.0000 recon=1.0000 val_acc=1.0000 (best=1.0000@ep1)
[sheaf-infer] epoch 10/30 train_acc=1.0000 recon=1.0000 val_acc=1.0000 (best=1.0000@ep1)
[sheaf-infer] epoch 11/30 train_acc=1.0000 recon=1.0000 val_acc=1.0000 (best=1.0000@ep1)
[sheaf-infer] epoch 12/30 train_acc=1.0000 recon=1.0000 val_acc=1.0000 (best=1.0000@ep1)
[sheaf-infer] epoch 13/30 train_acc=1.0000 recon=1.0000 val_acc=1.0000 (best=1.0000@ep1)
[sheaf-infer] epoch 14/30 train_acc=1.0000 recon=1.0000 val_acc=1.0000 (best=1.0000@ep1)
[sheaf-infer] epoch 15/30 train_acc=1.0000 recon=1.0000 val_acc=1.0000 (best=1.0000@ep1)
[sheaf-infer] epoch 16/30 train_acc=1.0000 recon=1.0000 val_acc=1.0000 (best=1.0000@ep1)
[sheaf-infer] epoch 17/30 train_acc=1.0000 recon=1.0000 val_acc=1.0000 (best=1.0000@ep1)
[sheaf-infer] epoch 18/30 train_acc=1.0000 recon=1.0000 val_acc=1.0000 (best=1.0000@ep1)
[sheaf-infer] epoch 19/30 train_acc=1.0000 recon=1.0000 val_acc=1.0000 (best=1.0000@ep1)
[sheaf-infer] epoch 20/30 train_acc=1.0000 recon=1.0000 val_acc=1.0000 (best=1.0000@ep1)
[sheaf-infer] epoch 21/30 train_acc=1.0000 recon=1.0000 val_acc=1.0000 (best=1.0000@ep1)
[sheaf-infer] epoch 22/30 train_acc=1.0000 recon=1.0000 val_acc=1.0000 (best=1.0000@ep1)
[sheaf-infer] epoch 23/30 train_acc=1.0000 recon=1.0000 val_acc=1.0000 (best=1.0000@ep1)
[sheaf-infer] epoch 24/30 train_acc=1.0000 recon=1.0000 val_acc=1.0000 (best=1.0000@ep1)
[sheaf-infer] epoch 25/30 train_acc=1.0000 recon=1.0000 val_acc=1.0000 (best=1.0000@ep1)
[sheaf-infer] epoch 26/30 train_acc=1.0000 recon=1.0000 val_acc=1.0000 (best=1.0000@ep1)
[sheaf-infer] epoch 27/30 train_acc=1.0000 recon=1.0000 val_acc=1.0000 (best=1.0000@ep1)
[sheaf-infer] epoch 28/30 train_acc=1.0000 recon=1.0000 val_acc=1.0000 (best=1.0000@ep1)
[sheaf-infer] epoch 29/30 train_acc=1.0000 recon=1.0000 val_acc=1.0000 (best=1.0000@ep1)
[sheaf-infer] epoch 30/30 train_acc=1.0000 recon=1.0000 val_acc=1.0000 (best=1.0000@ep1)
[gate1-ood] T=6 unroll_acc=0.5000 hard_neg=1.0000 K16=0.0
[gate1-ood] T=8 unroll_acc=0.6667 hard_neg=1.0000 K16=0.0
[gate1-ood] T=12 unroll_acc=0.8333 hard_neg=1.0000 K16=0.0
[gate1-ood] T=16 unroll_acc=1.0000 hard_neg=1.0000 K16=1.0
[gate1] wrote artifacts/sheaf_infer_matched_ood.json
[gate1] prereg pass=True hard_neg_T16=1.0000 (≥0.95) K16_T16=1.0000 (≥0.75)
