/workspace/geo-recurrence-testbed/.venv/lib/python3.13/site-packages/torch/_subclasses/functional_tensor.py:368: UserWarning: Failed to initialize NumPy: No module named 'numpy' (Triggered internally at /__w/pytorch/pytorch/torch/csrc/utils/tensor_numpy.cpp:84.)
  cpu = _conversion_method_template(device=torch.device("cpu"))
[stalk-epi] AUDIT loading #14/#18 ensemble n=10
[stalk-epi] AUDIT matched-OOD T16 ensemble bag
[stalk-epi] AUDIT matched-OOD T16 SWA bag
[stalk-epi] TRAIN multi-hyp seed=0 → artifacts/fractal_core_stalk_epistemic_disagreement_seed0_best.pt
[stalk-epi] params=117766 parity_ok=True n_hyp=3 λ_js=0.5 T=6 lr=0.0015→0.00015 cosine clip=2.5 (NOT soft distill)
[stalk-epi] epoch 1/60 lr=0.0015 train_acc=0.7156 js=0.0071 val@T6=0.8275 sel@T16 HN=0.6250 ov=0.7900 (best@ep1 joint=0.7075)
[stalk-epi] epoch 2/60 lr=0.001499 train_acc=0.8694 js=0.0006 val@T6=0.8325 sel@T16 HN=0.7000 ov=0.8175 (best@ep2 joint=0.7588)
[stalk-epi] epoch 3/60 lr=0.0014962 train_acc=0.8725 js=0.0004 val@T6=0.8675 sel@T16 HN=0.8150 ov=0.8650 (best@ep3 joint=0.8400)
[stalk-epi] epoch 4/60 lr=0.0014914 train_acc=0.8844 js=0.0004 val@T6=0.8600 sel@T16 HN=0.7400 ov=0.8500 (best@ep3 joint=0.8400)
[stalk-epi] epoch 5/60 lr=0.0014847 train_acc=0.8875 js=0.0003 val@T6=0.8625 sel@T16 HN=0.9100 ov=0.7725 (best@ep5 joint=0.8413)
[stalk-epi] epoch 6/60 lr=0.0014762 train_acc=0.8888 js=0.0003 val@T6=0.8675 sel@T16 HN=0.8700 ov=0.8375 (best@ep6 joint=0.8538)
[stalk-epi] epoch 7/60 lr=0.0014658 train_acc=0.9038 js=0.0003 val@T6=0.8975 sel@T16 HN=0.9100 ov=0.8150 (best@ep7 joint=0.8625)
[stalk-epi] epoch 8/60 lr=0.0014537 train_acc=0.9019 js=0.0003 val@T6=0.9050 sel@T16 HN=0.8400 ov=0.8550 (best@ep7 joint=0.8625)
[stalk-epi] epoch 9/60 lr=0.0014397 train_acc=0.9187 js=0.0003 val@T6=0.8975 sel@T16 HN=0.8950 ov=0.7675 (best@ep7 joint=0.8625)
[stalk-epi] epoch 10/60 lr=0.001424 train_acc=0.9187 js=0.0002 val@T6=0.9150 sel@T16 HN=0.9400 ov=0.8375 (best@ep10 joint=0.8887)
[stalk-epi] epoch 11/60 lr=0.0014065 train_acc=0.9306 js=0.0002 val@T6=0.9025 sel@T16 HN=0.9050 ov=0.7350 (best@ep10 joint=0.8887)
[stalk-epi] epoch 12/60 lr=0.0013875 train_acc=0.9275 js=0.0002 val@T6=0.9150 sel@T16 HN=0.9600 ov=0.7575 (best@ep10 joint=0.8887)
[stalk-epi] epoch 13/60 lr=0.0013668 train_acc=0.9250 js=0.0002 val@T6=0.8975 sel@T16 HN=0.9750 ov=0.7125 (best@ep10 joint=0.8887)
[stalk-epi] epoch 14/60 lr=0.0013446 train_acc=0.9356 js=0.0002 val@T6=0.9125 sel@T16 HN=0.9250 ov=0.8925 (best@ep14 joint=0.9087)
[stalk-epi] epoch 15/60 lr=0.001321 train_acc=0.9481 js=0.0001 val@T6=0.9450 sel@T16 HN=0.9400 ov=0.7625 (best@ep14 joint=0.9087)
[stalk-epi] epoch 16/60 lr=0.0012959 train_acc=0.9450 js=0.0001 val@T6=0.9350 sel@T16 HN=0.9350 ov=0.7225 (best@ep14 joint=0.9087)
[stalk-epi] epoch 17/60 lr=0.0012695 train_acc=0.9569 js=0.0001 val@T6=0.9400 sel@T16 HN=0.9600 ov=0.7375 (best@ep14 joint=0.9087)
[stalk-epi] epoch 18/60 lr=0.0012418 train_acc=0.9569 js=0.0001 val@T6=0.9325 sel@T16 HN=0.9500 ov=0.8150 (best@ep14 joint=0.9087)
[stalk-epi] epoch 19/60 lr=0.001213 train_acc=0.9356 js=0.0002 val@T6=0.9300 sel@T16 HN=0.9650 ov=0.7200 (best@ep14 joint=0.9087)
[stalk-epi] epoch 20/60 lr=0.001183 train_acc=0.9506 js=0.0002 val@T6=0.9400 sel@T16 HN=0.9750 ov=0.7250 (best@ep14 joint=0.9087)
[stalk-epi] epoch 21/60 lr=0.0011521 train_acc=0.9556 js=0.0001 val@T6=0.9550 sel@T16 HN=0.9750 ov=0.7775 (best@ep14 joint=0.9087)
[stalk-epi] epoch 22/60 lr=0.0011202 train_acc=0.9625 js=0.0001 val@T6=0.9475 sel@T16 HN=0.9700 ov=0.7825 (best@ep14 joint=0.9087)
[stalk-epi] epoch 23/60 lr=0.0010875 train_acc=0.9669 js=0.0001 val@T6=0.9650 sel@T16 HN=0.9850 ov=0.7850 (best@ep14 joint=0.9087)
[stalk-epi] epoch 24/60 lr=0.001054 train_acc=0.9725 js=0.0001 val@T6=0.9650 sel@T16 HN=0.9950 ov=0.7450 (best@ep14 joint=0.9087)
[stalk-epi] epoch 25/60 lr=0.0010199 train_acc=0.9756 js=0.0000 val@T6=0.9675 sel@T16 HN=0.9950 ov=0.7125 (best@ep14 joint=0.9087)
[stalk-epi] epoch 26/60 lr=0.0009852 train_acc=0.9769 js=0.0000 val@T6=0.9600 sel@T16 HN=1.0000 ov=0.7025 (best@ep14 joint=0.9087)
[stalk-epi] epoch 27/60 lr=0.00095007 train_acc=0.9481 js=0.0001 val@T6=0.9450 sel@T16 HN=0.7050 ov=0.6550 (best@ep14 joint=0.9087)
[stalk-epi] epoch 28/60 lr=0.00091459 train_acc=0.9413 js=0.0002 val@T6=0.9550 sel@T16 HN=1.0000 ov=0.6500 (best@ep14 joint=0.9087)
[stalk-epi] epoch 29/60 lr=0.00087886 train_acc=0.9513 js=0.0001 val@T6=0.9525 sel@T16 HN=1.0000 ov=0.6800 (best@ep14 joint=0.9087)
[stalk-epi] epoch 30/60 lr=0.00084297 train_acc=0.9581 js=0.0001 val@T6=0.9375 sel@T16 HN=1.0000 ov=0.6525 (best@ep14 joint=0.9087)
[stalk-epi] epoch 31/60 lr=0.00080703 train_acc=0.9625 js=0.0001 val@T6=0.9550 sel@T16 HN=1.0000 ov=0.6750 (best@ep14 joint=0.9087)
[stalk-epi] epoch 32/60 lr=0.00077114 train_acc=0.9663 js=0.0001 val@T6=0.9475 sel@T16 HN=1.0000 ov=0.6675 (best@ep14 joint=0.9087)
[stalk-epi] epoch 33/60 lr=0.00073541 train_acc=0.9644 js=0.0001 val@T6=0.9625 sel@T16 HN=1.0000 ov=0.6875 (best@ep14 joint=0.9087)
[stalk-epi] epoch 34/60 lr=0.00069993 train_acc=0.9694 js=0.0001 val@T6=0.9575 sel@T16 HN=1.0000 ov=0.6750 (best@ep14 joint=0.9087)
[stalk-epi] epoch 35/60 lr=0.0006648 train_acc=0.9712 js=0.0001 val@T6=0.9550 sel@T16 HN=1.0000 ov=0.6800 (best@ep14 joint=0.9087)
[stalk-epi] epoch 36/60 lr=0.00063013 train_acc=0.9712 js=0.0000 val@T6=0.9575 sel@T16 HN=1.0000 ov=0.7300 (best@ep14 joint=0.9087)
[stalk-epi] epoch 37/60 lr=0.00059601 train_acc=0.9681 js=0.0001 val@T6=0.9525 sel@T16 HN=1.0000 ov=0.6875 (best@ep14 joint=0.9087)
[stalk-epi] epoch 38/60 lr=0.00056254 train_acc=0.9744 js=0.0000 val@T6=0.9525 sel@T16 HN=1.0000 ov=0.6775 (best@ep14 joint=0.9087)
[stalk-epi] epoch 39/60 lr=0.00052982 train_acc=0.9731 js=0.0000 val@T6=0.9550 sel@T16 HN=1.0000 ov=0.6950 (best@ep14 joint=0.9087)
[stalk-epi] epoch 40/60 lr=0.00049793 train_acc=0.9738 js=0.0000 val@T6=0.9575 sel@T16 HN=1.0000 ov=0.6975 (best@ep14 joint=0.9087)
[stalk-epi] epoch 41/60 lr=0.00046697 train_acc=0.9744 js=0.0000 val@T6=0.9550 sel@T16 HN=1.0000 ov=0.6875 (best@ep14 joint=0.9087)
[stalk-epi] epoch 42/60 lr=0.00043702 train_acc=0.9731 js=0.0000 val@T6=0.9525 sel@T16 HN=1.0000 ov=0.6850 (best@ep14 joint=0.9087)
[stalk-epi] epoch 43/60 lr=0.00040817 train_acc=0.9719 js=0.0000 val@T6=0.9525 sel@T16 HN=1.0000 ov=0.6875 (best@ep14 joint=0.9087)
[stalk-epi] epoch 44/60 lr=0.0003805 train_acc=0.9756 js=0.0000 val@T6=0.9525 sel@T16 HN=1.0000 ov=0.6800 (best@ep14 joint=0.9087)
[stalk-epi] epoch 45/60 lr=0.0003541 train_acc=0.9750 js=0.0000 val@T6=0.9525 sel@T16 HN=1.0000 ov=0.6825 (best@ep14 joint=0.9087)
[stalk-epi] epoch 46/60 lr=0.00032903 train_acc=0.9762 js=0.0000 val@T6=0.9475 sel@T16 HN=1.0000 ov=0.6900 (best@ep14 joint=0.9087)
[stalk-epi] epoch 47/60 lr=0.00030536 train_acc=0.9744 js=0.0000 val@T6=0.9525 sel@T16 HN=1.0000 ov=0.6900 (best@ep14 joint=0.9087)
[stalk-epi] epoch 48/60 lr=0.00028317 train_acc=0.9762 js=0.0000 val@T6=0.9525 sel@T16 HN=1.0000 ov=0.6975 (best@ep14 joint=0.9087)
[stalk-epi] epoch 49/60 lr=0.00026251 train_acc=0.9756 js=0.0000 val@T6=0.9525 sel@T16 HN=1.0000 ov=0.7125 (best@ep14 joint=0.9087)
[stalk-epi] epoch 50/60 lr=0.00024345 train_acc=0.9762 js=0.0000 val@T6=0.9525 sel@T16 HN=1.0000 ov=0.7000 (best@ep14 joint=0.9087)
[stalk-epi] epoch 51/60 lr=0.00022604 train_acc=0.9775 js=0.0000 val@T6=0.9475 sel@T16 HN=1.0000 ov=0.6975 (best@ep14 joint=0.9087)
[stalk-epi] epoch 52/60 lr=0.00021032 train_acc=0.9769 js=0.0000 val@T6=0.9650 sel@T16 HN=1.0000 ov=0.7325 (best@ep14 joint=0.9087)
[stalk-epi] epoch 53/60 lr=0.00019635 train_acc=0.9775 js=0.0000 val@T6=0.9525 sel@T16 HN=1.0000 ov=0.6975 (best@ep14 joint=0.9087)
[stalk-epi] epoch 54/60 lr=0.00018416 train_acc=0.9781 js=0.0000 val@T6=0.9500 sel@T16 HN=1.0000 ov=0.6975 (best@ep14 joint=0.9087)
[stalk-epi] epoch 55/60 lr=0.00017378 train_acc=0.9800 js=0.0000 val@T6=0.9575 sel@T16 HN=1.0000 ov=0.6975 (best@ep14 joint=0.9087)
[stalk-epi] epoch 56/60 lr=0.00016525 train_acc=0.9781 js=0.0000 val@T6=0.9575 sel@T16 HN=1.0000 ov=0.7125 (best@ep14 joint=0.9087)
[stalk-epi] epoch 57/60 lr=0.00015859 train_acc=0.9794 js=0.0000 val@T6=0.9550 sel@T16 HN=1.0000 ov=0.6900 (best@ep14 joint=0.9087)
[stalk-epi] epoch 58/60 lr=0.00015382 train_acc=0.9794 js=0.0000 val@T6=0.9575 sel@T16 HN=1.0000 ov=0.7050 (best@ep14 joint=0.9087)
[stalk-epi] epoch 59/60 lr=0.00015096 train_acc=0.9800 js=0.0000 val@T6=0.9575 sel@T16 HN=1.0000 ov=0.7050 (best@ep14 joint=0.9087)
[stalk-epi] epoch 60/60 lr=0.00015 train_acc=0.9812 js=0.0000 val@T6=0.9600 sel@T16 HN=1.0000 ov=0.7150 (best@ep14 joint=0.9087)
[stalk-epi] TRAIN multi-hyp seed=1 → artifacts/fractal_core_stalk_epistemic_disagreement_seed1_best.pt
[stalk-epi] params=117766 parity_ok=True n_hyp=3 λ_js=0.5 T=6 lr=0.0015→0.00015 cosine clip=2.5 (NOT soft distill)
[stalk-epi] epoch 1/60 lr=0.0015 train_acc=0.6894 js=0.0051 val@T6=0.8300 sel@T16 HN=0.6800 ov=0.8225 (best@ep1 joint=0.7512)
[stalk-epi] epoch 2/60 lr=0.001499 train_acc=0.8087 js=0.0006 val@T6=0.8500 sel@T16 HN=0.8150 ov=0.8050 (best@ep2 joint=0.8100)
[stalk-epi] epoch 3/60 lr=0.0014962 train_acc=0.8650 js=0.0003 val@T6=0.8500 sel@T16 HN=0.9750 ov=0.7075 (best@ep3 joint=0.8413)
[stalk-epi] epoch 4/60 lr=0.0014914 train_acc=0.8944 js=0.0003 val@T6=0.8825 sel@T16 HN=1.0000 ov=0.6600 (best@ep3 joint=0.8413)
[stalk-epi] epoch 5/60 lr=0.0014847 train_acc=0.9025 js=0.0002 val@T6=0.8775 sel@T16 HN=1.0000 ov=0.6200 (best@ep3 joint=0.8413)
[stalk-epi] epoch 6/60 lr=0.0014762 train_acc=0.8938 js=0.0002 val@T6=0.8950 sel@T16 HN=1.0000 ov=0.6775 (best@ep3 joint=0.8413)
[stalk-epi] epoch 7/60 lr=0.0014658 train_acc=0.9213 js=0.0001 val@T6=0.8875 sel@T16 HN=1.0000 ov=0.6450 (best@ep3 joint=0.8413)
[stalk-epi] epoch 8/60 lr=0.0014537 train_acc=0.9325 js=0.0001 val@T6=0.9075 sel@T16 HN=1.0000 ov=0.7250 (best@ep8 joint=0.8625)
[stalk-epi] epoch 9/60 lr=0.0014397 train_acc=0.9406 js=0.0001 val@T6=0.9025 sel@T16 HN=1.0000 ov=0.6300 (best@ep8 joint=0.8625)
[stalk-epi] epoch 10/60 lr=0.001424 train_acc=0.9456 js=0.0001 val@T6=0.9300 sel@T16 HN=1.0000 ov=0.5450 (best@ep8 joint=0.8625)
[stalk-epi] epoch 11/60 lr=0.0014065 train_acc=0.9481 js=0.0001 val@T6=0.9375 sel@T16 HN=1.0000 ov=0.6275 (best@ep8 joint=0.8625)
[stalk-epi] epoch 12/60 lr=0.0013875 train_acc=0.9513 js=0.0001 val@T6=0.9400 sel@T16 HN=1.0000 ov=0.6475 (best@ep8 joint=0.8625)
[stalk-epi] epoch 13/60 lr=0.0013668 train_acc=0.9581 js=0.0001 val@T6=0.9400 sel@T16 HN=1.0000 ov=0.6150 (best@ep8 joint=0.8625)
[stalk-epi] epoch 14/60 lr=0.0013446 train_acc=0.9631 js=0.0001 val@T6=0.9525 sel@T16 HN=1.0000 ov=0.6275 (best@ep8 joint=0.8625)
[stalk-epi] epoch 15/60 lr=0.001321 train_acc=0.9537 js=0.0001 val@T6=0.9500 sel@T16 HN=1.0000 ov=0.6425 (best@ep8 joint=0.8625)
[stalk-epi] epoch 16/60 lr=0.0012959 train_acc=0.9625 js=0.0001 val@T6=0.9525 sel@T16 HN=1.0000 ov=0.5900 (best@ep8 joint=0.8625)
[stalk-epi] epoch 17/60 lr=0.0012695 train_acc=0.9606 js=0.0001 val@T6=0.9450 sel@T16 HN=1.0000 ov=0.6000 (best@ep8 joint=0.8625)
[stalk-epi] epoch 18/60 lr=0.0012418 train_acc=0.9594 js=0.0001 val@T6=0.9500 sel@T16 HN=1.0000 ov=0.6025 (best@ep8 joint=0.8625)
[stalk-epi] epoch 19/60 lr=0.001213 train_acc=0.9631 js=0.0001 val@T6=0.9475 sel@T16 HN=0.9750 ov=0.6050 (best@ep8 joint=0.8625)
[stalk-epi] epoch 20/60 lr=0.001183 train_acc=0.9631 js=0.0000 val@T6=0.9475 sel@T16 HN=1.0000 ov=0.6650 (best@ep8 joint=0.8625)
[stalk-epi] epoch 21/60 lr=0.0011521 train_acc=0.9663 js=0.0000 val@T6=0.9300 sel@T16 HN=1.0000 ov=0.6900 (best@ep8 joint=0.8625)
[stalk-epi] epoch 22/60 lr=0.0011202 train_acc=0.9606 js=0.0000 val@T6=0.9500 sel@T16 HN=1.0000 ov=0.6000 (best@ep8 joint=0.8625)
[stalk-epi] epoch 23/60 lr=0.0010875 train_acc=0.9631 js=0.0000 val@T6=0.9400 sel@T16 HN=1.0000 ov=0.5775 (best@ep8 joint=0.8625)
[stalk-epi] epoch 24/60 lr=0.001054 train_acc=0.9637 js=0.0000 val@T6=0.9400 sel@T16 HN=1.0000 ov=0.5325 (best@ep8 joint=0.8625)
[stalk-epi] epoch 25/60 lr=0.0010199 train_acc=0.9688 js=0.0000 val@T6=0.9450 sel@T16 HN=1.0000 ov=0.6400 (best@ep8 joint=0.8625)
[stalk-epi] epoch 26/60 lr=0.0009852 train_acc=0.9706 js=0.0000 val@T6=0.9475 sel@T16 HN=1.0000 ov=0.6550 (best@ep8 joint=0.8625)
[stalk-epi] epoch 27/60 lr=0.00095007 train_acc=0.9725 js=0.0000 val@T6=0.9525 sel@T16 HN=1.0000 ov=0.6800 (best@ep8 joint=0.8625)
[stalk-epi] epoch 28/60 lr=0.00091459 train_acc=0.9688 js=0.0000 val@T6=0.9575 sel@T16 HN=1.0000 ov=0.7025 (best@ep8 joint=0.8625)
[stalk-epi] epoch 29/60 lr=0.00087886 train_acc=0.9706 js=0.0000 val@T6=0.9450 sel@T16 HN=1.0000 ov=0.7350 (best@ep29 joint=0.8675)
[stalk-epi] epoch 30/60 lr=0.00084297 train_acc=0.9644 js=0.0000 val@T6=0.9500 sel@T16 HN=1.0000 ov=0.7275 (best@ep29 joint=0.8675)
[stalk-epi] epoch 31/60 lr=0.00080703 train_acc=0.9681 js=0.0000 val@T6=0.9450 sel@T16 HN=1.0000 ov=0.7225 (best@ep29 joint=0.8675)
[stalk-epi] epoch 32/60 lr=0.00077114 train_acc=0.9731 js=0.0000 val@T6=0.9350 sel@T16 HN=1.0000 ov=0.7425 (best@ep32 joint=0.8713)
[stalk-epi] epoch 33/60 lr=0.00073541 train_acc=0.9731 js=0.0000 val@T6=0.9525 sel@T16 HN=1.0000 ov=0.6775 (best@ep32 joint=0.8713)
[stalk-epi] epoch 34/60 lr=0.00069993 train_acc=0.9700 js=0.0000 val@T6=0.9525 sel@T16 HN=1.0000 ov=0.7375 (best@ep32 joint=0.8713)
[stalk-epi] epoch 35/60 lr=0.0006648 train_acc=0.9719 js=0.0000 val@T6=0.9450 sel@T16 HN=0.9800 ov=0.6875 (best@ep32 joint=0.8713)
[stalk-epi] epoch 36/60 lr=0.00063013 train_acc=0.9725 js=0.0000 val@T6=0.9525 sel@T16 HN=1.0000 ov=0.7175 (best@ep32 joint=0.8713)
[stalk-epi] epoch 37/60 lr=0.00059601 train_acc=0.9744 js=0.0000 val@T6=0.9425 sel@T16 HN=1.0000 ov=0.6050 (best@ep32 joint=0.8713)
[stalk-epi] epoch 38/60 lr=0.00056254 train_acc=0.9731 js=0.0000 val@T6=0.9475 sel@T16 HN=1.0000 ov=0.6475 (best@ep32 joint=0.8713)
[stalk-epi] epoch 39/60 lr=0.00052982 train_acc=0.9750 js=0.0000 val@T6=0.9475 sel@T16 HN=1.0000 ov=0.7050 (best@ep32 joint=0.8713)
[stalk-epi] epoch 40/60 lr=0.00049793 train_acc=0.9744 js=0.0000 val@T6=0.9475 sel@T16 HN=1.0000 ov=0.7200 (best@ep32 joint=0.8713)
[stalk-epi] epoch 41/60 lr=0.00046697 train_acc=0.9756 js=0.0000 val@T6=0.9475 sel@T16 HN=0.9800 ov=0.7650 (best@ep41 joint=0.8725)
[stalk-epi] epoch 42/60 lr=0.00043702 train_acc=0.9719 js=0.0000 val@T6=0.9475 sel@T16 HN=1.0000 ov=0.7025 (best@ep41 joint=0.8725)
[stalk-epi] epoch 43/60 lr=0.00040817 train_acc=0.9738 js=0.0000 val@T6=0.9475 sel@T16 HN=1.0000 ov=0.7300 (best@ep41 joint=0.8725)
[stalk-epi] epoch 44/60 lr=0.0003805 train_acc=0.9725 js=0.0000 val@T6=0.9475 sel@T16 HN=1.0000 ov=0.7550 (best@ep44 joint=0.8775)
[stalk-epi] epoch 45/60 lr=0.0003541 train_acc=0.9762 js=0.0000 val@T6=0.9475 sel@T16 HN=1.0000 ov=0.7550 (best@ep44 joint=0.8775)
[stalk-epi] epoch 46/60 lr=0.00032903 train_acc=0.9744 js=0.0000 val@T6=0.9500 sel@T16 HN=1.0000 ov=0.7425 (best@ep44 joint=0.8775)
[stalk-epi] epoch 47/60 lr=0.00030536 train_acc=0.9775 js=0.0000 val@T6=0.9450 sel@T16 HN=1.0000 ov=0.7075 (best@ep44 joint=0.8775)
[stalk-epi] epoch 48/60 lr=0.00028317 train_acc=0.9719 js=0.0000 val@T6=0.9475 sel@T16 HN=1.0000 ov=0.7300 (best@ep44 joint=0.8775)
[stalk-epi] epoch 49/60 lr=0.00026251 train_acc=0.9762 js=0.0000 val@T6=0.9500 sel@T16 HN=1.0000 ov=0.7300 (best@ep44 joint=0.8775)
[stalk-epi] epoch 50/60 lr=0.00024345 train_acc=0.9781 js=0.0000 val@T6=0.9475 sel@T16 HN=1.0000 ov=0.7225 (best@ep44 joint=0.8775)
[stalk-epi] epoch 51/60 lr=0.00022604 train_acc=0.9738 js=0.0000 val@T6=0.9450 sel@T16 HN=1.0000 ov=0.7175 (best@ep44 joint=0.8775)
[stalk-epi] epoch 52/60 lr=0.00021032 train_acc=0.9775 js=0.0000 val@T6=0.9450 sel@T16 HN=1.0000 ov=0.6475 (best@ep44 joint=0.8775)
[stalk-epi] epoch 53/60 lr=0.00019635 train_acc=0.9788 js=0.0000 val@T6=0.9450 sel@T16 HN=1.0000 ov=0.7125 (best@ep44 joint=0.8775)
[stalk-epi] epoch 54/60 lr=0.00018416 train_acc=0.9769 js=0.0000 val@T6=0.9425 sel@T16 HN=1.0000 ov=0.7175 (best@ep44 joint=0.8775)
[stalk-epi] epoch 55/60 lr=0.00017378 train_acc=0.9762 js=0.0000 val@T6=0.9475 sel@T16 HN=0.9750 ov=0.7350 (best@ep44 joint=0.8775)
[stalk-epi] epoch 56/60 lr=0.00016525 train_acc=0.9769 js=0.0000 val@T6=0.9450 sel@T16 HN=1.0000 ov=0.7300 (best@ep44 joint=0.8775)
[stalk-epi] epoch 57/60 lr=0.00015859 train_acc=0.9769 js=0.0000 val@T6=0.9475 sel@T16 HN=1.0000 ov=0.7400 (best@ep44 joint=0.8775)
[stalk-epi] epoch 58/60 lr=0.00015382 train_acc=0.9762 js=0.0000 val@T6=0.9400 sel@T16 HN=1.0000 ov=0.7150 (best@ep44 joint=0.8775)
[stalk-epi] epoch 59/60 lr=0.00015096 train_acc=0.9744 js=0.0000 val@T6=0.9475 sel@T16 HN=1.0000 ov=0.7475 (best@ep44 joint=0.8775)
[stalk-epi] epoch 60/60 lr=0.00015 train_acc=0.9762 js=0.0000 val@T6=0.9450 sel@T16 HN=1.0000 ov=0.7325 (best@ep44 joint=0.8775)
[stalk-epi] TRAIN multi-hyp seed=2 → artifacts/fractal_core_stalk_epistemic_disagreement_seed2_best.pt
[stalk-epi] params=117766 parity_ok=True n_hyp=3 λ_js=0.5 T=6 lr=0.0015→0.00015 cosine clip=2.5 (NOT soft distill)
[stalk-epi] epoch 1/60 lr=0.0015 train_acc=0.6913 js=0.0058 val@T6=0.8425 sel@T16 HN=0.7550 ov=0.8400 (best@ep1 joint=0.7975)
[stalk-epi] epoch 2/60 lr=0.001499 train_acc=0.8556 js=0.0005 val@T6=0.8650 sel@T16 HN=0.7200 ov=0.8225 (best@ep1 joint=0.7975)
[stalk-epi] epoch 3/60 lr=0.0014962 train_acc=0.8894 js=0.0003 val@T6=0.8825 sel@T16 HN=0.9200 ov=0.8625 (best@ep3 joint=0.8913)
[stalk-epi] epoch 4/60 lr=0.0014914 train_acc=0.9100 js=0.0002 val@T6=0.8875 sel@T16 HN=0.8550 ov=0.8700 (best@ep3 joint=0.8913)
[stalk-epi] epoch 5/60 lr=0.0014847 train_acc=0.8988 js=0.0002 val@T6=0.8725 sel@T16 HN=0.9150 ov=0.8750 (best@ep5 joint=0.8950)
[stalk-epi] epoch 6/60 lr=0.0014762 train_acc=0.9137 js=0.0002 val@T6=0.8850 sel@T16 HN=0.9150 ov=0.8775 (best@ep6 joint=0.8962)
[stalk-epi] epoch 7/60 lr=0.0014658 train_acc=0.9150 js=0.0001 val@T6=0.8800 sel@T16 HN=0.9500 ov=0.8300 (best@ep6 joint=0.8962)
[stalk-epi] epoch 8/60 lr=0.0014537 train_acc=0.9131 js=0.0002 val@T6=0.8950 sel@T16 HN=0.8750 ov=0.8625 (best@ep6 joint=0.8962)
[stalk-epi] epoch 9/60 lr=0.0014397 train_acc=0.9187 js=0.0001 val@T6=0.9100 sel@T16 HN=0.8650 ov=0.8850 (best@ep6 joint=0.8962)
[stalk-epi] epoch 10/60 lr=0.001424 train_acc=0.9394 js=0.0001 val@T6=0.9375 sel@T16 HN=0.9500 ov=0.9525 (best@ep10 joint=0.9512)
[stalk-epi] epoch 11/60 lr=0.0014065 train_acc=0.9506 js=0.0001 val@T6=0.9500 sel@T16 HN=0.9500 ov=0.9275 (best@ep10 joint=0.9512)
[stalk-epi] epoch 12/60 lr=0.0013875 train_acc=0.9550 js=0.0001 val@T6=0.9300 sel@T16 HN=0.9550 ov=0.8375 (best@ep10 joint=0.9512)
[stalk-epi] epoch 13/60 lr=0.0013668 train_acc=0.9450 js=0.0001 val@T6=0.8575 sel@T16 HN=0.8450 ov=0.8075 (best@ep10 joint=0.9512)
[stalk-epi] epoch 14/60 lr=0.0013446 train_acc=0.9356 js=0.0002 val@T6=0.9400 sel@T16 HN=0.9550 ov=0.9225 (best@ep10 joint=0.9512)
[stalk-epi] epoch 15/60 lr=0.001321 train_acc=0.9406 js=0.0001 val@T6=0.9525 sel@T16 HN=0.9500 ov=0.8925 (best@ep10 joint=0.9512)
[stalk-epi] epoch 16/60 lr=0.0012959 train_acc=0.9569 js=0.0000 val@T6=0.9550 sel@T16 HN=0.9550 ov=0.8850 (best@ep10 joint=0.9512)
[stalk-epi] epoch 17/60 lr=0.0012695 train_acc=0.9550 js=0.0001 val@T6=0.9525 sel@T16 HN=0.9550 ov=0.9125 (best@ep10 joint=0.9512)
[stalk-epi] epoch 18/60 lr=0.0012418 train_acc=0.9600 js=0.0000 val@T6=0.9325 sel@T16 HN=0.9550 ov=0.9025 (best@ep10 joint=0.9512)
[stalk-epi] epoch 19/60 lr=0.001213 train_acc=0.9575 js=0.0000 val@T6=0.9475 sel@T16 HN=0.9550 ov=0.9000 (best@ep10 joint=0.9512)
[stalk-epi] epoch 20/60 lr=0.001183 train_acc=0.9594 js=0.0000 val@T6=0.9425 sel@T16 HN=0.9500 ov=0.9225 (best@ep10 joint=0.9512)
[stalk-epi] epoch 21/60 lr=0.0011521 train_acc=0.9625 js=0.0000 val@T6=0.9525 sel@T16 HN=0.9550 ov=0.9150 (best@ep10 joint=0.9512)
[stalk-epi] epoch 22/60 lr=0.0011202 train_acc=0.9581 js=0.0000 val@T6=0.9475 sel@T16 HN=0.9550 ov=0.9275 (best@ep10 joint=0.9512)
[stalk-epi] epoch 23/60 lr=0.0010875 train_acc=0.9606 js=0.0000 val@T6=0.9550 sel@T16 HN=0.9500 ov=0.9300 (best@ep10 joint=0.9512)
[stalk-epi] epoch 24/60 lr=0.001054 train_acc=0.9625 js=0.0000 val@T6=0.9475 sel@T16 HN=0.9550 ov=0.9300 (best@ep10 joint=0.9512)
[stalk-epi] epoch 25/60 lr=0.0010199 train_acc=0.9619 js=0.0000 val@T6=0.9550 sel@T16 HN=0.9500 ov=0.9325 (best@ep10 joint=0.9512)
[stalk-epi] epoch 26/60 lr=0.0009852 train_acc=0.9631 js=0.0000 val@T6=0.9550 sel@T16 HN=0.9500 ov=0.9375 (best@ep10 joint=0.9512)
[stalk-epi] epoch 27/60 lr=0.00095007 train_acc=0.9625 js=0.0000 val@T6=0.9400 sel@T16 HN=0.7400 ov=0.8500 (best@ep10 joint=0.9512)
[stalk-epi] epoch 28/60 lr=0.00091459 train_acc=0.9631 js=0.0000 val@T6=0.9500 sel@T16 HN=0.8350 ov=0.9000 (best@ep10 joint=0.9512)
[stalk-epi] epoch 29/60 lr=0.00087886 train_acc=0.9600 js=0.0000 val@T6=0.9475 sel@T16 HN=0.9500 ov=0.9425 (best@ep10 joint=0.9512)
[stalk-epi] epoch 30/60 lr=0.00084297 train_acc=0.9631 js=0.0000 val@T6=0.9425 sel@T16 HN=0.9700 ov=0.8925 (best@ep10 joint=0.9512)
[stalk-epi] epoch 31/60 lr=0.00080703 train_acc=0.9631 js=0.0000 val@T6=0.9500 sel@T16 HN=0.9500 ov=0.9250 (best@ep10 joint=0.9512)
[stalk-epi] epoch 32/60 lr=0.00077114 train_acc=0.9594 js=0.0000 val@T6=0.9500 sel@T16 HN=0.9500 ov=0.9375 (best@ep10 joint=0.9512)
[stalk-epi] epoch 33/60 lr=0.00073541 train_acc=0.9625 js=0.0000 val@T6=0.9500 sel@T16 HN=0.9500 ov=0.9600 (best@ep33 joint=0.9550)
[stalk-epi] epoch 34/60 lr=0.00069993 train_acc=0.9631 js=0.0000 val@T6=0.9550 sel@T16 HN=0.9500 ov=0.9350 (best@ep33 joint=0.9550)
[stalk-epi] epoch 35/60 lr=0.0006648 train_acc=0.9669 js=0.0000 val@T6=0.9500 sel@T16 HN=0.9500 ov=0.9550 (best@ep33 joint=0.9550)
[stalk-epi] epoch 36/60 lr=0.00063013 train_acc=0.9650 js=0.0000 val@T6=0.9450 sel@T16 HN=0.9650 ov=0.9375 (best@ep33 joint=0.9550)
[stalk-epi] epoch 37/60 lr=0.00059601 train_acc=0.9656 js=0.0000 val@T6=0.9500 sel@T16 HN=0.9500 ov=0.9500 (best@ep33 joint=0.9550)
[stalk-epi] epoch 38/60 lr=0.00056254 train_acc=0.9631 js=0.0000 val@T6=0.9475 sel@T16 HN=0.9500 ov=0.9625 (best@ep38 joint=0.9563)
[stalk-epi] epoch 39/60 lr=0.00052982 train_acc=0.9631 js=0.0000 val@T6=0.9500 sel@T16 HN=0.9500 ov=0.9600 (best@ep38 joint=0.9563)
[stalk-epi] epoch 40/60 lr=0.00049793 train_acc=0.9644 js=0.0000 val@T6=0.9425 sel@T16 HN=0.9500 ov=0.9425 (best@ep38 joint=0.9563)
[stalk-epi] epoch 41/60 lr=0.00046697 train_acc=0.9656 js=0.0000 val@T6=0.9425 sel@T16 HN=0.9550 ov=0.9475 (best@ep38 joint=0.9563)
[stalk-epi] epoch 42/60 lr=0.00043702 train_acc=0.9644 js=0.0000 val@T6=0.9500 sel@T16 HN=0.9600 ov=0.9600 (best@ep42 joint=0.9600)
[stalk-epi] epoch 43/60 lr=0.00040817 train_acc=0.9663 js=0.0000 val@T6=0.9500 sel@T16 HN=0.9500 ov=0.9475 (best@ep42 joint=0.9600)
[stalk-epi] epoch 44/60 lr=0.0003805 train_acc=0.9656 js=0.0000 val@T6=0.9425 sel@T16 HN=0.9500 ov=0.9475 (best@ep42 joint=0.9600)
[stalk-epi] epoch 45/60 lr=0.0003541 train_acc=0.9669 js=0.0000 val@T6=0.9500 sel@T16 HN=0.9500 ov=0.9625 (best@ep42 joint=0.9600)
[stalk-epi] epoch 46/60 lr=0.00032903 train_acc=0.9631 js=0.0000 val@T6=0.9475 sel@T16 HN=0.9500 ov=0.9425 (best@ep42 joint=0.9600)
[stalk-epi] epoch 47/60 lr=0.00030536 train_acc=0.9663 js=0.0000 val@T6=0.9500 sel@T16 HN=0.9500 ov=0.9650 (best@ep42 joint=0.9600)
[stalk-epi] epoch 48/60 lr=0.00028317 train_acc=0.9637 js=0.0000 val@T6=0.9425 sel@T16 HN=0.9500 ov=0.9325 (best@ep42 joint=0.9600)
[stalk-epi] epoch 49/60 lr=0.00026251 train_acc=0.9631 js=0.0000 val@T6=0.9425 sel@T16 HN=0.9500 ov=0.9625 (best@ep42 joint=0.9600)
[stalk-epi] epoch 50/60 lr=0.00024345 train_acc=0.9625 js=0.0000 val@T6=0.9425 sel@T16 HN=0.9500 ov=0.9400 (best@ep42 joint=0.9600)
[stalk-epi] epoch 51/60 lr=0.00022604 train_acc=0.9656 js=0.0000 val@T6=0.9425 sel@T16 HN=0.9500 ov=0.9350 (best@ep42 joint=0.9600)
[stalk-epi] epoch 52/60 lr=0.00021032 train_acc=0.9669 js=0.0000 val@T6=0.9450 sel@T16 HN=0.9500 ov=0.9300 (best@ep42 joint=0.9600)
[stalk-epi] epoch 53/60 lr=0.00019635 train_acc=0.9663 js=0.0000 val@T6=0.9400 sel@T16 HN=0.9550 ov=0.9375 (best@ep42 joint=0.9600)
[stalk-epi] epoch 54/60 lr=0.00018416 train_acc=0.9663 js=0.0000 val@T6=0.9425 sel@T16 HN=0.9550 ov=0.9225 (best@ep42 joint=0.9600)
[stalk-epi] epoch 55/60 lr=0.00017378 train_acc=0.9644 js=0.0000 val@T6=0.9400 sel@T16 HN=0.9550 ov=0.9375 (best@ep42 joint=0.9600)
[stalk-epi] epoch 56/60 lr=0.00016525 train_acc=0.9656 js=0.0000 val@T6=0.9450 sel@T16 HN=0.9550 ov=0.9200 (best@ep42 joint=0.9600)
[stalk-epi] epoch 57/60 lr=0.00015859 train_acc=0.9650 js=0.0000 val@T6=0.9425 sel@T16 HN=0.9500 ov=0.9275 (best@ep42 joint=0.9600)
[stalk-epi] epoch 58/60 lr=0.00015382 train_acc=0.9656 js=0.0000 val@T6=0.9450 sel@T16 HN=0.9550 ov=0.8950 (best@ep42 joint=0.9600)
[stalk-epi] epoch 59/60 lr=0.00015096 train_acc=0.9644 js=0.0000 val@T6=0.9425 sel@T16 HN=0.9550 ov=0.9200 (best@ep42 joint=0.9600)
[stalk-epi] epoch 60/60 lr=0.00015 train_acc=0.9663 js=0.0000 val@T6=0.9450 sel@T16 HN=0.9550 ov=0.9000 (best@ep42 joint=0.9600)
Traceback (most recent call last):
  File "<frozen runpy>", line 198, in _run_module_as_main
  File "<frozen runpy>", line 88, in _run_code
  File "/workspace/geo-recurrence-testbed/src/reachability_gen/run_stalk_epistemic_disagreement.py", line 1208, in <module>
    raise SystemExit(main())
                     ~~~~^^
  File "/workspace/geo-recurrence-testbed/src/reachability_gen/run_stalk_epistemic_disagreement.py", line 1193, in main
    report = run_cycle(
        id_data=args.id_data,
    ...<6 lines>...
        train_seeds=train_seeds,
    )
  File "/workspace/geo-recurrence-testbed/src/reachability_gen/run_stalk_epistemic_disagreement.py", line 877, in run_cycle
    matched = _eval_all_T(model, ood_rows, max_nodes=max_nodes, T_values=T_VALUES)
TypeError: _eval_all_T() got an unexpected keyword argument 'T_values'
/workspace/geo-recurrence-testbed/.venv/lib/python3.13/site-packages/torch/_subclasses/functional_tensor.py:368: UserWarning: Failed to initialize NumPy: No module named 'numpy' (Triggered internally at /__w/pytorch/pytorch/torch/csrc/utils/tensor_numpy.cpp:84.)
  cpu = _conversion_method_template(device=torch.device("cpu"))
[stalk-epi] AUDIT loading #14/#18 ensemble n=10
[stalk-epi] AUDIT matched-OOD T16 ensemble bag
[stalk-epi] AUDIT matched-OOD T16 SWA bag
[stalk-epi] wrote artifacts/stalk_epistemic_disagreement.json verdict=STOP audit=AUDIT_LIFTS_ON_DISAGREEMENT science_open=false elapsed=37.4s
{
  "verdict": "STOP",
  "audit_verdict": "AUDIT_LIFTS_ON_DISAGREEMENT",
  "science_open": false
}
--- re-eval after rides fallback ---
{
  "verdict": "STOP",
  "audit_verdict": "AUDIT_LIFTS_ON_DISAGREEMENT",
  "science_open": false
}
audit AUDIT_LIFTS_ON_DISAGREEMENT train STOP
ens rides True median_high_vs_low {'K16': 0.22133333333333327, 'hard_neg': 0.16421052631578947, 'overall': 0.1751968503937007}
swa rides True any_vs_none {'K16': 0.17931034482758612, 'hard_neg': 0.18279569892473113, 'overall': 0.1784810126582278}
mean hyp {'K12': 0.6666666666666666, 'K16': 0.7125, 'K8': 0.6708333333333334, 'hard_neg_acc': 0.9416666666666668, 'mean_within_head_disagreement': 0.009259259457596475, 'n_seeds': 3, 'overall_acc': 0.8125, 'seed_pass': 0, 'std_K16': 0.38303883615111406, 'std_hard_neg': 0.05833333333333335, 'std_overall': 0.14866302312426058}

---
exit_code: 0
elapsed_ms: 39150
ended_at: 2026-09-28T10:53:43.359Z
---
