/workspace/geo-recurrence-testbed/.venv/lib/python3.13/site-packages/torch/_subclasses/functional_tensor.py:368: UserWarning: Failed to initialize NumPy: No module named 'numpy' (Triggered internally at /__w/pytorch/pytorch/torch/csrc/utils/tensor_numpy.cpp:84.)
  cpu = _conversion_method_template(device=torch.device("cpu"))
[stalk-ens-distill] loaded 10 frozen teachers; caching soft labels on ID train @ T=6
[stalk-ens-distill] train student seed=0
[stalk-ens-distill] seed=0 params=117506 parity_ok=True α=0.5 τ=2.0 lr=0.0015→0.00015 cosine
[stalk-ens-distill] seed=0 epoch 1/60 lr=0.0015 loss=0.8754 ce=0.5576 kl=1.1932 acc=0.7137 val@T6=0.6875 sel@T16 HN=0.8500 ov=0.8500 (best@ep1 joint=0.8500)
[stalk-ens-distill] seed=0 epoch 2/60 lr=0.001499 loss=0.5145 ce=0.3832 kl=0.6457 acc=0.8556 val@T6=0.8625 sel@T16 HN=0.7350 ov=0.8450 (best@ep1 joint=0.8500)
[stalk-ens-distill] seed=0 epoch 3/60 lr=0.0014962 loss=0.3900 ce=0.3144 kl=0.4655 acc=0.8894 val@T6=0.8675 sel@T16 HN=0.7650 ov=0.8600 (best@ep1 joint=0.8500)
[stalk-ens-distill] seed=0 epoch 4/60 lr=0.0014914 loss=0.3308 ce=0.2774 kl=0.3842 acc=0.8906 val@T6=0.8900 sel@T16 HN=0.9150 ov=0.8900 (best@ep4 joint=0.9025)
[stalk-ens-distill] seed=0 epoch 5/60 lr=0.0014847 loss=0.2982 ce=0.2564 kl=0.3401 acc=0.9019 val@T6=0.8725 sel@T16 HN=0.7700 ov=0.8725 (best@ep4 joint=0.9025)
[stalk-ens-distill] seed=0 epoch 6/60 lr=0.0014762 loss=0.2857 ce=0.2534 kl=0.3180 acc=0.9069 val@T6=0.8800 sel@T16 HN=0.7650 ov=0.8650 (best@ep4 joint=0.9025)
[stalk-ens-distill] seed=0 epoch 7/60 lr=0.0014658 loss=0.2578 ce=0.2279 kl=0.2878 acc=0.9100 val@T6=0.8975 sel@T16 HN=0.9300 ov=0.8675 (best@ep4 joint=0.9025)
[stalk-ens-distill] seed=0 epoch 8/60 lr=0.0014537 loss=0.2036 ce=0.1909 kl=0.2163 acc=0.9237 val@T6=0.8900 sel@T16 HN=0.8750 ov=0.9300 (best@ep8 joint=0.9025)
[stalk-ens-distill] seed=0 epoch 9/60 lr=0.0014397 loss=0.2163 ce=0.1986 kl=0.2340 acc=0.9250 val@T6=0.9225 sel@T16 HN=0.9500 ov=0.8450 (best@ep8 joint=0.9025)
[stalk-ens-distill] seed=0 epoch 10/60 lr=0.001424 loss=0.1957 ce=0.1928 kl=0.1986 acc=0.9356 val@T6=0.9275 sel@T16 HN=0.9550 ov=0.8950 (best@ep10 joint=0.9250)
[stalk-ens-distill] seed=0 epoch 11/60 lr=0.0014065 loss=0.1261 ce=0.1387 kl=0.1135 acc=0.9563 val@T6=0.9400 sel@T16 HN=0.9350 ov=0.9250 (best@ep11 joint=0.9300)
[stalk-ens-distill] seed=0 epoch 12/60 lr=0.0013875 loss=0.1205 ce=0.1367 kl=0.1044 acc=0.9563 val@T6=0.9500 sel@T16 HN=0.9750 ov=0.9225 (best@ep12 joint=0.9487)
[stalk-ens-distill] seed=0 epoch 13/60 lr=0.0013668 loss=0.1007 ce=0.1158 kl=0.0855 acc=0.9613 val@T6=0.9425 sel@T16 HN=0.9750 ov=0.9650 (best@ep13 joint=0.9700)
[stalk-ens-distill] seed=0 epoch 14/60 lr=0.0013446 loss=0.1189 ce=0.1293 kl=0.1085 acc=0.9594 val@T6=0.9500 sel@T16 HN=0.9500 ov=0.9500 (best@ep13 joint=0.9700)
[stalk-ens-distill] seed=0 epoch 15/60 lr=0.001321 loss=0.1071 ce=0.1238 kl=0.0905 acc=0.9600 val@T6=0.9525 sel@T16 HN=0.9500 ov=0.9600 (best@ep13 joint=0.9700)
[stalk-ens-distill] seed=0 epoch 16/60 lr=0.0012959 loss=0.0973 ce=0.1118 kl=0.0827 acc=0.9625 val@T6=0.9575 sel@T16 HN=0.9500 ov=0.9675 (best@ep13 joint=0.9700)
[stalk-ens-distill] seed=0 epoch 17/60 lr=0.0012695 loss=0.0861 ce=0.1027 kl=0.0695 acc=0.9669 val@T6=0.9525 sel@T16 HN=0.9750 ov=0.9625 (best@ep13 joint=0.9700)
[stalk-ens-distill] seed=0 epoch 18/60 lr=0.0012418 loss=0.0917 ce=0.1062 kl=0.0772 acc=0.9656 val@T6=0.9600 sel@T16 HN=0.9500 ov=0.9700 (best@ep13 joint=0.9700)
[stalk-ens-distill] seed=0 epoch 19/60 lr=0.001213 loss=0.0848 ce=0.1023 kl=0.0672 acc=0.9625 val@T6=0.9600 sel@T16 HN=0.9600 ov=0.9700 (best@ep13 joint=0.9700)
[stalk-ens-distill] seed=0 epoch 20/60 lr=0.001183 loss=0.0831 ce=0.0997 kl=0.0665 acc=0.9644 val@T6=0.9500 sel@T16 HN=0.9600 ov=0.9750 (best@ep13 joint=0.9700)
[stalk-ens-distill] seed=0 epoch 21/60 lr=0.0011521 loss=0.0742 ce=0.0911 kl=0.0573 acc=0.9663 val@T6=0.9525 sel@T16 HN=0.9500 ov=0.9675 (best@ep13 joint=0.9700)
[stalk-ens-distill] seed=0 epoch 22/60 lr=0.0011202 loss=0.0692 ce=0.0865 kl=0.0519 acc=0.9681 val@T6=0.9650 sel@T16 HN=0.9600 ov=0.9700 (best@ep13 joint=0.9700)
[stalk-ens-distill] seed=0 epoch 23/60 lr=0.0010875 loss=0.0699 ce=0.0827 kl=0.0571 acc=0.9700 val@T6=0.9575 sel@T16 HN=0.9600 ov=0.9625 (best@ep13 joint=0.9700)
[stalk-ens-distill] seed=0 epoch 24/60 lr=0.001054 loss=0.0790 ce=0.0957 kl=0.0623 acc=0.9669 val@T6=0.9550 sel@T16 HN=0.9600 ov=0.9675 (best@ep13 joint=0.9700)
[stalk-ens-distill] seed=0 epoch 25/60 lr=0.0010199 loss=0.0691 ce=0.0834 kl=0.0549 acc=0.9656 val@T6=0.9550 sel@T16 HN=0.9700 ov=0.9750 (best@ep25 joint=0.9725)
[stalk-ens-distill] seed=0 epoch 26/60 lr=0.0009852 loss=0.0704 ce=0.0865 kl=0.0543 acc=0.9631 val@T6=0.9625 sel@T16 HN=0.9600 ov=0.9700 (best@ep25 joint=0.9725)
[stalk-ens-distill] seed=0 epoch 27/60 lr=0.00095007 loss=0.0467 ce=0.0566 kl=0.0368 acc=0.9769 val@T6=0.9725 sel@T16 HN=0.9950 ov=0.9900 (best@ep27 joint=0.9925)
[stalk-ens-distill] seed=0 epoch 28/60 lr=0.00091459 loss=0.0440 ce=0.0512 kl=0.0369 acc=0.9812 val@T6=0.9650 sel@T16 HN=0.9700 ov=0.9675 (best@ep27 joint=0.9925)
[stalk-ens-distill] seed=0 epoch 29/60 lr=0.00087886 loss=0.0351 ce=0.0454 kl=0.0248 acc=0.9869 val@T6=0.9650 sel@T16 HN=0.9950 ov=0.9850 (best@ep27 joint=0.9925)
[stalk-ens-distill] seed=0 epoch 30/60 lr=0.00084297 loss=0.0348 ce=0.0417 kl=0.0279 acc=0.9875 val@T6=0.9650 sel@T16 HN=0.9900 ov=0.9925 (best@ep27 joint=0.9925)
[stalk-ens-distill] seed=0 epoch 31/60 lr=0.00080703 loss=0.0355 ce=0.0447 kl=0.0264 acc=0.9825 val@T6=0.9750 sel@T16 HN=0.9700 ov=0.9775 (best@ep27 joint=0.9925)
[stalk-ens-distill] seed=0 epoch 32/60 lr=0.00077114 loss=0.0377 ce=0.0480 kl=0.0274 acc=0.9838 val@T6=0.9650 sel@T16 HN=0.9700 ov=0.9825 (best@ep27 joint=0.9925)
[stalk-ens-distill] seed=0 epoch 33/60 lr=0.00073541 loss=0.0371 ce=0.0481 kl=0.0261 acc=0.9825 val@T6=0.9725 sel@T16 HN=0.9950 ov=0.9950 (best@ep33 joint=0.9950)
[stalk-ens-distill] seed=0 epoch 34/60 lr=0.00069993 loss=0.0324 ce=0.0437 kl=0.0211 acc=0.9856 val@T6=0.9700 sel@T16 HN=0.9750 ov=0.9875 (best@ep33 joint=0.9950)
[stalk-ens-distill] seed=0 epoch 35/60 lr=0.0006648 loss=0.0315 ce=0.0409 kl=0.0220 acc=0.9831 val@T6=0.9650 sel@T16 HN=0.9700 ov=0.9825 (best@ep33 joint=0.9950)
[stalk-ens-distill] seed=0 epoch 36/60 lr=0.00063013 loss=0.0306 ce=0.0415 kl=0.0197 acc=0.9838 val@T6=0.9725 sel@T16 HN=0.9950 ov=0.9925 (best@ep33 joint=0.9950)
[stalk-ens-distill] seed=0 epoch 37/60 lr=0.00059601 loss=0.0311 ce=0.0422 kl=0.0200 acc=0.9850 val@T6=0.9700 sel@T16 HN=0.9900 ov=0.9925 (best@ep33 joint=0.9950)
[stalk-ens-distill] seed=0 epoch 38/60 lr=0.00056254 loss=0.0294 ce=0.0391 kl=0.0198 acc=0.9862 val@T6=0.9725 sel@T16 HN=0.9950 ov=0.9925 (best@ep33 joint=0.9950)
[stalk-ens-distill] seed=0 epoch 39/60 lr=0.00052982 loss=0.0299 ce=0.0399 kl=0.0199 acc=0.9856 val@T6=0.9700 sel@T16 HN=0.9700 ov=0.9800 (best@ep33 joint=0.9950)
[stalk-ens-distill] seed=0 epoch 40/60 lr=0.00049793 loss=0.0289 ce=0.0380 kl=0.0199 acc=0.9875 val@T6=0.9725 sel@T16 HN=0.9950 ov=0.9925 (best@ep33 joint=0.9950)
[stalk-ens-distill] seed=0 epoch 41/60 lr=0.00046697 loss=0.0265 ce=0.0347 kl=0.0183 acc=0.9894 val@T6=0.9725 sel@T16 HN=0.9950 ov=0.9925 (best@ep33 joint=0.9950)
[stalk-ens-distill] seed=0 epoch 42/60 lr=0.00043702 loss=0.0264 ce=0.0355 kl=0.0173 acc=0.9894 val@T6=0.9750 sel@T16 HN=0.9950 ov=0.9950 (best@ep33 joint=0.9950)
[stalk-ens-distill] seed=0 epoch 43/60 lr=0.00040817 loss=0.0260 ce=0.0321 kl=0.0198 acc=0.9912 val@T6=0.9725 sel@T16 HN=0.9950 ov=0.9950 (best@ep33 joint=0.9950)
[stalk-ens-distill] seed=0 epoch 44/60 lr=0.0003805 loss=0.0240 ce=0.0324 kl=0.0156 acc=0.9912 val@T6=0.9825 sel@T16 HN=0.9950 ov=0.9950 (best@ep33 joint=0.9950)
[stalk-ens-distill] seed=0 epoch 45/60 lr=0.0003541 loss=0.0256 ce=0.0336 kl=0.0175 acc=0.9888 val@T6=0.9775 sel@T16 HN=0.9950 ov=0.9950 (best@ep33 joint=0.9950)
[stalk-ens-distill] seed=0 epoch 46/60 lr=0.00032903 loss=0.0246 ce=0.0338 kl=0.0154 acc=0.9894 val@T6=0.9675 sel@T16 HN=0.9950 ov=0.9950 (best@ep33 joint=0.9950)
[stalk-ens-distill] seed=0 epoch 47/60 lr=0.00030536 loss=0.0245 ce=0.0339 kl=0.0150 acc=0.9888 val@T6=0.9800 sel@T16 HN=0.9950 ov=0.9975 (best@ep47 joint=0.9963)
[stalk-ens-distill] seed=0 epoch 48/60 lr=0.00028317 loss=0.0243 ce=0.0336 kl=0.0150 acc=0.9894 val@T6=0.9800 sel@T16 HN=0.9950 ov=0.9975 (best@ep47 joint=0.9963)
[stalk-ens-distill] seed=0 epoch 49/60 lr=0.00026251 loss=0.0238 ce=0.0328 kl=0.0147 acc=0.9900 val@T6=0.9700 sel@T16 HN=0.9950 ov=0.9975 (best@ep47 joint=0.9963)
[stalk-ens-distill] seed=0 epoch 50/60 lr=0.00024345 loss=0.0239 ce=0.0330 kl=0.0147 acc=0.9900 val@T6=0.9700 sel@T16 HN=0.9950 ov=0.9950 (best@ep47 joint=0.9963)
[stalk-ens-distill] seed=0 epoch 51/60 lr=0.00022604 loss=0.0236 ce=0.0331 kl=0.0141 acc=0.9894 val@T6=0.9775 sel@T16 HN=0.9950 ov=0.9950 (best@ep47 joint=0.9963)
[stalk-ens-distill] seed=0 epoch 52/60 lr=0.00021032 loss=0.0237 ce=0.0323 kl=0.0150 acc=0.9906 val@T6=0.9675 sel@T16 HN=0.9950 ov=0.9950 (best@ep47 joint=0.9963)
[stalk-ens-distill] seed=0 epoch 53/60 lr=0.00019635 loss=0.0237 ce=0.0328 kl=0.0147 acc=0.9900 val@T6=0.9750 sel@T16 HN=0.9950 ov=0.9975 (best@ep47 joint=0.9963)
[stalk-ens-distill] seed=0 epoch 54/60 lr=0.00018416 loss=0.0234 ce=0.0327 kl=0.0141 acc=0.9900 val@T6=0.9775 sel@T16 HN=0.9950 ov=0.9975 (best@ep47 joint=0.9963)
[stalk-ens-distill] seed=0 epoch 55/60 lr=0.00017378 loss=0.0233 ce=0.0321 kl=0.0146 acc=0.9912 val@T6=0.9700 sel@T16 HN=0.9950 ov=0.9975 (best@ep47 joint=0.9963)
[stalk-ens-distill] seed=0 epoch 56/60 lr=0.00016525 loss=0.0232 ce=0.0327 kl=0.0138 acc=0.9900 val@T6=0.9700 sel@T16 HN=0.9950 ov=0.9975 (best@ep47 joint=0.9963)
[stalk-ens-distill] seed=0 epoch 57/60 lr=0.00015859 loss=0.0235 ce=0.0326 kl=0.0144 acc=0.9900 val@T6=0.9700 sel@T16 HN=0.9950 ov=0.9975 (best@ep47 joint=0.9963)
[stalk-ens-distill] seed=0 epoch 58/60 lr=0.00015382 loss=0.0232 ce=0.0325 kl=0.0138 acc=0.9900 val@T6=0.9750 sel@T16 HN=0.9950 ov=0.9975 (best@ep47 joint=0.9963)
[stalk-ens-distill] seed=0 epoch 59/60 lr=0.00015096 loss=0.0230 ce=0.0321 kl=0.0139 acc=0.9906 val@T6=0.9750 sel@T16 HN=0.9950 ov=0.9950 (best@ep47 joint=0.9963)
[stalk-ens-distill] seed=0 epoch 60/60 lr=0.00015 loss=0.0230 ce=0.0323 kl=0.0138 acc=0.9906 val@T6=0.9750 sel@T16 HN=0.9950 ov=0.9950 (best@ep47 joint=0.9963)
[stalk-ens-distill] student seed=0 T16 ov=0.7542 HN=0.8167 K16=0.1000 pass=False
[stalk-ens-distill] train student seed=1
[stalk-ens-distill] seed=1 params=117506 parity_ok=True α=0.5 τ=2.0 lr=0.0015→0.00015 cosine
[stalk-ens-distill] seed=1 epoch 1/60 lr=0.0015 loss=0.8537 ce=0.5539 kl=1.1535 acc=0.7194 val@T6=0.8350 sel@T16 HN=0.8450 ov=0.7600 (best@ep1 joint=0.8025)
[stalk-ens-distill] seed=1 epoch 2/60 lr=0.001499 loss=0.5258 ce=0.3849 kl=0.6667 acc=0.8462 val@T6=0.8625 sel@T16 HN=0.9850 ov=0.7375 (best@ep2 joint=0.8613)
[stalk-ens-distill] seed=1 epoch 3/60 lr=0.0014962 loss=0.4252 ce=0.3346 kl=0.5158 acc=0.8812 val@T6=0.8600 sel@T16 HN=0.9950 ov=0.6175 (best@ep2 joint=0.8613)
[stalk-ens-distill] seed=1 epoch 4/60 lr=0.0014914 loss=0.3383 ce=0.2790 kl=0.3976 acc=0.8919 val@T6=0.8775 sel@T16 HN=1.0000 ov=0.5575 (best@ep2 joint=0.8613)
[stalk-ens-distill] seed=1 epoch 5/60 lr=0.0014847 loss=0.3185 ce=0.2707 kl=0.3663 acc=0.8931 val@T6=0.8750 sel@T16 HN=1.0000 ov=0.6350 (best@ep2 joint=0.8613)
[stalk-ens-distill] seed=1 epoch 6/60 lr=0.0014762 loss=0.2612 ce=0.2322 kl=0.2902 acc=0.9094 val@T6=0.8875 sel@T16 HN=1.0000 ov=0.5750 (best@ep2 joint=0.8613)
[stalk-ens-distill] seed=1 epoch 7/60 lr=0.0014658 loss=0.2274 ce=0.2086 kl=0.2462 acc=0.9231 val@T6=0.9125 sel@T16 HN=1.0000 ov=0.6450 (best@ep2 joint=0.8613)
[stalk-ens-distill] seed=1 epoch 8/60 lr=0.0014537 loss=0.2154 ce=0.2009 kl=0.2298 acc=0.9181 val@T6=0.9050 sel@T16 HN=1.0000 ov=0.5700 (best@ep2 joint=0.8613)
[stalk-ens-distill] seed=1 epoch 9/60 lr=0.0014397 loss=0.1673 ce=0.1659 kl=0.1686 acc=0.9375 val@T6=0.9300 sel@T16 HN=1.0000 ov=0.6150 (best@ep2 joint=0.8613)
[stalk-ens-distill] seed=1 epoch 10/60 lr=0.001424 loss=0.1376 ce=0.1429 kl=0.1323 acc=0.9450 val@T6=0.9350 sel@T16 HN=1.0000 ov=0.6375 (best@ep2 joint=0.8613)
[stalk-ens-distill] seed=1 epoch 11/60 lr=0.0014065 loss=0.1146 ce=0.1252 kl=0.1040 acc=0.9531 val@T6=0.9350 sel@T16 HN=1.0000 ov=0.6425 (best@ep2 joint=0.8613)
[stalk-ens-distill] seed=1 epoch 12/60 lr=0.0013875 loss=0.1033 ce=0.1155 kl=0.0910 acc=0.9569 val@T6=0.9400 sel@T16 HN=1.0000 ov=0.7025 (best@ep2 joint=0.8613)
[stalk-ens-distill] seed=1 epoch 13/60 lr=0.0013668 loss=0.1010 ce=0.1168 kl=0.0852 acc=0.9606 val@T6=0.9475 sel@T16 HN=1.0000 ov=0.6450 (best@ep2 joint=0.8613)
[stalk-ens-distill] seed=1 epoch 14/60 lr=0.0013446 loss=0.0793 ce=0.0988 kl=0.0598 acc=0.9650 val@T6=0.9575 sel@T16 HN=1.0000 ov=0.7225 (best@ep2 joint=0.8613)
[stalk-ens-distill] seed=1 epoch 15/60 lr=0.001321 loss=0.0857 ce=0.1021 kl=0.0692 acc=0.9613 val@T6=0.9525 sel@T16 HN=0.9800 ov=0.6400 (best@ep2 joint=0.8613)
[stalk-ens-distill] seed=1 epoch 16/60 lr=0.0012959 loss=0.0758 ce=0.0905 kl=0.0612 acc=0.9663 val@T6=0.9575 sel@T16 HN=1.0000 ov=0.7375 (best@ep16 joint=0.8688)
[stalk-ens-distill] seed=1 epoch 17/60 lr=0.0012695 loss=0.0708 ce=0.0912 kl=0.0504 acc=0.9656 val@T6=0.9475 sel@T16 HN=1.0000 ov=0.7075 (best@ep16 joint=0.8688)
[stalk-ens-distill] seed=1 epoch 18/60 lr=0.0012418 loss=0.0687 ce=0.0859 kl=0.0514 acc=0.9675 val@T6=0.9525 sel@T16 HN=1.0000 ov=0.7150 (best@ep16 joint=0.8688)
[stalk-ens-distill] seed=1 epoch 19/60 lr=0.001213 loss=0.0693 ce=0.0868 kl=0.0519 acc=0.9637 val@T6=0.9475 sel@T16 HN=1.0000 ov=0.7350 (best@ep16 joint=0.8688)
[stalk-ens-distill] seed=1 epoch 20/60 lr=0.001183 loss=0.0679 ce=0.0887 kl=0.0471 acc=0.9663 val@T6=0.9525 sel@T16 HN=1.0000 ov=0.6450 (best@ep16 joint=0.8688)
[stalk-ens-distill] seed=1 epoch 21/60 lr=0.0011521 loss=0.0724 ce=0.0898 kl=0.0551 acc=0.9644 val@T6=0.9450 sel@T16 HN=1.0000 ov=0.6000 (best@ep16 joint=0.8688)
[stalk-ens-distill] seed=1 epoch 22/60 lr=0.0011202 loss=0.0740 ce=0.0920 kl=0.0561 acc=0.9650 val@T6=0.9475 sel@T16 HN=1.0000 ov=0.7575 (best@ep22 joint=0.8787)
[stalk-ens-distill] seed=1 epoch 23/60 lr=0.0010875 loss=0.0668 ce=0.0851 kl=0.0486 acc=0.9637 val@T6=0.9550 sel@T16 HN=1.0000 ov=0.7925 (best@ep23 joint=0.8962)
[stalk-ens-distill] seed=1 epoch 24/60 lr=0.001054 loss=0.0715 ce=0.0921 kl=0.0508 acc=0.9663 val@T6=0.9550 sel@T16 HN=1.0000 ov=0.7700 (best@ep23 joint=0.8962)
[stalk-ens-distill] seed=1 epoch 25/60 lr=0.0010199 loss=0.0592 ce=0.0796 kl=0.0389 acc=0.9669 val@T6=0.9575 sel@T16 HN=1.0000 ov=0.7550 (best@ep23 joint=0.8962)
[stalk-ens-distill] seed=1 epoch 26/60 lr=0.0009852 loss=0.0605 ce=0.0819 kl=0.0391 acc=0.9681 val@T6=0.9525 sel@T16 HN=1.0000 ov=0.7475 (best@ep23 joint=0.8962)
[stalk-ens-distill] seed=1 epoch 27/60 lr=0.00095007 loss=0.0612 ce=0.0824 kl=0.0401 acc=0.9663 val@T6=0.9525 sel@T16 HN=1.0000 ov=0.7375 (best@ep23 joint=0.8962)
[stalk-ens-distill] seed=1 epoch 28/60 lr=0.00091459 loss=0.0554 ce=0.0757 kl=0.0351 acc=0.9700 val@T6=0.9575 sel@T16 HN=1.0000 ov=0.7400 (best@ep23 joint=0.8962)
[stalk-ens-distill] seed=1 epoch 29/60 lr=0.00087886 loss=0.0575 ce=0.0759 kl=0.0392 acc=0.9669 val@T6=0.9450 sel@T16 HN=1.0000 ov=0.7775 (best@ep23 joint=0.8962)
[stalk-ens-distill] seed=1 epoch 30/60 lr=0.00084297 loss=0.0617 ce=0.0830 kl=0.0405 acc=0.9663 val@T6=0.9500 sel@T16 HN=1.0000 ov=0.7700 (best@ep23 joint=0.8962)
[stalk-ens-distill] seed=1 epoch 31/60 lr=0.00080703 loss=0.0567 ce=0.0778 kl=0.0356 acc=0.9700 val@T6=0.9575 sel@T16 HN=1.0000 ov=0.7550 (best@ep23 joint=0.8962)
[stalk-ens-distill] seed=1 epoch 32/60 lr=0.00077114 loss=0.0541 ce=0.0731 kl=0.0351 acc=0.9712 val@T6=0.9500 sel@T16 HN=0.9800 ov=0.7575 (best@ep23 joint=0.8962)
[stalk-ens-distill] seed=1 epoch 33/60 lr=0.00073541 loss=0.0532 ce=0.0738 kl=0.0326 acc=0.9700 val@T6=0.9500 sel@T16 HN=1.0000 ov=0.7675 (best@ep23 joint=0.8962)
[stalk-ens-distill] seed=1 epoch 34/60 lr=0.00069993 loss=0.0521 ce=0.0704 kl=0.0339 acc=0.9681 val@T6=0.9475 sel@T16 HN=1.0000 ov=0.8225 (best@ep34 joint=0.9113)
[stalk-ens-distill] seed=1 epoch 35/60 lr=0.0006648 loss=0.0541 ce=0.0735 kl=0.0346 acc=0.9712 val@T6=0.9500 sel@T16 HN=1.0000 ov=0.7825 (best@ep34 joint=0.9113)
[stalk-ens-distill] seed=1 epoch 36/60 lr=0.00063013 loss=0.0497 ce=0.0700 kl=0.0295 acc=0.9694 val@T6=0.9500 sel@T16 HN=0.9700 ov=0.7775 (best@ep34 joint=0.9113)
[stalk-ens-distill] seed=1 epoch 37/60 lr=0.00059601 loss=0.0494 ce=0.0695 kl=0.0292 acc=0.9712 val@T6=0.9500 sel@T16 HN=1.0000 ov=0.7675 (best@ep34 joint=0.9113)
[stalk-ens-distill] seed=1 epoch 38/60 lr=0.00056254 loss=0.0466 ce=0.0655 kl=0.0276 acc=0.9681 val@T6=0.9575 sel@T16 HN=0.9900 ov=0.7700 (best@ep34 joint=0.9113)
[stalk-ens-distill] seed=1 epoch 39/60 lr=0.00052982 loss=0.0495 ce=0.0692 kl=0.0298 acc=0.9694 val@T6=0.9525 sel@T16 HN=1.0000 ov=0.7425 (best@ep34 joint=0.9113)
[stalk-ens-distill] seed=1 epoch 40/60 lr=0.00049793 loss=0.0498 ce=0.0670 kl=0.0325 acc=0.9688 val@T6=0.9500 sel@T16 HN=1.0000 ov=0.8450 (best@ep40 joint=0.9225)
[stalk-ens-distill] seed=1 epoch 41/60 lr=0.00046697 loss=0.0501 ce=0.0670 kl=0.0331 acc=0.9700 val@T6=0.9550 sel@T16 HN=1.0000 ov=0.7825 (best@ep40 joint=0.9225)
[stalk-ens-distill] seed=1 epoch 42/60 lr=0.00043702 loss=0.0466 ce=0.0643 kl=0.0289 acc=0.9706 val@T6=0.9525 sel@T16 HN=0.9900 ov=0.8000 (best@ep40 joint=0.9225)
[stalk-ens-distill] seed=1 epoch 43/60 lr=0.00040817 loss=0.0457 ce=0.0636 kl=0.0278 acc=0.9725 val@T6=0.9500 sel@T16 HN=1.0000 ov=0.7925 (best@ep40 joint=0.9225)
[stalk-ens-distill] seed=1 epoch 44/60 lr=0.0003805 loss=0.0425 ce=0.0607 kl=0.0243 acc=0.9712 val@T6=0.9575 sel@T16 HN=0.9900 ov=0.7900 (best@ep40 joint=0.9225)
[stalk-ens-distill] seed=1 epoch 45/60 lr=0.0003541 loss=0.0463 ce=0.0649 kl=0.0277 acc=0.9719 val@T6=0.9550 sel@T16 HN=1.0000 ov=0.7925 (best@ep40 joint=0.9225)
[stalk-ens-distill] seed=1 epoch 46/60 lr=0.00032903 loss=0.0429 ce=0.0613 kl=0.0245 acc=0.9738 val@T6=0.9550 sel@T16 HN=0.9900 ov=0.7875 (best@ep40 joint=0.9225)
[stalk-ens-distill] seed=1 epoch 47/60 lr=0.00030536 loss=0.0393 ce=0.0557 kl=0.0230 acc=0.9750 val@T6=0.9525 sel@T16 HN=0.9900 ov=0.7850 (best@ep40 joint=0.9225)
[stalk-ens-distill] seed=1 epoch 48/60 lr=0.00028317 loss=0.0406 ce=0.0585 kl=0.0228 acc=0.9725 val@T6=0.9575 sel@T16 HN=0.9950 ov=0.7900 (best@ep40 joint=0.9225)
[stalk-ens-distill] seed=1 epoch 49/60 lr=0.00026251 loss=0.0389 ce=0.0543 kl=0.0234 acc=0.9744 val@T6=0.9550 sel@T16 HN=1.0000 ov=0.7875 (best@ep40 joint=0.9225)
[stalk-ens-distill] seed=1 epoch 50/60 lr=0.00024345 loss=0.0382 ce=0.0553 kl=0.0211 acc=0.9750 val@T6=0.9600 sel@T16 HN=1.0000 ov=0.7950 (best@ep40 joint=0.9225)
[stalk-ens-distill] seed=1 epoch 51/60 lr=0.00022604 loss=0.0358 ce=0.0518 kl=0.0199 acc=0.9762 val@T6=0.9600 sel@T16 HN=1.0000 ov=0.7900 (best@ep40 joint=0.9225)
[stalk-ens-distill] seed=1 epoch 52/60 lr=0.00021032 loss=0.0364 ce=0.0520 kl=0.0208 acc=0.9762 val@T6=0.9525 sel@T16 HN=0.9900 ov=0.7875 (best@ep40 joint=0.9225)
[stalk-ens-distill] seed=1 epoch 53/60 lr=0.00019635 loss=0.0345 ce=0.0495 kl=0.0195 acc=0.9794 val@T6=0.9525 sel@T16 HN=0.9900 ov=0.7775 (best@ep40 joint=0.9225)
[stalk-ens-distill] seed=1 epoch 54/60 lr=0.00018416 loss=0.0344 ce=0.0493 kl=0.0195 acc=0.9794 val@T6=0.9525 sel@T16 HN=0.9900 ov=0.7850 (best@ep40 joint=0.9225)
[stalk-ens-distill] seed=1 epoch 55/60 lr=0.00017378 loss=0.0345 ce=0.0498 kl=0.0191 acc=0.9794 val@T6=0.9525 sel@T16 HN=0.9900 ov=0.7850 (best@ep40 joint=0.9225)
[stalk-ens-distill] seed=1 epoch 56/60 lr=0.00016525 loss=0.0346 ce=0.0496 kl=0.0196 acc=0.9788 val@T6=0.9525 sel@T16 HN=0.9900 ov=0.7875 (best@ep40 joint=0.9225)
[stalk-ens-distill] seed=1 epoch 57/60 lr=0.00015859 loss=0.0338 ce=0.0487 kl=0.0189 acc=0.9806 val@T6=0.9525 sel@T16 HN=0.9900 ov=0.7850 (best@ep40 joint=0.9225)
[stalk-ens-distill] seed=1 epoch 58/60 lr=0.00015382 loss=0.0335 ce=0.0488 kl=0.0182 acc=0.9788 val@T6=0.9500 sel@T16 HN=0.9950 ov=0.7875 (best@ep40 joint=0.9225)
[stalk-ens-distill] seed=1 epoch 59/60 lr=0.00015096 loss=0.0341 ce=0.0490 kl=0.0192 acc=0.9775 val@T6=0.9525 sel@T16 HN=0.9950 ov=0.7875 (best@ep40 joint=0.9225)
[stalk-ens-distill] seed=1 epoch 60/60 lr=0.00015 loss=0.0340 ce=0.0490 kl=0.0190 acc=0.9806 val@T6=0.9500 sel@T16 HN=0.9900 ov=0.7850 (best@ep40 joint=0.9225)
[stalk-ens-distill] student seed=1 T16 ov=0.8229 HN=1.0000 K16=0.6375 pass=False
[stalk-ens-distill] train student seed=2
[stalk-ens-distill] seed=2 params=117506 parity_ok=True α=0.5 τ=2.0 lr=0.0015→0.00015 cosine
[stalk-ens-distill] seed=2 epoch 1/60 lr=0.0015 loss=0.8314 ce=0.5394 kl=1.1233 acc=0.7350 val@T6=0.8325 sel@T16 HN=0.7100 ov=0.8325 (best@ep1 joint=0.7712)
[stalk-ens-distill] seed=2 epoch 2/60 lr=0.001499 loss=0.4744 ce=0.3571 kl=0.5917 acc=0.8619 val@T6=0.8600 sel@T16 HN=0.7100 ov=0.8450 (best@ep2 joint=0.7775)
[stalk-ens-distill] seed=2 epoch 3/60 lr=0.0014962 loss=0.4427 ce=0.3483 kl=0.5371 acc=0.8694 val@T6=0.8375 sel@T16 HN=0.8000 ov=0.8300 (best@ep3 joint=0.8150)
[stalk-ens-distill] seed=2 epoch 4/60 lr=0.0014914 loss=0.3855 ce=0.3071 kl=0.4640 acc=0.8819 val@T6=0.8725 sel@T16 HN=0.7950 ov=0.8600 (best@ep4 joint=0.8275)
[stalk-ens-distill] seed=2 epoch 5/60 lr=0.0014847 loss=0.3593 ce=0.2973 kl=0.4213 acc=0.8925 val@T6=0.8550 sel@T16 HN=0.7850 ov=0.8525 (best@ep4 joint=0.8275)
[stalk-ens-distill] seed=2 epoch 6/60 lr=0.0014762 loss=0.3353 ce=0.2780 kl=0.3925 acc=0.9006 val@T6=0.8775 sel@T16 HN=0.8200 ov=0.8725 (best@ep6 joint=0.8462)
[stalk-ens-distill] seed=2 epoch 7/60 lr=0.0014658 loss=0.2980 ce=0.2583 kl=0.3378 acc=0.8994 val@T6=0.8700 sel@T16 HN=0.8250 ov=0.8775 (best@ep7 joint=0.8512)
[stalk-ens-distill] seed=2 epoch 8/60 lr=0.0014537 loss=0.2928 ce=0.2539 kl=0.3318 acc=0.9019 val@T6=0.8975 sel@T16 HN=0.9200 ov=0.8500 (best@ep8 joint=0.8850)
[stalk-ens-distill] seed=2 epoch 9/60 lr=0.0014397 loss=0.2531 ce=0.2274 kl=0.2787 acc=0.9131 val@T6=0.8975 sel@T16 HN=0.8950 ov=0.8100 (best@ep8 joint=0.8850)
[stalk-ens-distill] seed=2 epoch 10/60 lr=0.001424 loss=0.2222 ce=0.2047 kl=0.2398 acc=0.9275 val@T6=0.9050 sel@T16 HN=0.9350 ov=0.8775 (best@ep10 joint=0.9062)
[stalk-ens-distill] seed=2 epoch 11/60 lr=0.0014065 loss=0.2066 ce=0.1946 kl=0.2185 acc=0.9294 val@T6=0.9100 sel@T16 HN=0.8800 ov=0.8775 (best@ep10 joint=0.9062)
[stalk-ens-distill] seed=2 epoch 12/60 lr=0.0013875 loss=0.1870 ce=0.1814 kl=0.1927 acc=0.9356 val@T6=0.9450 sel@T16 HN=0.8950 ov=0.9175 (best@ep12 joint=0.9062)
[stalk-ens-distill] seed=2 epoch 13/60 lr=0.0013668 loss=0.1855 ce=0.1814 kl=0.1895 acc=0.9437 val@T6=0.9300 sel@T16 HN=0.9250 ov=0.9150 (best@ep13 joint=0.9200)
[stalk-ens-distill] seed=2 epoch 14/60 lr=0.0013446 loss=0.1462 ce=0.1527 kl=0.1397 acc=0.9519 val@T6=0.9425 sel@T16 HN=0.9350 ov=0.9375 (best@ep14 joint=0.9363)
[stalk-ens-distill] seed=2 epoch 15/60 lr=0.001321 loss=0.1232 ce=0.1357 kl=0.1107 acc=0.9563 val@T6=0.9500 sel@T16 HN=0.9700 ov=0.9175 (best@ep15 joint=0.9437)
[stalk-ens-distill] seed=2 epoch 16/60 lr=0.0012959 loss=0.0993 ce=0.1175 kl=0.0811 acc=0.9600 val@T6=0.9525 sel@T16 HN=0.9700 ov=0.9400 (best@ep16 joint=0.9550)
[stalk-ens-distill] seed=2 epoch 17/60 lr=0.0012695 loss=0.0857 ce=0.1064 kl=0.0651 acc=0.9669 val@T6=0.9400 sel@T16 HN=0.9400 ov=0.9375 (best@ep16 joint=0.9550)
[stalk-ens-distill] seed=2 epoch 18/60 lr=0.0012418 loss=0.0858 ce=0.1086 kl=0.0630 acc=0.9631 val@T6=0.9525 sel@T16 HN=0.9600 ov=0.9400 (best@ep16 joint=0.9550)
[stalk-ens-distill] seed=2 epoch 19/60 lr=0.001213 loss=0.0796 ce=0.1019 kl=0.0573 acc=0.9656 val@T6=0.9525 sel@T16 HN=0.9650 ov=0.9275 (best@ep16 joint=0.9550)
[stalk-ens-distill] seed=2 epoch 20/60 lr=0.001183 loss=0.0796 ce=0.1011 kl=0.0580 acc=0.9656 val@T6=0.9550 sel@T16 HN=0.9750 ov=0.9200 (best@ep16 joint=0.9550)
[stalk-ens-distill] seed=2 epoch 21/60 lr=0.0011521 loss=0.0771 ce=0.0999 kl=0.0544 acc=0.9631 val@T6=0.9475 sel@T16 HN=0.9450 ov=0.9275 (best@ep16 joint=0.9550)
[stalk-ens-distill] seed=2 epoch 22/60 lr=0.0011202 loss=0.0782 ce=0.1009 kl=0.0555 acc=0.9631 val@T6=0.9425 sel@T16 HN=0.9400 ov=0.9125 (best@ep16 joint=0.9550)
[stalk-ens-distill] seed=2 epoch 23/60 lr=0.0010875 loss=0.0804 ce=0.1021 kl=0.0586 acc=0.9637 val@T6=0.9475 sel@T16 HN=0.9650 ov=0.9200 (best@ep16 joint=0.9550)
[stalk-ens-distill] seed=2 epoch 24/60 lr=0.001054 loss=0.0685 ce=0.0920 kl=0.0449 acc=0.9656 val@T6=0.9525 sel@T16 HN=0.9600 ov=0.9000 (best@ep16 joint=0.9550)
[stalk-ens-distill] seed=2 epoch 25/60 lr=0.0010199 loss=0.0703 ce=0.0939 kl=0.0466 acc=0.9663 val@T6=0.9475 sel@T16 HN=0.9650 ov=0.9325 (best@ep16 joint=0.9550)
[stalk-ens-distill] seed=2 epoch 26/60 lr=0.0009852 loss=0.0654 ce=0.0885 kl=0.0422 acc=0.9675 val@T6=0.9500 sel@T16 HN=0.9500 ov=0.9075 (best@ep16 joint=0.9550)
[stalk-ens-distill] seed=2 epoch 27/60 lr=0.00095007 loss=0.0667 ce=0.0906 kl=0.0428 acc=0.9663 val@T6=0.9475 sel@T16 HN=0.9800 ov=0.7925 (best@ep16 joint=0.9550)
[stalk-ens-distill] seed=2 epoch 28/60 lr=0.00091459 loss=0.0688 ce=0.0913 kl=0.0463 acc=0.9637 val@T6=0.9525 sel@T16 HN=0.9800 ov=0.8975 (best@ep16 joint=0.9550)
[stalk-ens-distill] seed=2 epoch 29/60 lr=0.00087886 loss=0.0768 ce=0.0974 kl=0.0562 acc=0.9644 val@T6=0.9525 sel@T16 HN=0.9450 ov=0.9050 (best@ep16 joint=0.9550)
[stalk-ens-distill] seed=2 epoch 30/60 lr=0.00084297 loss=0.0699 ce=0.0915 kl=0.0484 acc=0.9669 val@T6=0.9500 sel@T16 HN=0.9400 ov=0.9150 (best@ep16 joint=0.9550)
[stalk-ens-distill] seed=2 epoch 31/60 lr=0.00080703 loss=0.0618 ce=0.0850 kl=0.0387 acc=0.9675 val@T6=0.9475 sel@T16 HN=0.9550 ov=0.9000 (best@ep16 joint=0.9550)
[stalk-ens-distill] seed=2 epoch 32/60 lr=0.00077114 loss=0.0637 ce=0.0863 kl=0.0411 acc=0.9656 val@T6=0.9450 sel@T16 HN=0.9750 ov=0.8450 (best@ep16 joint=0.9550)
[stalk-ens-distill] seed=2 epoch 33/60 lr=0.00073541 loss=0.0589 ce=0.0803 kl=0.0375 acc=0.9675 val@T6=0.9450 sel@T16 HN=0.9550 ov=0.9200 (best@ep16 joint=0.9550)
[stalk-ens-distill] seed=2 epoch 34/60 lr=0.00069993 loss=0.0583 ce=0.0797 kl=0.0369 acc=0.9650 val@T6=0.9450 sel@T16 HN=0.9600 ov=0.8525 (best@ep16 joint=0.9550)
[stalk-ens-distill] seed=2 epoch 35/60 lr=0.0006648 loss=0.0578 ce=0.0799 kl=0.0357 acc=0.9712 val@T6=0.9475 sel@T16 HN=0.9600 ov=0.8750 (best@ep16 joint=0.9550)
[stalk-ens-distill] seed=2 epoch 36/60 lr=0.00063013 loss=0.0571 ce=0.0774 kl=0.0368 acc=0.9681 val@T6=0.9450 sel@T16 HN=0.9500 ov=0.8575 (best@ep16 joint=0.9550)
[stalk-ens-distill] seed=2 epoch 37/60 lr=0.00059601 loss=0.0525 ce=0.0724 kl=0.0326 acc=0.9669 val@T6=0.9450 sel@T16 HN=0.9650 ov=0.9025 (best@ep16 joint=0.9550)
[stalk-ens-distill] seed=2 epoch 38/60 lr=0.00056254 loss=0.0507 ce=0.0702 kl=0.0313 acc=0.9712 val@T6=0.9525 sel@T16 HN=0.9550 ov=0.9625 (best@ep38 joint=0.9587)
[stalk-ens-distill] seed=2 epoch 39/60 lr=0.00052982 loss=0.0487 ce=0.0672 kl=0.0301 acc=0.9719 val@T6=0.9450 sel@T16 HN=0.9750 ov=0.8600 (best@ep38 joint=0.9587)
[stalk-ens-distill] seed=2 epoch 40/60 lr=0.00049793 loss=0.0483 ce=0.0670 kl=0.0296 acc=0.9694 val@T6=0.9525 sel@T16 HN=0.9650 ov=0.8725 (best@ep38 joint=0.9587)
[stalk-ens-distill] seed=2 epoch 41/60 lr=0.00046697 loss=0.0482 ce=0.0673 kl=0.0292 acc=0.9738 val@T6=0.9475 sel@T16 HN=0.9500 ov=0.8525 (best@ep38 joint=0.9587)
[stalk-ens-distill] seed=2 epoch 42/60 lr=0.00043702 loss=0.0458 ce=0.0652 kl=0.0265 acc=0.9719 val@T6=0.9525 sel@T16 HN=0.9600 ov=0.8875 (best@ep38 joint=0.9587)
[stalk-ens-distill] seed=2 epoch 43/60 lr=0.00040817 loss=0.0450 ce=0.0634 kl=0.0265 acc=0.9731 val@T6=0.9525 sel@T16 HN=0.9550 ov=0.8900 (best@ep38 joint=0.9587)
[stalk-ens-distill] seed=2 epoch 44/60 lr=0.0003805 loss=0.0444 ce=0.0630 kl=0.0259 acc=0.9712 val@T6=0.9500 sel@T16 HN=0.9650 ov=0.8800 (best@ep38 joint=0.9587)
[stalk-ens-distill] seed=2 epoch 45/60 lr=0.0003541 loss=0.0452 ce=0.0643 kl=0.0261 acc=0.9738 val@T6=0.9550 sel@T16 HN=0.9550 ov=0.9225 (best@ep38 joint=0.9587)
[stalk-ens-distill] seed=2 epoch 46/60 lr=0.00032903 loss=0.0442 ce=0.0616 kl=0.0267 acc=0.9738 val@T6=0.9500 sel@T16 HN=0.9600 ov=0.8675 (best@ep38 joint=0.9587)
[stalk-ens-distill] seed=2 epoch 47/60 lr=0.00030536 loss=0.0438 ce=0.0617 kl=0.0259 acc=0.9700 val@T6=0.9475 sel@T16 HN=0.9550 ov=0.8275 (best@ep38 joint=0.9587)
[stalk-ens-distill] seed=2 epoch 48/60 lr=0.00028317 loss=0.0416 ce=0.0591 kl=0.0240 acc=0.9725 val@T6=0.9525 sel@T16 HN=0.9550 ov=0.8550 (best@ep38 joint=0.9587)
[stalk-ens-distill] seed=2 epoch 49/60 lr=0.00026251 loss=0.0399 ce=0.0572 kl=0.0226 acc=0.9750 val@T6=0.9575 sel@T16 HN=0.9750 ov=0.8875 (best@ep38 joint=0.9587)
[stalk-ens-distill] seed=2 epoch 50/60 lr=0.00024345 loss=0.0404 ce=0.0558 kl=0.0249 acc=0.9788 val@T6=0.9525 sel@T16 HN=0.9700 ov=0.8625 (best@ep38 joint=0.9587)
[stalk-ens-distill] seed=2 epoch 51/60 lr=0.00022604 loss=0.0401 ce=0.0564 kl=0.0238 acc=0.9750 val@T6=0.9575 sel@T16 HN=0.9750 ov=0.9050 (best@ep38 joint=0.9587)
[stalk-ens-distill] seed=2 epoch 52/60 lr=0.00021032 loss=0.0366 ce=0.0508 kl=0.0224 acc=0.9794 val@T6=0.9625 sel@T16 HN=0.9750 ov=0.9175 (best@ep38 joint=0.9587)
[stalk-ens-distill] seed=2 epoch 53/60 lr=0.00019635 loss=0.0355 ce=0.0490 kl=0.0220 acc=0.9800 val@T6=0.9600 sel@T16 HN=0.9800 ov=0.8625 (best@ep38 joint=0.9587)
[stalk-ens-distill] seed=2 epoch 54/60 lr=0.00018416 loss=0.0350 ce=0.0484 kl=0.0217 acc=0.9812 val@T6=0.9550 sel@T16 HN=0.9750 ov=0.8675 (best@ep38 joint=0.9587)
[stalk-ens-distill] seed=2 epoch 55/60 lr=0.00017378 loss=0.0352 ce=0.0486 kl=0.0219 acc=0.9794 val@T6=0.9550 sel@T16 HN=0.9700 ov=0.8625 (best@ep38 joint=0.9587)
[stalk-ens-distill] seed=2 epoch 56/60 lr=0.00016525 loss=0.0343 ce=0.0467 kl=0.0219 acc=0.9831 val@T6=0.9650 sel@T16 HN=0.9750 ov=0.8850 (best@ep38 joint=0.9587)
[stalk-ens-distill] seed=2 epoch 57/60 lr=0.00015859 loss=0.0321 ce=0.0425 kl=0.0218 acc=0.9831 val@T6=0.9675 sel@T16 HN=0.9600 ov=0.9075 (best@ep38 joint=0.9587)
[stalk-ens-distill] seed=2 epoch 58/60 lr=0.00015382 loss=0.0300 ce=0.0393 kl=0.0208 acc=0.9838 val@T6=0.9650 sel@T16 HN=0.9800 ov=0.9100 (best@ep38 joint=0.9587)
[stalk-ens-distill] seed=2 epoch 59/60 lr=0.00015096 loss=0.0285 ce=0.0348 kl=0.0222 acc=0.9869 val@T6=0.9650 sel@T16 HN=0.9700 ov=0.9150 (best@ep38 joint=0.9587)
[stalk-ens-distill] seed=2 epoch 60/60 lr=0.00015 loss=0.0275 ce=0.0361 kl=0.0189 acc=0.9869 val@T6=0.9700 sel@T16 HN=0.9800 ov=0.9050 (best@ep38 joint=0.9587)
[stalk-ens-distill] student seed=2 T16 ov=0.8521 HN=0.7125 K16=0.9875 pass=False
[stalk-ens-distill] re-eval teacher ensemble + #14 seed0
[stalk-ens-distill] wrote artifacts/stalk_ensemble_distill.json
[stalk-ens-distill] verdict=STOP science_open=False student_mean T16 ov=0.8097 HN=0.8431 K16=0.5750 ens HN=1.0000 K16=1.0000 pr14s0 HN=1.0000 K16=0.8625
{
  "verdict": "STOP",
  "open_status": "STOP_NO_DISTILL",
  "science_open": false,
  "prereg_floors_pass": false,
  "compare_T16": {
    "student_mean": {
      "overall_acc": 0.8097222222222222,
      "hard_neg_acc": 0.8430555555555556,
      "K16": 0.5750000000000001,
      "std_overall": 0.05027413277149517,
      "std_hard_neg": 0.14555529050018276,
      "std_K16": 0.4470388685561917,
      "n": 3,
      "n_prereg_pass": 0
    },
    "ensemble_prob_mean": {
      "overall_acc": 0.9958333333333333,
      "hard_neg_acc": 1.0,
      "K16": 1.0,
      "K8": 0.975,
      "K12": 1.0
    },
    "pr14_seed0": {
      "overall_acc": 0.975,
      "hard_neg_acc": 1.0,
      "K16": 0.8625,
      "K8": 0.9875,
      "K12": 1.0
    },
    "pr14_seeds0to4_mean": {
      "overall_acc": 0.9291666666666666,
      "hard_neg_acc": 0.9566666666666667,
      "K16": 0.8625,
      "std_overall": 0.03486083443891982,
      "std_hard_neg": 0.06113793603174891,
      "std_K16": 0.14306903927824496,
      "n": 5
    },
    "deltas_student_minus_ensemble": {
      "overall": -0.18611111111111112,
      "hard_neg": -0.15694444444444444,
      "K16": -0.42499999999999993
    },
    "deltas_student_minus_pr14_seed0": {
      "overall": -0.16527777777777775,
      "hard_neg": -0.15694444444444444,
      "K16": -0.2875
    }
  },
  "n_student_seeds": [
    0,
    1,
    2
  ],
  "out": "artifacts/stalk_ensemble_distill.json"
}
