/workspace/geo-recurrence-testbed/.venv/lib/python3.13/site-packages/torch/_subclasses/functional_tensor.py:368: UserWarning: Failed to initialize NumPy: No module named 'numpy' (Triggered internally at /__w/pytorch/pytorch/torch/csrc/utils/tensor_numpy.cpp:84.)
  cpu = _conversion_method_template(device=torch.device("cpu"))
[stalk-stabilize-v3] === seed 0 train (harden) ===
[stalk-stabilize-v3] params=117506 parity_ok=True d=64 mlp=10 T=6 lr=0.0015→0.00015 cosine clip=2.5
[stalk-stabilize-v3] epoch 1/60 lr=0.0015 train_acc=0.7206 val@T6=0.8475 sel@T16 HN=0.7500 K16=1.0000 ov=0.8525 (best@ep1 joint=0.8675 minHK=0.7500)
[stalk-stabilize-v3] epoch 2/60 lr=0.001499 train_acc=0.8594 val@T6=0.8700 sel@T16 HN=0.7950 K16=0.9744 ov=0.8350 (best@ep2 joint=0.8681 minHK=0.7950)
[stalk-stabilize-v3] epoch 3/60 lr=0.0014962 train_acc=0.8875 val@T6=0.8775 sel@T16 HN=0.8350 K16=1.0000 ov=0.8525 (best@ep3 joint=0.8958 minHK=0.8350)
[stalk-stabilize-v3] epoch 4/60 lr=0.0014914 train_acc=0.8906 val@T6=0.8875 sel@T16 HN=0.8700 K16=1.0000 ov=0.8525 (best@ep4 joint=0.9075 minHK=0.8700)
[stalk-stabilize-v3] epoch 5/60 lr=0.0014847 train_acc=0.8888 val@T6=0.8775 sel@T16 HN=0.9850 K16=0.0000 ov=0.6725 (best@ep4 joint=0.9075 minHK=0.8700)
[stalk-stabilize-v3] epoch 6/60 lr=0.0014762 train_acc=0.9062 val@T6=0.8825 sel@T16 HN=0.9250 K16=0.0256 ov=0.8325 (best@ep4 joint=0.9075 minHK=0.8700)
[stalk-stabilize-v3] epoch 7/60 lr=0.0014658 train_acc=0.8981 val@T6=0.8675 sel@T16 HN=1.0000 K16=0.0256 ov=0.6150 (best@ep4 joint=0.9075 minHK=0.8700)
[stalk-stabilize-v3] epoch 8/60 lr=0.0014537 train_acc=0.9062 val@T6=0.8700 sel@T16 HN=0.9450 K16=1.0000 ov=0.8875 (best@ep8 joint=0.9442 minHK=0.9450)
[stalk-stabilize-v3] epoch 9/60 lr=0.0014397 train_acc=0.8944 val@T6=0.8775 sel@T16 HN=1.0000 K16=0.9744 ov=0.6925 (best@ep8 joint=0.9442 minHK=0.9450)
[stalk-stabilize-v3] epoch 10/60 lr=0.001424 train_acc=0.9200 val@T6=0.8800 sel@T16 HN=1.0000 K16=0.0256 ov=0.7775 (best@ep8 joint=0.9442 minHK=0.9450)
[stalk-stabilize-v3] epoch 11/60 lr=0.0014065 train_acc=0.9237 val@T6=0.9000 sel@T16 HN=0.9350 K16=1.0000 ov=0.7350 (best@ep8 joint=0.9442 minHK=0.9450)
[stalk-stabilize-v3] epoch 12/60 lr=0.0013875 train_acc=0.9369 val@T6=0.9300 sel@T16 HN=0.9950 K16=0.0256 ov=0.7900 (best@ep8 joint=0.9442 minHK=0.9450)
[stalk-stabilize-v3] epoch 13/60 lr=0.0013668 train_acc=0.9487 val@T6=0.9400 sel@T16 HN=0.9800 K16=0.7436 ov=0.8000 (best@ep8 joint=0.9442 minHK=0.9450)
[stalk-stabilize-v3] epoch 14/60 lr=0.0013446 train_acc=0.9481 val@T6=0.9425 sel@T16 HN=0.9350 K16=0.8718 ov=0.8025 (best@ep8 joint=0.9442 minHK=0.9450)
[stalk-stabilize-v3] epoch 15/60 lr=0.001321 train_acc=0.9550 val@T6=0.9325 sel@T16 HN=1.0000 K16=0.0000 ov=0.7775 (best@ep8 joint=0.9442 minHK=0.9450)
[stalk-stabilize-v3] epoch 16/60 lr=0.0012959 train_acc=0.9406 val@T6=0.9475 sel@T16 HN=0.9600 K16=1.0000 ov=0.8750 (best@ep16 joint=0.9450 minHK=0.9600)
[stalk-stabilize-v3] epoch 17/60 lr=0.0012695 train_acc=0.9600 val@T6=0.9425 sel@T16 HN=0.9250 K16=1.0000 ov=0.9300 (best@ep17 joint=0.9517 minHK=0.9250)
[stalk-stabilize-v3] epoch 18/60 lr=0.0012418 train_acc=0.9706 val@T6=0.9500 sel@T16 HN=0.9650 K16=0.0000 ov=0.9225 (best@ep17 joint=0.9517 minHK=0.9250)
[stalk-stabilize-v3] epoch 19/60 lr=0.001213 train_acc=0.9650 val@T6=0.9525 sel@T16 HN=0.9600 K16=0.8718 ov=0.9725 (best@ep17 joint=0.9517 minHK=0.9250)
[stalk-stabilize-v3] epoch 20/60 lr=0.001183 train_acc=0.9731 val@T6=0.9575 sel@T16 HN=0.9600 K16=0.9744 ov=0.9700 (best@ep20 joint=0.9681 minHK=0.9600)
[stalk-stabilize-v3] epoch 21/60 lr=0.0011521 train_acc=0.9731 val@T6=0.9625 sel@T16 HN=0.9600 K16=1.0000 ov=0.9775 (best@ep21 joint=0.9792 minHK=0.9600)
[stalk-stabilize-v3] epoch 22/60 lr=0.0011202 train_acc=0.9738 val@T6=0.9525 sel@T16 HN=0.9600 K16=0.9744 ov=0.9625 (best@ep21 joint=0.9792 minHK=0.9600)
[stalk-stabilize-v3] epoch 23/60 lr=0.0010875 train_acc=0.9738 val@T6=0.9650 sel@T16 HN=0.9600 K16=1.0000 ov=0.9700 (best@ep21 joint=0.9792 minHK=0.9600)
[stalk-stabilize-v3] epoch 24/60 lr=0.001054 train_acc=0.9762 val@T6=0.9600 sel@T16 HN=0.9600 K16=0.9744 ov=0.9650 (best@ep21 joint=0.9792 minHK=0.9600)
[stalk-stabilize-v3] epoch 25/60 lr=0.0010199 train_acc=0.9744 val@T6=0.9700 sel@T16 HN=0.9600 K16=1.0000 ov=0.9775 (best@ep21 joint=0.9792 minHK=0.9600)
[stalk-stabilize-v3] epoch 26/60 lr=0.0009852 train_acc=0.9750 val@T6=0.9675 sel@T16 HN=0.9600 K16=1.0000 ov=0.9775 (best@ep21 joint=0.9792 minHK=0.9600)
[stalk-stabilize-v3] epoch 27/60 lr=0.00095007 train_acc=0.9775 val@T6=0.9650 sel@T16 HN=0.9600 K16=1.0000 ov=0.9800 (best@ep27 joint=0.9800 minHK=0.9600)
[stalk-stabilize-v3] epoch 28/60 lr=0.00091459 train_acc=0.9775 val@T6=0.9700 sel@T16 HN=0.9600 K16=1.0000 ov=0.9800 (best@ep27 joint=0.9800 minHK=0.9600)
[stalk-stabilize-v3] epoch 29/60 lr=0.00087886 train_acc=0.9781 val@T6=0.9650 sel@T16 HN=0.9500 K16=1.0000 ov=0.9750 (best@ep27 joint=0.9800 minHK=0.9600)
[stalk-stabilize-v3] epoch 30/60 lr=0.00084297 train_acc=0.9769 val@T6=0.9675 sel@T16 HN=0.9300 K16=0.9487 ov=0.9650 (best@ep27 joint=0.9800 minHK=0.9600)
[stalk-stabilize-v3] epoch 31/60 lr=0.00080703 train_acc=0.9781 val@T6=0.9725 sel@T16 HN=0.9550 K16=1.0000 ov=0.9775 (best@ep27 joint=0.9800 minHK=0.9600)
[stalk-stabilize-v3] epoch 32/60 lr=0.00077114 train_acc=0.9769 val@T6=0.9725 sel@T16 HN=0.9600 K16=0.9744 ov=0.9600 (best@ep27 joint=0.9800 minHK=0.9600)
[stalk-stabilize-v3] epoch 33/60 lr=0.00073541 train_acc=0.9800 val@T6=0.9625 sel@T16 HN=0.9550 K16=0.9487 ov=0.9625 (best@ep27 joint=0.9800 minHK=0.9600)
[stalk-stabilize-v3] epoch 34/60 lr=0.00069993 train_acc=0.9819 val@T6=0.9750 sel@T16 HN=0.9650 K16=0.9744 ov=0.9425 (best@ep27 joint=0.9800 minHK=0.9600)
[stalk-stabilize-v3] epoch 35/60 lr=0.0006648 train_acc=0.9762 val@T6=0.9725 sel@T16 HN=0.9650 K16=0.9487 ov=0.9550 (best@ep27 joint=0.9800 minHK=0.9600)
[stalk-stabilize-v3] epoch 36/60 lr=0.00063013 train_acc=0.9806 val@T6=0.9700 sel@T16 HN=0.9650 K16=0.9744 ov=0.9600 (best@ep27 joint=0.9800 minHK=0.9600)
[stalk-stabilize-v3] epoch 37/60 lr=0.00059601 train_acc=0.9806 val@T6=0.9725 sel@T16 HN=0.9700 K16=0.7692 ov=0.9350 (best@ep27 joint=0.9800 minHK=0.9600)
[stalk-stabilize-v3] epoch 38/60 lr=0.00056254 train_acc=0.9812 val@T6=0.9700 sel@T16 HN=0.9650 K16=0.9231 ov=0.9625 (best@ep27 joint=0.9800 minHK=0.9600)
[stalk-stabilize-v3] epoch 39/60 lr=0.00052982 train_acc=0.9831 val@T6=0.9700 sel@T16 HN=0.9600 K16=1.0000 ov=0.9725 (best@ep27 joint=0.9800 minHK=0.9600)
[stalk-stabilize-v3] epoch 40/60 lr=0.00049793 train_acc=0.9856 val@T6=0.9800 sel@T16 HN=0.9900 K16=0.5128 ov=0.9900 (best@ep27 joint=0.9800 minHK=0.9600)
[stalk-stabilize-v3] epoch 41/60 lr=0.00046697 train_acc=0.9912 val@T6=0.9775 sel@T16 HN=0.9900 K16=0.7179 ov=0.9850 (best@ep27 joint=0.9800 minHK=0.9600)
[stalk-stabilize-v3] epoch 42/60 lr=0.00043702 train_acc=0.9919 val@T6=0.9875 sel@T16 HN=0.9900 K16=0.0000 ov=0.9875 (best@ep27 joint=0.9800 minHK=0.9600)
[stalk-stabilize-v3] epoch 43/60 lr=0.00040817 train_acc=0.9925 val@T6=0.9875 sel@T16 HN=0.9900 K16=0.0513 ov=0.9875 (best@ep27 joint=0.9800 minHK=0.9600)
[stalk-stabilize-v3] epoch 44/60 lr=0.0003805 train_acc=0.9912 val@T6=0.9900 sel@T16 HN=0.9900 K16=0.0256 ov=0.9900 (best@ep27 joint=0.9800 minHK=0.9600)
[stalk-stabilize-v3] epoch 45/60 lr=0.0003541 train_acc=0.9944 val@T6=0.9850 sel@T16 HN=0.9900 K16=0.5897 ov=0.9925 (best@ep27 joint=0.9800 minHK=0.9600)
[stalk-stabilize-v3] epoch 46/60 lr=0.00032903 train_acc=0.9925 val@T6=0.9900 sel@T16 HN=0.9900 K16=0.0256 ov=0.9925 (best@ep27 joint=0.9800 minHK=0.9600)
[stalk-stabilize-v3] epoch 47/60 lr=0.00030536 train_acc=0.9944 val@T6=0.9900 sel@T16 HN=0.9900 K16=0.0256 ov=0.9900 (best@ep27 joint=0.9800 minHK=0.9600)
[stalk-stabilize-v3] epoch 48/60 lr=0.00028317 train_acc=0.9950 val@T6=0.9900 sel@T16 HN=0.9900 K16=0.0256 ov=0.9925 (best@ep27 joint=0.9800 minHK=0.9600)
[stalk-stabilize-v3] epoch 49/60 lr=0.00026251 train_acc=0.9944 val@T6=0.9850 sel@T16 HN=0.9900 K16=0.0256 ov=0.9925 (best@ep27 joint=0.9800 minHK=0.9600)
[stalk-stabilize-v3] epoch 50/60 lr=0.00024345 train_acc=0.9944 val@T6=0.9800 sel@T16 HN=0.9900 K16=0.0256 ov=0.9925 (best@ep27 joint=0.9800 minHK=0.9600)
[stalk-stabilize-v3] epoch 51/60 lr=0.00022604 train_acc=0.9944 val@T6=0.9825 sel@T16 HN=0.9700 K16=0.0256 ov=0.9825 (best@ep27 joint=0.9800 minHK=0.9600)
[stalk-stabilize-v3] epoch 52/60 lr=0.00021032 train_acc=0.9938 val@T6=0.9850 sel@T16 HN=0.9900 K16=0.0256 ov=0.9925 (best@ep27 joint=0.9800 minHK=0.9600)
[stalk-stabilize-v3] epoch 53/60 lr=0.00019635 train_acc=0.9944 val@T6=0.9850 sel@T16 HN=0.9900 K16=0.0256 ov=0.9925 (best@ep27 joint=0.9800 minHK=0.9600)
[stalk-stabilize-v3] epoch 54/60 lr=0.00018416 train_acc=0.9938 val@T6=0.9850 sel@T16 HN=0.9900 K16=0.0256 ov=0.9925 (best@ep27 joint=0.9800 minHK=0.9600)
[stalk-stabilize-v3] epoch 55/60 lr=0.00017378 train_acc=0.9950 val@T6=0.9850 sel@T16 HN=0.9900 K16=0.0513 ov=0.9925 (best@ep27 joint=0.9800 minHK=0.9600)
[stalk-stabilize-v3] epoch 56/60 lr=0.00016525 train_acc=0.9956 val@T6=0.9875 sel@T16 HN=0.9900 K16=0.8462 ov=0.9925 (best@ep27 joint=0.9800 minHK=0.9600)
[stalk-stabilize-v3] epoch 57/60 lr=0.00015859 train_acc=0.9956 val@T6=0.9850 sel@T16 HN=0.9900 K16=0.0256 ov=0.9925 (best@ep27 joint=0.9800 minHK=0.9600)
[stalk-stabilize-v3] epoch 58/60 lr=0.00015382 train_acc=0.9950 val@T6=0.9800 sel@T16 HN=0.9900 K16=0.8718 ov=0.9950 (best@ep27 joint=0.9800 minHK=0.9600)
[stalk-stabilize-v3] epoch 59/60 lr=0.00015096 train_acc=0.9950 val@T6=0.9850 sel@T16 HN=0.9900 K16=0.8718 ov=0.9950 (best@ep27 joint=0.9800 minHK=0.9600)
[stalk-stabilize-v3] epoch 60/60 lr=0.00015 train_acc=0.9950 val@T6=0.9800 sel@T16 HN=0.9700 K16=0.8718 ov=0.9850 (best@ep27 joint=0.9800 minHK=0.9600)
[stalk-stabilize-v3] seed=0 OOD eval T∈(6, 8, 12, 16)
[stalk-stabilize-v3] seed=0 untrained control
[stalk-stabilize-v3] seed=0 T16 overall=0.7979 hard_neg=0.6292 K16=1.0000 prereg=False
[stalk-stabilize-v3] === seed 1 train (harden) ===
[stalk-stabilize-v3] params=117506 parity_ok=True d=64 mlp=10 T=6 lr=0.0015→0.00015 cosine clip=2.5
[stalk-stabilize-v3] epoch 1/60 lr=0.0015 train_acc=0.7163 val@T6=0.8300 sel@T16 HN=0.8900 K16=1.0000 ov=0.8025 (best@ep1 joint=0.8975 minHK=0.8900)
[stalk-stabilize-v3] epoch 2/60 lr=0.001499 train_acc=0.8375 val@T6=0.8525 sel@T16 HN=0.7900 K16=1.0000 ov=0.8325 (best@ep1 joint=0.8975 minHK=0.8900)
[stalk-stabilize-v3] epoch 3/60 lr=0.0014962 train_acc=0.8631 val@T6=0.8550 sel@T16 HN=0.9300 K16=0.2051 ov=0.7800 (best@ep1 joint=0.8975 minHK=0.8900)
[stalk-stabilize-v3] epoch 4/60 lr=0.0014914 train_acc=0.8762 val@T6=0.8650 sel@T16 HN=0.9500 K16=0.0513 ov=0.7800 (best@ep1 joint=0.8975 minHK=0.8900)
[stalk-stabilize-v3] epoch 5/60 lr=0.0014847 train_acc=0.8769 val@T6=0.8675 sel@T16 HN=0.9700 K16=0.9744 ov=0.7750 (best@ep5 joint=0.9065 minHK=0.9700)
[stalk-stabilize-v3] epoch 6/60 lr=0.0014762 train_acc=0.8881 val@T6=0.8825 sel@T16 HN=0.9750 K16=0.0513 ov=0.7750 (best@ep5 joint=0.9065 minHK=0.9700)
[stalk-stabilize-v3] epoch 7/60 lr=0.0014658 train_acc=0.8906 val@T6=0.8675 sel@T16 HN=0.9950 K16=0.0000 ov=0.6875 (best@ep5 joint=0.9065 minHK=0.9700)
[stalk-stabilize-v3] epoch 8/60 lr=0.0014537 train_acc=0.8938 val@T6=0.8725 sel@T16 HN=0.9950 K16=0.0000 ov=0.7075 (best@ep5 joint=0.9065 minHK=0.9700)
[stalk-stabilize-v3] epoch 9/60 lr=0.0014397 train_acc=0.8962 val@T6=0.8925 sel@T16 HN=0.9950 K16=0.0000 ov=0.7350 (best@ep5 joint=0.9065 minHK=0.9700)
[stalk-stabilize-v3] epoch 10/60 lr=0.001424 train_acc=0.9106 val@T6=0.8850 sel@T16 HN=1.0000 K16=0.0000 ov=0.7175 (best@ep5 joint=0.9065 minHK=0.9700)
[stalk-stabilize-v3] epoch 11/60 lr=0.0014065 train_acc=0.9050 val@T6=0.9150 sel@T16 HN=0.9800 K16=0.0000 ov=0.8150 (best@ep5 joint=0.9065 minHK=0.9700)
[stalk-stabilize-v3] epoch 12/60 lr=0.0013875 train_acc=0.9344 val@T6=0.8875 sel@T16 HN=0.9250 K16=0.8205 ov=0.7350 (best@ep5 joint=0.9065 minHK=0.9700)
[stalk-stabilize-v3] epoch 13/60 lr=0.0013668 train_acc=0.9269 val@T6=0.9275 sel@T16 HN=1.0000 K16=0.0000 ov=0.7225 (best@ep5 joint=0.9065 minHK=0.9700)
[stalk-stabilize-v3] epoch 14/60 lr=0.0013446 train_acc=0.9469 val@T6=0.9350 sel@T16 HN=1.0000 K16=0.0000 ov=0.7325 (best@ep5 joint=0.9065 minHK=0.9700)
[stalk-stabilize-v3] epoch 15/60 lr=0.001321 train_acc=0.9563 val@T6=0.9500 sel@T16 HN=1.0000 K16=0.6154 ov=0.6775 (best@ep5 joint=0.9065 minHK=0.9700)
[stalk-stabilize-v3] epoch 16/60 lr=0.0012959 train_acc=0.9631 val@T6=0.9575 sel@T16 HN=1.0000 K16=0.5385 ov=0.6750 (best@ep5 joint=0.9065 minHK=0.9700)
[stalk-stabilize-v3] epoch 17/60 lr=0.0012695 train_acc=0.9650 val@T6=0.9400 sel@T16 HN=1.0000 K16=0.0256 ov=0.6775 (best@ep5 joint=0.9065 minHK=0.9700)
[stalk-stabilize-v3] epoch 18/60 lr=0.0012418 train_acc=0.9600 val@T6=0.9550 sel@T16 HN=1.0000 K16=0.0256 ov=0.6750 (best@ep5 joint=0.9065 minHK=0.9700)
[stalk-stabilize-v3] epoch 19/60 lr=0.001213 train_acc=0.9644 val@T6=0.9475 sel@T16 HN=1.0000 K16=0.0256 ov=0.6675 (best@ep5 joint=0.9065 minHK=0.9700)
[stalk-stabilize-v3] epoch 20/60 lr=0.001183 train_acc=0.9431 val@T6=0.9500 sel@T16 HN=1.0000 K16=0.0256 ov=0.7050 (best@ep5 joint=0.9065 minHK=0.9700)
[stalk-stabilize-v3] epoch 21/60 lr=0.0011521 train_acc=0.9706 val@T6=0.9650 sel@T16 HN=1.0000 K16=0.0769 ov=0.8100 (best@ep5 joint=0.9065 minHK=0.9700)
[stalk-stabilize-v3] epoch 22/60 lr=0.0011202 train_acc=0.9731 val@T6=0.9725 sel@T16 HN=0.9850 K16=0.6667 ov=0.8750 (best@ep5 joint=0.9065 minHK=0.9700)
[stalk-stabilize-v3] epoch 23/60 lr=0.0010875 train_acc=0.9762 val@T6=0.9575 sel@T16 HN=1.0000 K16=0.6154 ov=0.8575 (best@ep5 joint=0.9065 minHK=0.9700)
[stalk-stabilize-v3] epoch 24/60 lr=0.001054 train_acc=0.9806 val@T6=0.9675 sel@T16 HN=1.0000 K16=0.6667 ov=0.8450 (best@ep5 joint=0.9065 minHK=0.9700)
[stalk-stabilize-v3] epoch 25/60 lr=0.0010199 train_acc=0.9806 val@T6=0.9600 sel@T16 HN=0.9900 K16=0.8718 ov=0.8875 (best@ep25 joint=0.9164 minHK=0.8718)
[stalk-stabilize-v3] epoch 26/60 lr=0.0009852 train_acc=0.9819 val@T6=0.9550 sel@T16 HN=1.0000 K16=0.5641 ov=0.8725 (best@ep25 joint=0.9164 minHK=0.8718)
[stalk-stabilize-v3] epoch 27/60 lr=0.00095007 train_acc=0.9788 val@T6=0.9525 sel@T16 HN=1.0000 K16=0.0769 ov=0.8250 (best@ep25 joint=0.9164 minHK=0.8718)
[stalk-stabilize-v3] epoch 28/60 lr=0.00091459 train_acc=0.9788 val@T6=0.9600 sel@T16 HN=1.0000 K16=0.0256 ov=0.8525 (best@ep25 joint=0.9164 minHK=0.8718)
[stalk-stabilize-v3] epoch 29/60 lr=0.00087886 train_acc=0.9838 val@T6=0.9700 sel@T16 HN=1.0000 K16=0.5641 ov=0.8550 (best@ep25 joint=0.9164 minHK=0.8718)
[stalk-stabilize-v3] epoch 30/60 lr=0.00084297 train_acc=0.9825 val@T6=0.9675 sel@T16 HN=1.0000 K16=0.0513 ov=0.8125 (best@ep25 joint=0.9164 minHK=0.8718)
[stalk-stabilize-v3] epoch 31/60 lr=0.00080703 train_acc=0.9775 val@T6=0.9675 sel@T16 HN=1.0000 K16=0.4359 ov=0.8325 (best@ep25 joint=0.9164 minHK=0.8718)
[stalk-stabilize-v3] epoch 32/60 lr=0.00077114 train_acc=0.9806 val@T6=0.9625 sel@T16 HN=1.0000 K16=0.0256 ov=0.8125 (best@ep25 joint=0.9164 minHK=0.8718)
[stalk-stabilize-v3] epoch 33/60 lr=0.00073541 train_acc=0.9825 val@T6=0.9625 sel@T16 HN=1.0000 K16=0.4359 ov=0.8525 (best@ep25 joint=0.9164 minHK=0.8718)
[stalk-stabilize-v3] epoch 34/60 lr=0.00069993 train_acc=0.9844 val@T6=0.9675 sel@T16 HN=1.0000 K16=0.8205 ov=0.8725 (best@ep25 joint=0.9164 minHK=0.8718)
[stalk-stabilize-v3] epoch 35/60 lr=0.0006648 train_acc=0.9825 val@T6=0.9675 sel@T16 HN=1.0000 K16=0.8205 ov=0.8450 (best@ep25 joint=0.9164 minHK=0.8718)
[stalk-stabilize-v3] epoch 36/60 lr=0.00063013 train_acc=0.9819 val@T6=0.9575 sel@T16 HN=1.0000 K16=0.9487 ov=0.8000 (best@ep25 joint=0.9164 minHK=0.8718)
[stalk-stabilize-v3] epoch 37/60 lr=0.00059601 train_acc=0.9838 val@T6=0.9600 sel@T16 HN=1.0000 K16=0.9231 ov=0.8150 (best@ep25 joint=0.9164 minHK=0.8718)
[stalk-stabilize-v3] epoch 38/60 lr=0.00056254 train_acc=0.9850 val@T6=0.9600 sel@T16 HN=1.0000 K16=0.9487 ov=0.8225 (best@ep38 joint=0.9237 minHK=0.9487)
[stalk-stabilize-v3] epoch 39/60 lr=0.00052982 train_acc=0.9844 val@T6=0.9600 sel@T16 HN=1.0000 K16=0.9487 ov=0.8175 (best@ep38 joint=0.9237 minHK=0.9487)
[stalk-stabilize-v3] epoch 40/60 lr=0.00049793 train_acc=0.9869 val@T6=0.9675 sel@T16 HN=1.0000 K16=0.0769 ov=0.8425 (best@ep38 joint=0.9237 minHK=0.9487)
[stalk-stabilize-v3] epoch 41/60 lr=0.00046697 train_acc=0.9844 val@T6=0.9600 sel@T16 HN=1.0000 K16=0.9487 ov=0.8025 (best@ep38 joint=0.9237 minHK=0.9487)
[stalk-stabilize-v3] epoch 42/60 lr=0.00043702 train_acc=0.9838 val@T6=0.9600 sel@T16 HN=1.0000 K16=0.3846 ov=0.8050 (best@ep38 joint=0.9237 minHK=0.9487)
[stalk-stabilize-v3] epoch 43/60 lr=0.00040817 train_acc=0.9850 val@T6=0.9650 sel@T16 HN=1.0000 K16=0.8462 ov=0.8225 (best@ep38 joint=0.9237 minHK=0.9487)
[stalk-stabilize-v3] epoch 44/60 lr=0.0003805 train_acc=0.9844 val@T6=0.9650 sel@T16 HN=1.0000 K16=0.4103 ov=0.8150 (best@ep38 joint=0.9237 minHK=0.9487)
[stalk-stabilize-v3] epoch 45/60 lr=0.0003541 train_acc=0.9856 val@T6=0.9600 sel@T16 HN=1.0000 K16=0.9487 ov=0.8225 (best@ep38 joint=0.9237 minHK=0.9487)
[stalk-stabilize-v3] epoch 46/60 lr=0.00032903 train_acc=0.9862 val@T6=0.9600 sel@T16 HN=1.0000 K16=0.9487 ov=0.8150 (best@ep38 joint=0.9237 minHK=0.9487)
[stalk-stabilize-v3] epoch 47/60 lr=0.00030536 train_acc=0.9850 val@T6=0.9600 sel@T16 HN=1.0000 K16=0.2821 ov=0.8125 (best@ep38 joint=0.9237 minHK=0.9487)
[stalk-stabilize-v3] epoch 48/60 lr=0.00028317 train_acc=0.9875 val@T6=0.9650 sel@T16 HN=1.0000 K16=0.3333 ov=0.8325 (best@ep38 joint=0.9237 minHK=0.9487)
[stalk-stabilize-v3] epoch 49/60 lr=0.00026251 train_acc=0.9875 val@T6=0.9650 sel@T16 HN=1.0000 K16=0.2821 ov=0.8250 (best@ep38 joint=0.9237 minHK=0.9487)
[stalk-stabilize-v3] epoch 50/60 lr=0.00024345 train_acc=0.9869 val@T6=0.9650 sel@T16 HN=1.0000 K16=0.4359 ov=0.8150 (best@ep38 joint=0.9237 minHK=0.9487)
[stalk-stabilize-v3] epoch 51/60 lr=0.00022604 train_acc=0.9869 val@T6=0.9650 sel@T16 HN=1.0000 K16=0.2821 ov=0.7950 (best@ep38 joint=0.9237 minHK=0.9487)
[stalk-stabilize-v3] epoch 52/60 lr=0.00021032 train_acc=0.9881 val@T6=0.9650 sel@T16 HN=1.0000 K16=0.2821 ov=0.8025 (best@ep38 joint=0.9237 minHK=0.9487)
[stalk-stabilize-v3] epoch 53/60 lr=0.00019635 train_acc=0.9862 val@T6=0.9575 sel@T16 HN=1.0000 K16=0.9231 ov=0.7900 (best@ep38 joint=0.9237 minHK=0.9487)
[stalk-stabilize-v3] epoch 54/60 lr=0.00018416 train_acc=0.9894 val@T6=0.9650 sel@T16 HN=1.0000 K16=0.8718 ov=0.8275 (best@ep38 joint=0.9237 minHK=0.9487)
[stalk-stabilize-v3] epoch 55/60 lr=0.00017378 train_acc=0.9875 val@T6=0.9650 sel@T16 HN=1.0000 K16=0.9231 ov=0.8225 (best@ep38 joint=0.9237 minHK=0.9487)
[stalk-stabilize-v3] epoch 56/60 lr=0.00016525 train_acc=0.9900 val@T6=0.9600 sel@T16 HN=1.0000 K16=0.9231 ov=0.8100 (best@ep38 joint=0.9237 minHK=0.9487)
[stalk-stabilize-v3] epoch 57/60 lr=0.00015859 train_acc=0.9881 val@T6=0.9650 sel@T16 HN=1.0000 K16=0.9231 ov=0.8225 (best@ep38 joint=0.9237 minHK=0.9487)
[stalk-stabilize-v3] epoch 58/60 lr=0.00015382 train_acc=0.9888 val@T6=0.9650 sel@T16 HN=1.0000 K16=0.9231 ov=0.8200 (best@ep38 joint=0.9237 minHK=0.9487)
[stalk-stabilize-v3] epoch 59/60 lr=0.00015096 train_acc=0.9875 val@T6=0.9650 sel@T16 HN=1.0000 K16=0.9231 ov=0.8225 (best@ep38 joint=0.9237 minHK=0.9487)
[stalk-stabilize-v3] epoch 60/60 lr=0.00015 train_acc=0.9881 val@T6=0.9600 sel@T16 HN=1.0000 K16=0.9231 ov=0.8125 (best@ep38 joint=0.9237 minHK=0.9487)
[stalk-stabilize-v3] seed=1 OOD eval T∈(6, 8, 12, 16)
[stalk-stabilize-v3] seed=1 untrained control
[stalk-stabilize-v3] seed=1 T16 overall=0.9292 hard_neg=1.0000 K16=0.8875 prereg=True
[stalk-stabilize-v3] === seed 2 train (harden) ===
[stalk-stabilize-v3] params=117506 parity_ok=True d=64 mlp=10 T=6 lr=0.0015→0.00015 cosine clip=2.5
[stalk-stabilize-v3] epoch 1/60 lr=0.0015 train_acc=0.7262 val@T6=0.8225 sel@T16 HN=0.7100 K16=1.0000 ov=0.8175 (best@ep1 joint=0.8425 minHK=0.7100)
[stalk-stabilize-v3] epoch 2/60 lr=0.001499 train_acc=0.8475 val@T6=0.8500 sel@T16 HN=0.6700 K16=1.0000 ov=0.8300 (best@ep1 joint=0.8425 minHK=0.7100)
[stalk-stabilize-v3] epoch 3/60 lr=0.0014962 train_acc=0.8575 val@T6=0.8525 sel@T16 HN=0.7150 K16=1.0000 ov=0.8350 (best@ep3 joint=0.8500 minHK=0.7150)
[stalk-stabilize-v3] epoch 4/60 lr=0.0014914 train_acc=0.8769 val@T6=0.8775 sel@T16 HN=0.8500 K16=0.9744 ov=0.8450 (best@ep4 joint=0.8898 minHK=0.8500)
[stalk-stabilize-v3] epoch 5/60 lr=0.0014847 train_acc=0.8875 val@T6=0.8900 sel@T16 HN=0.7250 K16=0.9744 ov=0.8475 (best@ep4 joint=0.8898 minHK=0.8500)
[stalk-stabilize-v3] epoch 6/60 lr=0.0014762 train_acc=0.8994 val@T6=0.8675 sel@T16 HN=0.8300 K16=0.9744 ov=0.8775 (best@ep6 joint=0.8940 minHK=0.8300)
[stalk-stabilize-v3] epoch 7/60 lr=0.0014658 train_acc=0.8981 val@T6=0.8825 sel@T16 HN=0.7850 K16=1.0000 ov=0.8650 (best@ep6 joint=0.8940 minHK=0.8300)
[stalk-stabilize-v3] epoch 8/60 lr=0.0014537 train_acc=0.9100 val@T6=0.8900 sel@T16 HN=0.9350 K16=1.0000 ov=0.8800 (best@ep8 joint=0.9383 minHK=0.9350)
[stalk-stabilize-v3] epoch 9/60 lr=0.0014397 train_acc=0.9131 val@T6=0.8950 sel@T16 HN=0.9300 K16=1.0000 ov=0.8600 (best@ep8 joint=0.9383 minHK=0.9350)
[stalk-stabilize-v3] epoch 10/60 lr=0.001424 train_acc=0.9175 val@T6=0.8725 sel@T16 HN=0.9550 K16=0.9744 ov=0.8125 (best@ep8 joint=0.9383 minHK=0.9350)
[stalk-stabilize-v3] epoch 11/60 lr=0.0014065 train_acc=0.9187 val@T6=0.9150 sel@T16 HN=0.8950 K16=1.0000 ov=0.9250 (best@ep11 joint=0.9400 minHK=0.8950)
[stalk-stabilize-v3] epoch 12/60 lr=0.0013875 train_acc=0.9387 val@T6=0.9150 sel@T16 HN=0.9000 K16=1.0000 ov=0.9400 (best@ep12 joint=0.9467 minHK=0.9000)
[stalk-stabilize-v3] epoch 13/60 lr=0.0013668 train_acc=0.9419 val@T6=0.9275 sel@T16 HN=0.9350 K16=0.4615 ov=0.8875 (best@ep12 joint=0.9467 minHK=0.9000)
[stalk-stabilize-v3] epoch 14/60 lr=0.0013446 train_acc=0.9519 val@T6=0.9450 sel@T16 HN=0.9200 K16=0.9231 ov=0.9550 (best@ep12 joint=0.9467 minHK=0.9000)
[stalk-stabilize-v3] epoch 15/60 lr=0.001321 train_acc=0.9563 val@T6=0.9525 sel@T16 HN=0.9250 K16=0.8974 ov=0.9425 (best@ep12 joint=0.9467 minHK=0.9000)
[stalk-stabilize-v3] epoch 16/60 lr=0.0012959 train_acc=0.9581 val@T6=0.9500 sel@T16 HN=0.9250 K16=0.7949 ov=0.9475 (best@ep12 joint=0.9467 minHK=0.9000)
[stalk-stabilize-v3] epoch 17/60 lr=0.0012695 train_acc=0.9625 val@T6=0.9525 sel@T16 HN=0.8900 K16=1.0000 ov=0.9450 (best@ep12 joint=0.9467 minHK=0.9000)
[stalk-stabilize-v3] epoch 18/60 lr=0.0012418 train_acc=0.9544 val@T6=0.9375 sel@T16 HN=0.5850 K16=1.0000 ov=0.7925 (best@ep12 joint=0.9467 minHK=0.9000)
[stalk-stabilize-v3] epoch 19/60 lr=0.001213 train_acc=0.9606 val@T6=0.9525 sel@T16 HN=0.8650 K16=1.0000 ov=0.9300 (best@ep12 joint=0.9467 minHK=0.9000)
[stalk-stabilize-v3] epoch 20/60 lr=0.001183 train_acc=0.9613 val@T6=0.9550 sel@T16 HN=0.9200 K16=0.9744 ov=0.9575 (best@ep20 joint=0.9506 minHK=0.9200)
[stalk-stabilize-v3] epoch 21/60 lr=0.0011521 train_acc=0.9606 val@T6=0.9475 sel@T16 HN=0.4850 K16=1.0000 ov=0.7425 (best@ep20 joint=0.9506 minHK=0.9200)
[stalk-stabilize-v3] epoch 22/60 lr=0.0011202 train_acc=0.9594 val@T6=0.9475 sel@T16 HN=0.9300 K16=1.0000 ov=0.9100 (best@ep20 joint=0.9506 minHK=0.9200)
[stalk-stabilize-v3] epoch 23/60 lr=0.0010875 train_acc=0.9625 val@T6=0.9475 sel@T16 HN=0.8750 K16=1.0000 ov=0.9300 (best@ep20 joint=0.9506 minHK=0.9200)
[stalk-stabilize-v3] epoch 24/60 lr=0.001054 train_acc=0.9650 val@T6=0.9475 sel@T16 HN=0.9250 K16=1.0000 ov=0.9550 (best@ep24 joint=0.9600 minHK=0.9250)
[stalk-stabilize-v3] epoch 25/60 lr=0.0010199 train_acc=0.9650 val@T6=0.9525 sel@T16 HN=0.9250 K16=0.9744 ov=0.9475 (best@ep24 joint=0.9600 minHK=0.9250)
[stalk-stabilize-v3] epoch 26/60 lr=0.0009852 train_acc=0.9675 val@T6=0.9550 sel@T16 HN=0.9450 K16=0.9744 ov=0.9600 (best@ep24 joint=0.9600 minHK=0.9250)
[stalk-stabilize-v3] epoch 27/60 lr=0.00095007 train_acc=0.9669 val@T6=0.9500 sel@T16 HN=0.9250 K16=1.0000 ov=0.8975 (best@ep24 joint=0.9600 minHK=0.9250)
[stalk-stabilize-v3] epoch 28/60 lr=0.00091459 train_acc=0.9656 val@T6=0.9425 sel@T16 HN=0.9350 K16=0.9231 ov=0.8975 (best@ep24 joint=0.9600 minHK=0.9250)
[stalk-stabilize-v3] epoch 29/60 lr=0.00087886 train_acc=0.9619 val@T6=0.9350 sel@T16 HN=0.7900 K16=1.0000 ov=0.8800 (best@ep24 joint=0.9600 minHK=0.9250)
[stalk-stabilize-v3] epoch 30/60 lr=0.00084297 train_acc=0.9625 val@T6=0.9475 sel@T16 HN=0.9150 K16=1.0000 ov=0.9575 (best@ep24 joint=0.9600 minHK=0.9250)
[stalk-stabilize-v3] epoch 31/60 lr=0.00080703 train_acc=0.9637 val@T6=0.9425 sel@T16 HN=0.9500 K16=1.0000 ov=0.9050 (best@ep24 joint=0.9600 minHK=0.9250)
[stalk-stabilize-v3] epoch 32/60 lr=0.00077114 train_acc=0.9619 val@T6=0.9525 sel@T16 HN=0.9300 K16=0.9231 ov=0.9400 (best@ep24 joint=0.9600 minHK=0.9250)
[stalk-stabilize-v3] epoch 33/60 lr=0.00073541 train_acc=0.9650 val@T6=0.9475 sel@T16 HN=0.9200 K16=1.0000 ov=0.9475 (best@ep24 joint=0.9600 minHK=0.9250)
[stalk-stabilize-v3] epoch 34/60 lr=0.00069993 train_acc=0.9619 val@T6=0.9450 sel@T16 HN=0.9150 K16=1.0000 ov=0.9475 (best@ep24 joint=0.9600 minHK=0.9250)
[stalk-stabilize-v3] epoch 35/60 lr=0.0006648 train_acc=0.9637 val@T6=0.9475 sel@T16 HN=0.8800 K16=1.0000 ov=0.9400 (best@ep24 joint=0.9600 minHK=0.9250)
[stalk-stabilize-v3] epoch 36/60 lr=0.00063013 train_acc=0.9644 val@T6=0.9450 sel@T16 HN=0.9150 K16=1.0000 ov=0.9575 (best@ep24 joint=0.9600 minHK=0.9250)
[stalk-stabilize-v3] epoch 37/60 lr=0.00059601 train_acc=0.9650 val@T6=0.9475 sel@T16 HN=0.9200 K16=1.0000 ov=0.9550 (best@ep24 joint=0.9600 minHK=0.9250)
[stalk-stabilize-v3] epoch 38/60 lr=0.00056254 train_acc=0.9644 val@T6=0.9400 sel@T16 HN=0.9350 K16=0.9744 ov=0.9525 (best@ep24 joint=0.9600 minHK=0.9250)
[stalk-stabilize-v3] epoch 39/60 lr=0.00052982 train_acc=0.9656 val@T6=0.9475 sel@T16 HN=0.9300 K16=1.0000 ov=0.9525 (best@ep39 joint=0.9608 minHK=0.9300)
[stalk-stabilize-v3] epoch 40/60 lr=0.00049793 train_acc=0.9625 val@T6=0.9475 sel@T16 HN=0.9200 K16=1.0000 ov=0.9575 (best@ep39 joint=0.9608 minHK=0.9300)
[stalk-stabilize-v3] epoch 41/60 lr=0.00046697 train_acc=0.9675 val@T6=0.9450 sel@T16 HN=0.9100 K16=1.0000 ov=0.9450 (best@ep39 joint=0.9608 minHK=0.9300)
[stalk-stabilize-v3] epoch 42/60 lr=0.00043702 train_acc=0.9650 val@T6=0.9475 sel@T16 HN=0.9050 K16=1.0000 ov=0.9400 (best@ep39 joint=0.9608 minHK=0.9300)
[stalk-stabilize-v3] epoch 43/60 lr=0.00040817 train_acc=0.9631 val@T6=0.9450 sel@T16 HN=0.9300 K16=1.0000 ov=0.9550 (best@ep43 joint=0.9617 minHK=0.9300)
[stalk-stabilize-v3] epoch 44/60 lr=0.0003805 train_acc=0.9675 val@T6=0.9475 sel@T16 HN=0.9250 K16=1.0000 ov=0.9500 (best@ep43 joint=0.9617 minHK=0.9300)
[stalk-stabilize-v3] epoch 45/60 lr=0.0003541 train_acc=0.9669 val@T6=0.9475 sel@T16 HN=0.9200 K16=1.0000 ov=0.9500 (best@ep43 joint=0.9617 minHK=0.9300)
[stalk-stabilize-v3] epoch 46/60 lr=0.00032903 train_acc=0.9644 val@T6=0.9450 sel@T16 HN=0.9200 K16=1.0000 ov=0.9450 (best@ep43 joint=0.9617 minHK=0.9300)
[stalk-stabilize-v3] epoch 47/60 lr=0.00030536 train_acc=0.9656 val@T6=0.9475 sel@T16 HN=0.9150 K16=1.0000 ov=0.9425 (best@ep43 joint=0.9617 minHK=0.9300)
[stalk-stabilize-v3] epoch 48/60 lr=0.00028317 train_acc=0.9650 val@T6=0.9425 sel@T16 HN=0.9150 K16=1.0000 ov=0.9400 (best@ep43 joint=0.9617 minHK=0.9300)
[stalk-stabilize-v3] epoch 49/60 lr=0.00026251 train_acc=0.9656 val@T6=0.9425 sel@T16 HN=0.9200 K16=0.9744 ov=0.9475 (best@ep43 joint=0.9617 minHK=0.9300)
[stalk-stabilize-v3] epoch 50/60 lr=0.00024345 train_acc=0.9688 val@T6=0.9475 sel@T16 HN=0.9150 K16=1.0000 ov=0.9575 (best@ep43 joint=0.9617 minHK=0.9300)
[stalk-stabilize-v3] epoch 51/60 lr=0.00022604 train_acc=0.9656 val@T6=0.9475 sel@T16 HN=0.9200 K16=1.0000 ov=0.9550 (best@ep43 joint=0.9617 minHK=0.9300)
[stalk-stabilize-v3] epoch 52/60 lr=0.00021032 train_acc=0.9669 val@T6=0.9475 sel@T16 HN=0.9000 K16=1.0000 ov=0.9400 (best@ep43 joint=0.9617 minHK=0.9300)
[stalk-stabilize-v3] epoch 53/60 lr=0.00019635 train_acc=0.9656 val@T6=0.9475 sel@T16 HN=0.9000 K16=1.0000 ov=0.9475 (best@ep43 joint=0.9617 minHK=0.9300)
[stalk-stabilize-v3] epoch 54/60 lr=0.00018416 train_acc=0.9688 val@T6=0.9375 sel@T16 HN=0.9050 K16=1.0000 ov=0.9400 (best@ep43 joint=0.9617 minHK=0.9300)
[stalk-stabilize-v3] epoch 55/60 lr=0.00017378 train_acc=0.9663 val@T6=0.9475 sel@T16 HN=0.9000 K16=1.0000 ov=0.9450 (best@ep43 joint=0.9617 minHK=0.9300)
[stalk-stabilize-v3] epoch 56/60 lr=0.00016525 train_acc=0.9656 val@T6=0.9475 sel@T16 HN=0.9000 K16=1.0000 ov=0.9400 (best@ep43 joint=0.9617 minHK=0.9300)
[stalk-stabilize-v3] epoch 57/60 lr=0.00015859 train_acc=0.9656 val@T6=0.9425 sel@T16 HN=0.9000 K16=1.0000 ov=0.9450 (best@ep43 joint=0.9617 minHK=0.9300)
[stalk-stabilize-v3] epoch 58/60 lr=0.00015382 train_acc=0.9675 val@T6=0.9425 sel@T16 HN=0.9000 K16=1.0000 ov=0.9400 (best@ep43 joint=0.9617 minHK=0.9300)
[stalk-stabilize-v3] epoch 59/60 lr=0.00015096 train_acc=0.9675 val@T6=0.9475 sel@T16 HN=0.9000 K16=1.0000 ov=0.9425 (best@ep43 joint=0.9617 minHK=0.9300)
[stalk-stabilize-v3] epoch 60/60 lr=0.00015 train_acc=0.9681 val@T6=0.9425 sel@T16 HN=0.9150 K16=1.0000 ov=0.9475 (best@ep43 joint=0.9617 minHK=0.9300)
[stalk-stabilize-v3] seed=2 OOD eval T∈(6, 8, 12, 16)
[stalk-stabilize-v3] seed=2 untrained control
[stalk-stabilize-v3] seed=2 T16 overall=0.9292 hard_neg=0.8708 K16=1.0000 prereg=False
[stalk-stabilize-v3] === seed 3 train (harden) ===
[stalk-stabilize-v3] params=117506 parity_ok=True d=64 mlp=10 T=6 lr=0.0015→0.00015 cosine clip=2.5
[stalk-stabilize-v3] epoch 1/60 lr=0.0015 train_acc=0.7169 val@T6=0.8250 sel@T16 HN=0.7450 K16=0.1282 ov=0.6800 (best@ep1 joint=0.5177 minHK=0.1282)
[stalk-stabilize-v3] epoch 2/60 lr=0.001499 train_acc=0.8588 val@T6=0.8450 sel@T16 HN=0.9900 K16=0.1026 ov=0.5075 (best@ep2 joint=0.5334 minHK=0.1026)
[stalk-stabilize-v3] epoch 3/60 lr=0.0014962 train_acc=0.8781 val@T6=0.8500 sel@T16 HN=0.9100 K16=1.0000 ov=0.8125 (best@ep3 joint=0.9075 minHK=0.9100)
[stalk-stabilize-v3] epoch 4/60 lr=0.0014914 train_acc=0.8925 val@T6=0.8500 sel@T16 HN=0.9250 K16=1.0000 ov=0.7300 (best@ep3 joint=0.9075 minHK=0.9100)
[stalk-stabilize-v3] epoch 5/60 lr=0.0014847 train_acc=0.8944 val@T6=0.8725 sel@T16 HN=0.6900 K16=0.1795 ov=0.5750 (best@ep3 joint=0.9075 minHK=0.9100)
[stalk-stabilize-v3] epoch 6/60 lr=0.0014762 train_acc=0.9044 val@T6=0.8775 sel@T16 HN=0.8700 K16=1.0000 ov=0.8450 (best@ep3 joint=0.9075 minHK=0.9100)
[stalk-stabilize-v3] epoch 7/60 lr=0.0014658 train_acc=0.9087 val@T6=0.8875 sel@T16 HN=0.9500 K16=1.0000 ov=0.8050 (best@ep7 joint=0.9183 minHK=0.9500)
[stalk-stabilize-v3] epoch 8/60 lr=0.0014537 train_acc=0.9050 val@T6=0.8925 sel@T16 HN=0.8550 K16=1.0000 ov=0.8300 (best@ep7 joint=0.9183 minHK=0.9500)
[stalk-stabilize-v3] epoch 9/60 lr=0.0014397 train_acc=0.9094 val@T6=0.8750 sel@T16 HN=0.8950 K16=1.0000 ov=0.8075 (best@ep7 joint=0.9183 minHK=0.9500)
[stalk-stabilize-v3] epoch 10/60 lr=0.001424 train_acc=0.9294 val@T6=0.9350 sel@T16 HN=0.9550 K16=0.9744 ov=0.8200 (best@ep7 joint=0.9183 minHK=0.9500)
[stalk-stabilize-v3] epoch 11/60 lr=0.0014065 train_acc=0.9456 val@T6=0.9450 sel@T16 HN=0.9700 K16=0.9744 ov=0.7875 (best@ep7 joint=0.9183 minHK=0.9500)
[stalk-stabilize-v3] epoch 12/60 lr=0.0013875 train_acc=0.9500 val@T6=0.9075 sel@T16 HN=0.8350 K16=1.0000 ov=0.8200 (best@ep7 joint=0.9183 minHK=0.9500)
[stalk-stabilize-v3] epoch 13/60 lr=0.0013668 train_acc=0.9437 val@T6=0.9525 sel@T16 HN=0.9650 K16=0.9231 ov=0.8925 (best@ep13 joint=0.9269 minHK=0.9231)
[stalk-stabilize-v3] epoch 14/60 lr=0.0013446 train_acc=0.9519 val@T6=0.9400 sel@T16 HN=0.9650 K16=1.0000 ov=0.9100 (best@ep14 joint=0.9583 minHK=0.9650)
[stalk-stabilize-v3] epoch 15/60 lr=0.001321 train_acc=0.9513 val@T6=0.9450 sel@T16 HN=0.9800 K16=1.0000 ov=0.8300 (best@ep14 joint=0.9583 minHK=0.9650)
[stalk-stabilize-v3] epoch 16/60 lr=0.0012959 train_acc=0.9550 val@T6=0.9525 sel@T16 HN=0.9600 K16=0.1538 ov=0.9275 (best@ep14 joint=0.9583 minHK=0.9650)
[stalk-stabilize-v3] epoch 17/60 lr=0.0012695 train_acc=0.9606 val@T6=0.9475 sel@T16 HN=0.9550 K16=1.0000 ov=0.8850 (best@ep14 joint=0.9583 minHK=0.9650)
[stalk-stabilize-v3] epoch 18/60 lr=0.0012418 train_acc=0.9575 val@T6=0.9525 sel@T16 HN=0.9850 K16=1.0000 ov=0.7875 (best@ep14 joint=0.9583 minHK=0.9650)
[stalk-stabilize-v3] epoch 19/60 lr=0.001213 train_acc=0.9631 val@T6=0.9500 sel@T16 HN=0.9550 K16=1.0000 ov=0.8675 (best@ep14 joint=0.9583 minHK=0.9650)
[stalk-stabilize-v3] epoch 20/60 lr=0.001183 train_acc=0.9613 val@T6=0.9550 sel@T16 HN=0.9650 K16=0.9231 ov=0.8600 (best@ep14 joint=0.9583 minHK=0.9650)
[stalk-stabilize-v3] epoch 21/60 lr=0.0011521 train_acc=0.9631 val@T6=0.9550 sel@T16 HN=0.9700 K16=0.9744 ov=0.8625 (best@ep14 joint=0.9583 minHK=0.9650)
[stalk-stabilize-v3] epoch 22/60 lr=0.0011202 train_acc=0.9619 val@T6=0.9525 sel@T16 HN=0.9600 K16=0.9744 ov=0.8975 (best@ep14 joint=0.9583 minHK=0.9650)
[stalk-stabilize-v3] epoch 23/60 lr=0.0010875 train_acc=0.9613 val@T6=0.9525 sel@T16 HN=0.9650 K16=0.9231 ov=0.8850 (best@ep14 joint=0.9583 minHK=0.9650)
[stalk-stabilize-v3] epoch 24/60 lr=0.001054 train_acc=0.9600 val@T6=0.9475 sel@T16 HN=0.9800 K16=0.2821 ov=0.8775 (best@ep14 joint=0.9583 minHK=0.9650)
[stalk-stabilize-v3] epoch 25/60 lr=0.0010199 train_acc=0.9637 val@T6=0.9475 sel@T16 HN=0.9800 K16=0.1026 ov=0.9000 (best@ep14 joint=0.9583 minHK=0.9650)
[stalk-stabilize-v3] epoch 26/60 lr=0.0009852 train_acc=0.9613 val@T6=0.9475 sel@T16 HN=0.9800 K16=0.6923 ov=0.8725 (best@ep14 joint=0.9583 minHK=0.9650)
[stalk-stabilize-v3] epoch 27/60 lr=0.00095007 train_acc=0.9619 val@T6=0.9425 sel@T16 HN=0.9400 K16=1.0000 ov=0.9000 (best@ep14 joint=0.9583 minHK=0.9650)
[stalk-stabilize-v3] epoch 28/60 lr=0.00091459 train_acc=0.9631 val@T6=0.9500 sel@T16 HN=0.9800 K16=0.1538 ov=0.8775 (best@ep14 joint=0.9583 minHK=0.9650)
[stalk-stabilize-v3] epoch 29/60 lr=0.00087886 train_acc=0.9644 val@T6=0.9500 sel@T16 HN=0.9650 K16=1.0000 ov=0.8925 (best@ep14 joint=0.9583 minHK=0.9650)
[stalk-stabilize-v3] epoch 30/60 lr=0.00084297 train_acc=0.9656 val@T6=0.9500 sel@T16 HN=0.9600 K16=0.9487 ov=0.9050 (best@ep14 joint=0.9583 minHK=0.9650)
[stalk-stabilize-v3] epoch 31/60 lr=0.00080703 train_acc=0.9631 val@T6=0.9475 sel@T16 HN=0.9700 K16=0.3333 ov=0.8775 (best@ep14 joint=0.9583 minHK=0.9650)
[stalk-stabilize-v3] epoch 32/60 lr=0.00077114 train_acc=0.9656 val@T6=0.9425 sel@T16 HN=0.9750 K16=0.9487 ov=0.8625 (best@ep14 joint=0.9583 minHK=0.9650)
[stalk-stabilize-v3] epoch 33/60 lr=0.00073541 train_acc=0.9675 val@T6=0.9500 sel@T16 HN=0.9750 K16=0.9231 ov=0.9025 (best@ep14 joint=0.9583 minHK=0.9650)
[stalk-stabilize-v3] epoch 34/60 lr=0.00069993 train_acc=0.9706 val@T6=0.9375 sel@T16 HN=0.9750 K16=0.2821 ov=0.8300 (best@ep14 joint=0.9583 minHK=0.9650)
[stalk-stabilize-v3] epoch 35/60 lr=0.0006648 train_acc=0.9694 val@T6=0.9450 sel@T16 HN=0.9500 K16=0.9231 ov=0.8600 (best@ep14 joint=0.9583 minHK=0.9650)
[stalk-stabilize-v3] epoch 36/60 lr=0.00063013 train_acc=0.9694 val@T6=0.9475 sel@T16 HN=0.9500 K16=0.8205 ov=0.8525 (best@ep14 joint=0.9583 minHK=0.9650)
[stalk-stabilize-v3] epoch 37/60 lr=0.00059601 train_acc=0.9744 val@T6=0.9500 sel@T16 HN=0.9600 K16=0.2564 ov=0.8925 (best@ep14 joint=0.9583 minHK=0.9650)
[stalk-stabilize-v3] epoch 38/60 lr=0.00056254 train_acc=0.9706 val@T6=0.9500 sel@T16 HN=0.9600 K16=0.8974 ov=0.8900 (best@ep14 joint=0.9583 minHK=0.9650)
[stalk-stabilize-v3] epoch 39/60 lr=0.00052982 train_acc=0.9719 val@T6=0.9475 sel@T16 HN=0.9550 K16=0.9744 ov=0.8700 (best@ep14 joint=0.9583 minHK=0.9650)
[stalk-stabilize-v3] epoch 40/60 lr=0.00049793 train_acc=0.9719 val@T6=0.9525 sel@T16 HN=0.9600 K16=0.8718 ov=0.9100 (best@ep14 joint=0.9583 minHK=0.9650)
[stalk-stabilize-v3] epoch 41/60 lr=0.00046697 train_acc=0.9725 val@T6=0.9475 sel@T16 HN=0.9650 K16=0.9744 ov=0.8725 (best@ep14 joint=0.9583 minHK=0.9650)
[stalk-stabilize-v3] epoch 42/60 lr=0.00043702 train_acc=0.9719 val@T6=0.9375 sel@T16 HN=0.9650 K16=0.8462 ov=0.9025 (best@ep14 joint=0.9583 minHK=0.9650)
[stalk-stabilize-v3] epoch 43/60 lr=0.00040817 train_acc=0.9712 val@T6=0.9500 sel@T16 HN=0.9750 K16=0.7692 ov=0.9275 (best@ep14 joint=0.9583 minHK=0.9650)
[stalk-stabilize-v3] epoch 44/60 lr=0.0003805 train_acc=0.9694 val@T6=0.9475 sel@T16 HN=0.9600 K16=0.9487 ov=0.9350 (best@ep14 joint=0.9583 minHK=0.9650)
[stalk-stabilize-v3] epoch 45/60 lr=0.0003541 train_acc=0.9700 val@T6=0.9525 sel@T16 HN=0.9650 K16=0.8974 ov=0.9050 (best@ep14 joint=0.9583 minHK=0.9650)
[stalk-stabilize-v3] epoch 46/60 lr=0.00032903 train_acc=0.9706 val@T6=0.9525 sel@T16 HN=0.9600 K16=0.6923 ov=0.8775 (best@ep14 joint=0.9583 minHK=0.9650)
[stalk-stabilize-v3] epoch 47/60 lr=0.00030536 train_acc=0.9706 val@T6=0.9475 sel@T16 HN=0.9600 K16=0.9487 ov=0.9200 (best@ep14 joint=0.9583 minHK=0.9650)
[stalk-stabilize-v3] epoch 48/60 lr=0.00028317 train_acc=0.9706 val@T6=0.9425 sel@T16 HN=0.9650 K16=0.8974 ov=0.9000 (best@ep14 joint=0.9583 minHK=0.9650)
[stalk-stabilize-v3] epoch 49/60 lr=0.00026251 train_acc=0.9719 val@T6=0.9475 sel@T16 HN=0.9550 K16=1.0000 ov=0.8700 (best@ep14 joint=0.9583 minHK=0.9650)
[stalk-stabilize-v3] epoch 50/60 lr=0.00024345 train_acc=0.9725 val@T6=0.9500 sel@T16 HN=0.9600 K16=0.9487 ov=0.8900 (best@ep14 joint=0.9583 minHK=0.9650)
[stalk-stabilize-v3] epoch 51/60 lr=0.00022604 train_acc=0.9706 val@T6=0.9500 sel@T16 HN=0.9600 K16=1.0000 ov=0.9000 (best@ep14 joint=0.9583 minHK=0.9650)
[stalk-stabilize-v3] epoch 52/60 lr=0.00021032 train_acc=0.9731 val@T6=0.9500 sel@T16 HN=0.9600 K16=0.9231 ov=0.9075 (best@ep14 joint=0.9583 minHK=0.9650)
[stalk-stabilize-v3] epoch 53/60 lr=0.00019635 train_acc=0.9719 val@T6=0.9425 sel@T16 HN=0.9600 K16=0.9231 ov=0.8925 (best@ep14 joint=0.9583 minHK=0.9650)
[stalk-stabilize-v3] epoch 54/60 lr=0.00018416 train_acc=0.9712 val@T6=0.9425 sel@T16 HN=0.9650 K16=0.8462 ov=0.8925 (best@ep14 joint=0.9583 minHK=0.9650)
[stalk-stabilize-v3] epoch 55/60 lr=0.00017378 train_acc=0.9719 val@T6=0.9425 sel@T16 HN=0.9450 K16=0.9487 ov=0.8825 (best@ep14 joint=0.9583 minHK=0.9650)
[stalk-stabilize-v3] epoch 56/60 lr=0.00016525 train_acc=0.9731 val@T6=0.9425 sel@T16 HN=0.9650 K16=0.9487 ov=0.8900 (best@ep14 joint=0.9583 minHK=0.9650)
[stalk-stabilize-v3] epoch 57/60 lr=0.00015859 train_acc=0.9688 val@T6=0.9425 sel@T16 HN=0.9550 K16=0.9487 ov=0.8775 (best@ep14 joint=0.9583 minHK=0.9650)
[stalk-stabilize-v3] epoch 58/60 lr=0.00015382 train_acc=0.9731 val@T6=0.9425 sel@T16 HN=0.9550 K16=0.9231 ov=0.8625 (best@ep14 joint=0.9583 minHK=0.9650)
[stalk-stabilize-v3] epoch 59/60 lr=0.00015096 train_acc=0.9731 val@T6=0.9475 sel@T16 HN=0.9550 K16=0.9487 ov=0.8750 (best@ep14 joint=0.9583 minHK=0.9650)
[stalk-stabilize-v3] epoch 60/60 lr=0.00015 train_acc=0.9719 val@T6=0.9450 sel@T16 HN=0.9600 K16=0.9487 ov=0.8750 (best@ep14 joint=0.9583 minHK=0.9650)
[stalk-stabilize-v3] seed=3 OOD eval T∈(6, 8, 12, 16)
[stalk-stabilize-v3] seed=3 untrained control
[stalk-stabilize-v3] seed=3 T16 overall=0.8396 hard_neg=0.7750 K16=0.9750 prereg=False
[stalk-stabilize-v3] === seed 4 train (harden) ===
[stalk-stabilize-v3] params=117506 parity_ok=True d=64 mlp=10 T=6 lr=0.0015→0.00015 cosine clip=2.5
[stalk-stabilize-v3] epoch 1/60 lr=0.0015 train_acc=0.6956 val@T6=0.8275 sel@T16 HN=0.4350 K16=1.0000 ov=0.7175 (best@ep1 joint=0.7175 minHK=0.4350)
[stalk-stabilize-v3] epoch 2/60 lr=0.001499 train_acc=0.8525 val@T6=0.8625 sel@T16 HN=0.6900 K16=1.0000 ov=0.8450 (best@ep2 joint=0.8450 minHK=0.6900)
[stalk-stabilize-v3] epoch 3/60 lr=0.0014962 train_acc=0.8962 val@T6=0.8750 sel@T16 HN=0.7500 K16=1.0000 ov=0.8675 (best@ep3 joint=0.8725 minHK=0.7500)
[stalk-stabilize-v3] epoch 4/60 lr=0.0014914 train_acc=0.9050 val@T6=0.8800 sel@T16 HN=0.5950 K16=1.0000 ov=0.7925 (best@ep3 joint=0.8725 minHK=0.7500)
[stalk-stabilize-v3] epoch 5/60 lr=0.0014847 train_acc=0.9056 val@T6=0.8975 sel@T16 HN=0.8700 K16=1.0000 ov=0.9225 (best@ep5 joint=0.9308 minHK=0.8700)
[stalk-stabilize-v3] epoch 6/60 lr=0.0014762 train_acc=0.9113 val@T6=0.9000 sel@T16 HN=0.4850 K16=1.0000 ov=0.7425 (best@ep5 joint=0.9308 minHK=0.8700)
[stalk-stabilize-v3] epoch 7/60 lr=0.0014658 train_acc=0.9294 val@T6=0.8925 sel@T16 HN=0.6850 K16=1.0000 ov=0.8425 (best@ep5 joint=0.9308 minHK=0.8700)
[stalk-stabilize-v3] epoch 8/60 lr=0.0014537 train_acc=0.9313 val@T6=0.9425 sel@T16 HN=0.6200 K16=1.0000 ov=0.8100 (best@ep5 joint=0.9308 minHK=0.8700)
[stalk-stabilize-v3] epoch 9/60 lr=0.0014397 train_acc=0.9444 val@T6=0.9375 sel@T16 HN=0.4850 K16=1.0000 ov=0.7425 (best@ep5 joint=0.9308 minHK=0.8700)
[stalk-stabilize-v3] epoch 10/60 lr=0.001424 train_acc=0.9569 val@T6=0.9450 sel@T16 HN=0.8600 K16=1.0000 ov=0.9000 (best@ep5 joint=0.9308 minHK=0.8700)
[stalk-stabilize-v3] epoch 11/60 lr=0.0014065 train_acc=0.9606 val@T6=0.9575 sel@T16 HN=0.5300 K16=1.0000 ov=0.7650 (best@ep5 joint=0.9308 minHK=0.8700)
[stalk-stabilize-v3] epoch 12/60 lr=0.0013875 train_acc=0.9456 val@T6=0.9525 sel@T16 HN=0.9500 K16=0.0513 ov=0.9750 (best@ep5 joint=0.9308 minHK=0.8700)
[stalk-stabilize-v3] epoch 13/60 lr=0.0013668 train_acc=0.9575 val@T6=0.9575 sel@T16 HN=0.9000 K16=1.0000 ov=0.9500 (best@ep13 joint=0.9500 minHK=0.9000)
[stalk-stabilize-v3] epoch 14/60 lr=0.0013446 train_acc=0.9631 val@T6=0.9375 sel@T16 HN=0.9200 K16=0.9487 ov=0.9425 (best@ep13 joint=0.9500 minHK=0.9000)
[stalk-stabilize-v3] epoch 15/60 lr=0.001321 train_acc=0.9581 val@T6=0.9550 sel@T16 HN=0.9200 K16=0.9487 ov=0.9500 (best@ep13 joint=0.9500 minHK=0.9000)
[stalk-stabilize-v3] epoch 16/60 lr=0.0012959 train_acc=0.9650 val@T6=0.9500 sel@T16 HN=0.8600 K16=1.0000 ov=0.9200 (best@ep13 joint=0.9500 minHK=0.9000)
[stalk-stabilize-v3] epoch 17/60 lr=0.0012695 train_acc=0.9587 val@T6=0.9450 sel@T16 HN=0.9250 K16=0.9744 ov=0.9425 (best@ep13 joint=0.9500 minHK=0.9000)
[stalk-stabilize-v3] epoch 18/60 lr=0.0012418 train_acc=0.9613 val@T6=0.9525 sel@T16 HN=0.9200 K16=1.0000 ov=0.9425 (best@ep18 joint=0.9542 minHK=0.9200)
[stalk-stabilize-v3] epoch 19/60 lr=0.001213 train_acc=0.9556 val@T6=0.9550 sel@T16 HN=0.9200 K16=1.0000 ov=0.9425 (best@ep18 joint=0.9542 minHK=0.9200)
[stalk-stabilize-v3] epoch 20/60 lr=0.001183 train_acc=0.9575 val@T6=0.9600 sel@T16 HN=0.9250 K16=0.9744 ov=0.9450 (best@ep18 joint=0.9542 minHK=0.9200)
[stalk-stabilize-v3] epoch 21/60 lr=0.0011521 train_acc=0.9656 val@T6=0.9600 sel@T16 HN=0.9350 K16=0.9744 ov=0.9500 (best@ep18 joint=0.9542 minHK=0.9200)
[stalk-stabilize-v3] epoch 22/60 lr=0.0011202 train_acc=0.9675 val@T6=0.9625 sel@T16 HN=0.9200 K16=1.0000 ov=0.9500 (best@ep22 joint=0.9567 minHK=0.9200)
[stalk-stabilize-v3] epoch 23/60 lr=0.0010875 train_acc=0.9700 val@T6=0.9625 sel@T16 HN=0.8700 K16=1.0000 ov=0.9300 (best@ep22 joint=0.9567 minHK=0.9200)
[stalk-stabilize-v3] epoch 24/60 lr=0.001054 train_acc=0.9706 val@T6=0.9475 sel@T16 HN=0.8150 K16=1.0000 ov=0.9075 (best@ep22 joint=0.9567 minHK=0.9200)
[stalk-stabilize-v3] epoch 25/60 lr=0.0010199 train_acc=0.9706 val@T6=0.9600 sel@T16 HN=0.9250 K16=1.0000 ov=0.9575 (best@ep25 joint=0.9608 minHK=0.9250)
[stalk-stabilize-v3] epoch 26/60 lr=0.0009852 train_acc=0.9644 val@T6=0.9600 sel@T16 HN=0.9300 K16=1.0000 ov=0.9650 (best@ep26 joint=0.9650 minHK=0.9300)
[stalk-stabilize-v3] epoch 27/60 lr=0.00095007 train_acc=0.9619 val@T6=0.9700 sel@T16 HN=0.9200 K16=1.0000 ov=0.9450 (best@ep26 joint=0.9650 minHK=0.9300)
[stalk-stabilize-v3] epoch 28/60 lr=0.00091459 train_acc=0.9694 val@T6=0.9725 sel@T16 HN=0.9300 K16=1.0000 ov=0.9625 (best@ep26 joint=0.9650 minHK=0.9300)
[stalk-stabilize-v3] epoch 29/60 lr=0.00087886 train_acc=0.9731 val@T6=0.9725 sel@T16 HN=0.9550 K16=1.0000 ov=0.9700 (best@ep29 joint=0.9750 minHK=0.9550)
[stalk-stabilize-v3] epoch 30/60 lr=0.00084297 train_acc=0.9812 val@T6=0.9800 sel@T16 HN=0.8950 K16=1.0000 ov=0.9475 (best@ep29 joint=0.9750 minHK=0.9550)
[stalk-stabilize-v3] epoch 31/60 lr=0.00080703 train_acc=0.9888 val@T6=0.9950 sel@T16 HN=0.8800 K16=1.0000 ov=0.9400 (best@ep29 joint=0.9750 minHK=0.9550)
[stalk-stabilize-v3] epoch 32/60 lr=0.00077114 train_acc=0.9931 val@T6=0.9925 sel@T16 HN=0.9550 K16=1.0000 ov=0.9750 (best@ep32 joint=0.9767 minHK=0.9550)
[stalk-stabilize-v3] epoch 33/60 lr=0.00073541 train_acc=0.9944 val@T6=0.9825 sel@T16 HN=0.9300 K16=1.0000 ov=0.9600 (best@ep32 joint=0.9767 minHK=0.9550)
[stalk-stabilize-v3] epoch 34/60 lr=0.00069993 train_acc=0.9938 val@T6=0.9875 sel@T16 HN=0.9600 K16=1.0000 ov=0.9675 (best@ep32 joint=0.9767 minHK=0.9550)
[stalk-stabilize-v3] epoch 35/60 lr=0.0006648 train_acc=0.9956 val@T6=0.9925 sel@T16 HN=0.9550 K16=1.0000 ov=0.9650 (best@ep32 joint=0.9767 minHK=0.9550)
[stalk-stabilize-v3] epoch 36/60 lr=0.00063013 train_acc=0.9944 val@T6=0.9925 sel@T16 HN=0.9300 K16=1.0000 ov=0.9625 (best@ep32 joint=0.9767 minHK=0.9550)
[stalk-stabilize-v3] epoch 37/60 lr=0.00059601 train_acc=0.9956 val@T6=0.9925 sel@T16 HN=1.0000 K16=1.0000 ov=0.9975 (best@ep37 joint=0.9992 minHK=1.0000)
[stalk-stabilize-v3] epoch 38/60 lr=0.00056254 train_acc=0.9962 val@T6=0.9925 sel@T16 HN=0.9800 K16=1.0000 ov=0.9875 (best@ep37 joint=0.9992 minHK=1.0000)
[stalk-stabilize-v3] epoch 39/60 lr=0.00052982 train_acc=0.9962 val@T6=0.9925 sel@T16 HN=0.9800 K16=1.0000 ov=0.9875 (best@ep37 joint=0.9992 minHK=1.0000)
[stalk-stabilize-v3] epoch 40/60 lr=0.00049793 train_acc=0.9962 val@T6=0.9925 sel@T16 HN=0.9700 K16=1.0000 ov=0.9825 (best@ep37 joint=0.9992 minHK=1.0000)
[stalk-stabilize-v3] epoch 41/60 lr=0.00046697 train_acc=0.9956 val@T6=0.9925 sel@T16 HN=0.9600 K16=1.0000 ov=0.9775 (best@ep37 joint=0.9992 minHK=1.0000)
[stalk-stabilize-v3] epoch 42/60 lr=0.00043702 train_acc=0.9956 val@T6=0.9925 sel@T16 HN=0.9550 K16=1.0000 ov=0.9750 (best@ep37 joint=0.9992 minHK=1.0000)
[stalk-stabilize-v3] epoch 43/60 lr=0.00040817 train_acc=0.9956 val@T6=0.9925 sel@T16 HN=1.0000 K16=1.0000 ov=0.9975 (best@ep37 joint=0.9992 minHK=1.0000)
[stalk-stabilize-v3] epoch 44/60 lr=0.0003805 train_acc=0.9962 val@T6=0.9925 sel@T16 HN=0.9800 K16=1.0000 ov=0.9825 (best@ep37 joint=0.9992 minHK=1.0000)
[stalk-stabilize-v3] epoch 45/60 lr=0.0003541 train_acc=0.9956 val@T6=0.9925 sel@T16 HN=0.9200 K16=1.0000 ov=0.9525 (best@ep37 joint=0.9992 minHK=1.0000)
[stalk-stabilize-v3] epoch 46/60 lr=0.00032903 train_acc=0.9969 val@T6=0.9925 sel@T16 HN=0.9850 K16=1.0000 ov=0.9875 (best@ep37 joint=0.9992 minHK=1.0000)
[stalk-stabilize-v3] epoch 47/60 lr=0.00030536 train_acc=0.9956 val@T6=0.9925 sel@T16 HN=0.9450 K16=1.0000 ov=0.9700 (best@ep37 joint=0.9992 minHK=1.0000)
[stalk-stabilize-v3] epoch 48/60 lr=0.00028317 train_acc=0.9962 val@T6=0.9925 sel@T16 HN=0.9450 K16=1.0000 ov=0.9700 (best@ep37 joint=0.9992 minHK=1.0000)
[stalk-stabilize-v3] epoch 49/60 lr=0.00026251 train_acc=0.9962 val@T6=0.9925 sel@T16 HN=0.9550 K16=1.0000 ov=0.9775 (best@ep37 joint=0.9992 minHK=1.0000)
[stalk-stabilize-v3] epoch 50/60 lr=0.00024345 train_acc=0.9956 val@T6=0.9925 sel@T16 HN=0.9850 K16=1.0000 ov=0.9850 (best@ep37 joint=0.9992 minHK=1.0000)
[stalk-stabilize-v3] epoch 51/60 lr=0.00022604 train_acc=0.9969 val@T6=0.9925 sel@T16 HN=0.9850 K16=1.0000 ov=0.9900 (best@ep37 joint=0.9992 minHK=1.0000)
[stalk-stabilize-v3] epoch 52/60 lr=0.00021032 train_acc=0.9975 val@T6=0.9925 sel@T16 HN=0.9850 K16=1.0000 ov=0.9825 (best@ep37 joint=0.9992 minHK=1.0000)
[stalk-stabilize-v3] epoch 53/60 lr=0.00019635 train_acc=0.9975 val@T6=0.9925 sel@T16 HN=0.9850 K16=1.0000 ov=0.9825 (best@ep37 joint=0.9992 minHK=1.0000)
[stalk-stabilize-v3] epoch 54/60 lr=0.00018416 train_acc=0.9969 val@T6=0.9925 sel@T16 HN=0.9850 K16=1.0000 ov=0.9775 (best@ep37 joint=0.9992 minHK=1.0000)
[stalk-stabilize-v3] epoch 55/60 lr=0.00017378 train_acc=0.9962 val@T6=0.9925 sel@T16 HN=0.9850 K16=1.0000 ov=0.9800 (best@ep37 joint=0.9992 minHK=1.0000)
[stalk-stabilize-v3] epoch 56/60 lr=0.00016525 train_acc=0.9975 val@T6=0.9925 sel@T16 HN=0.9950 K16=1.0000 ov=0.9850 (best@ep37 joint=0.9992 minHK=1.0000)
[stalk-stabilize-v3] epoch 57/60 lr=0.00015859 train_acc=0.9975 val@T6=0.9925 sel@T16 HN=0.9950 K16=1.0000 ov=0.9850 (best@ep37 joint=0.9992 minHK=1.0000)
[stalk-stabilize-v3] epoch 58/60 lr=0.00015382 train_acc=0.9969 val@T6=0.9925 sel@T16 HN=0.9800 K16=1.0000 ov=0.9775 (best@ep37 joint=0.9992 minHK=1.0000)
[stalk-stabilize-v3] epoch 59/60 lr=0.00015096 train_acc=0.9969 val@T6=0.9925 sel@T16 HN=0.9950 K16=1.0000 ov=0.9825 (best@ep37 joint=0.9992 minHK=1.0000)
[stalk-stabilize-v3] epoch 60/60 lr=0.00015 train_acc=0.9981 val@T6=0.9925 sel@T16 HN=0.9900 K16=1.0000 ov=0.9825 (best@ep37 joint=0.9992 minHK=1.0000)
[stalk-stabilize-v3] seed=4 OOD eval T∈(6, 8, 12, 16)
[stalk-stabilize-v3] seed=4 untrained control
[stalk-stabilize-v3] seed=4 T16 overall=0.9521 hard_neg=0.9125 K16=0.9750 prereg=False
[stalk-stabilize-v3] wrote artifacts/stalk_stabilize_v3.json
[stalk-stabilize-v3] verdict=STOP_FRAGILE science_open=False mean hard_neg=0.8375±0.1418 K16=0.9675±0.0464 seed_pass=1/5
{
  "verdict": "STOP_FRAGILE",
  "open_status": "MEASURE_STOP_FRAGILE",
  "science_open": false,
  "prereg_mean_pass": false,
  "n_prereg_pass_individual": 1,
  "mean_std": {
    "T16_overall": {
      "mean": 0.8895833333333334,
      "std": 0.06697519752366043
    },
    "T16_hard_neg": {
      "mean": 0.8375,
      "std": 0.14181977020931258
    },
    "T16_K8": {
      "mean": 0.8875,
      "std": 0.09842509842514763
    },
    "T16_K12": {
      "mean": 0.97,
      "std": 0.04889401803901988
    },
    "T16_K16": {
      "mean": 0.9675,
      "std": 0.04643543905251679
    },
    "untrained_T16_overall": {
      "mean": 0.4883333333333333,
      "std": 0.1936749406580234
    },
    "untrained_T16_hard_neg": {
      "mean": 0.5766666666666667,
      "std": 0.23490172294907596
    },
    "untrained_vs_trained_agree_T16": {
      "mean": 0.4954166650772095,
      "std": 0.215528858804422
    }
  },
  "out": "artifacts/stalk_stabilize_v3.json"
}
