/workspace/geo-recurrence-testbed/.venv/lib/python3.13/site-packages/torch/_subclasses/functional_tensor.py:368: UserWarning: Failed to initialize NumPy: No module named 'numpy' (Triggered internally at /__w/pytorch/pytorch/torch/csrc/utils/tensor_numpy.cpp:84.)
  cpu = _conversion_method_template(device=torch.device("cpu"))
[stalk-stabilize] === seed 0 train (harden) ===
[stalk-stabilize] params=117506 parity_ok=True d=64 mlp=10 T=6 lr=0.0015→0.00015 cosine clip=2.5
[stalk-stabilize] epoch 1/60 lr=0.0015 train_acc=0.7206 val@T6=0.8475 sel@T16 HN=0.7500 ov=0.8525 (best@ep1 HN=0.7500)
[stalk-stabilize] epoch 2/60 lr=0.001499 train_acc=0.8594 val@T6=0.8700 sel@T16 HN=0.7950 ov=0.8350 (best@ep2 HN=0.7950)
[stalk-stabilize] epoch 3/60 lr=0.0014962 train_acc=0.8875 val@T6=0.8775 sel@T16 HN=0.8350 ov=0.8525 (best@ep3 HN=0.8350)
[stalk-stabilize] epoch 4/60 lr=0.0014914 train_acc=0.8906 val@T6=0.8875 sel@T16 HN=0.8700 ov=0.8525 (best@ep4 HN=0.8700)
[stalk-stabilize] epoch 5/60 lr=0.0014847 train_acc=0.8888 val@T6=0.8775 sel@T16 HN=0.9850 ov=0.6725 (best@ep5 HN=0.9850)
[stalk-stabilize] epoch 6/60 lr=0.0014762 train_acc=0.9062 val@T6=0.8825 sel@T16 HN=0.9250 ov=0.8325 (best@ep5 HN=0.9850)
[stalk-stabilize] epoch 7/60 lr=0.0014658 train_acc=0.8981 val@T6=0.8675 sel@T16 HN=1.0000 ov=0.6150 (best@ep7 HN=1.0000)
[stalk-stabilize] epoch 8/60 lr=0.0014537 train_acc=0.9062 val@T6=0.8700 sel@T16 HN=0.9450 ov=0.8875 (best@ep7 HN=1.0000)
[stalk-stabilize] epoch 9/60 lr=0.0014397 train_acc=0.8944 val@T6=0.8775 sel@T16 HN=1.0000 ov=0.6925 (best@ep9 HN=1.0000)
[stalk-stabilize] epoch 10/60 lr=0.001424 train_acc=0.9200 val@T6=0.8800 sel@T16 HN=1.0000 ov=0.7775 (best@ep10 HN=1.0000)
[stalk-stabilize] epoch 11/60 lr=0.0014065 train_acc=0.9237 val@T6=0.9000 sel@T16 HN=0.9350 ov=0.7350 (best@ep10 HN=1.0000)
[stalk-stabilize] epoch 12/60 lr=0.0013875 train_acc=0.9369 val@T6=0.9300 sel@T16 HN=0.9950 ov=0.7900 (best@ep10 HN=1.0000)
[stalk-stabilize] epoch 13/60 lr=0.0013668 train_acc=0.9487 val@T6=0.9400 sel@T16 HN=0.9800 ov=0.8000 (best@ep10 HN=1.0000)
[stalk-stabilize] epoch 14/60 lr=0.0013446 train_acc=0.9481 val@T6=0.9425 sel@T16 HN=0.9350 ov=0.8025 (best@ep10 HN=1.0000)
[stalk-stabilize] epoch 15/60 lr=0.001321 train_acc=0.9550 val@T6=0.9325 sel@T16 HN=1.0000 ov=0.7775 (best@ep10 HN=1.0000)
[stalk-stabilize] epoch 16/60 lr=0.0012959 train_acc=0.9406 val@T6=0.9475 sel@T16 HN=0.9600 ov=0.8750 (best@ep10 HN=1.0000)
[stalk-stabilize] epoch 17/60 lr=0.0012695 train_acc=0.9600 val@T6=0.9425 sel@T16 HN=0.9250 ov=0.9300 (best@ep10 HN=1.0000)
[stalk-stabilize] epoch 18/60 lr=0.0012418 train_acc=0.9706 val@T6=0.9500 sel@T16 HN=0.9650 ov=0.9225 (best@ep10 HN=1.0000)
[stalk-stabilize] epoch 19/60 lr=0.001213 train_acc=0.9650 val@T6=0.9525 sel@T16 HN=0.9600 ov=0.9725 (best@ep10 HN=1.0000)
[stalk-stabilize] epoch 20/60 lr=0.001183 train_acc=0.9731 val@T6=0.9575 sel@T16 HN=0.9600 ov=0.9700 (best@ep10 HN=1.0000)
[stalk-stabilize] epoch 21/60 lr=0.0011521 train_acc=0.9731 val@T6=0.9625 sel@T16 HN=0.9600 ov=0.9775 (best@ep10 HN=1.0000)
[stalk-stabilize] epoch 22/60 lr=0.0011202 train_acc=0.9738 val@T6=0.9525 sel@T16 HN=0.9600 ov=0.9625 (best@ep10 HN=1.0000)
[stalk-stabilize] epoch 23/60 lr=0.0010875 train_acc=0.9738 val@T6=0.9650 sel@T16 HN=0.9600 ov=0.9700 (best@ep10 HN=1.0000)
[stalk-stabilize] epoch 24/60 lr=0.001054 train_acc=0.9762 val@T6=0.9600 sel@T16 HN=0.9600 ov=0.9650 (best@ep10 HN=1.0000)
[stalk-stabilize] epoch 25/60 lr=0.0010199 train_acc=0.9744 val@T6=0.9700 sel@T16 HN=0.9600 ov=0.9775 (best@ep10 HN=1.0000)
[stalk-stabilize] epoch 26/60 lr=0.0009852 train_acc=0.9750 val@T6=0.9675 sel@T16 HN=0.9600 ov=0.9775 (best@ep10 HN=1.0000)
[stalk-stabilize] epoch 27/60 lr=0.00095007 train_acc=0.9775 val@T6=0.9650 sel@T16 HN=0.9600 ov=0.9800 (best@ep10 HN=1.0000)
[stalk-stabilize] epoch 28/60 lr=0.00091459 train_acc=0.9775 val@T6=0.9700 sel@T16 HN=0.9600 ov=0.9800 (best@ep10 HN=1.0000)
[stalk-stabilize] epoch 29/60 lr=0.00087886 train_acc=0.9781 val@T6=0.9650 sel@T16 HN=0.9500 ov=0.9750 (best@ep10 HN=1.0000)
[stalk-stabilize] epoch 30/60 lr=0.00084297 train_acc=0.9769 val@T6=0.9675 sel@T16 HN=0.9300 ov=0.9650 (best@ep10 HN=1.0000)
[stalk-stabilize] epoch 31/60 lr=0.00080703 train_acc=0.9781 val@T6=0.9725 sel@T16 HN=0.9550 ov=0.9775 (best@ep10 HN=1.0000)
[stalk-stabilize] epoch 32/60 lr=0.00077114 train_acc=0.9769 val@T6=0.9725 sel@T16 HN=0.9600 ov=0.9600 (best@ep10 HN=1.0000)
[stalk-stabilize] epoch 33/60 lr=0.00073541 train_acc=0.9800 val@T6=0.9625 sel@T16 HN=0.9550 ov=0.9625 (best@ep10 HN=1.0000)
[stalk-stabilize] epoch 34/60 lr=0.00069993 train_acc=0.9819 val@T6=0.9750 sel@T16 HN=0.9650 ov=0.9425 (best@ep10 HN=1.0000)
[stalk-stabilize] epoch 35/60 lr=0.0006648 train_acc=0.9762 val@T6=0.9725 sel@T16 HN=0.9650 ov=0.9550 (best@ep10 HN=1.0000)
[stalk-stabilize] epoch 36/60 lr=0.00063013 train_acc=0.9806 val@T6=0.9700 sel@T16 HN=0.9650 ov=0.9600 (best@ep10 HN=1.0000)
[stalk-stabilize] epoch 37/60 lr=0.00059601 train_acc=0.9806 val@T6=0.9725 sel@T16 HN=0.9700 ov=0.9350 (best@ep10 HN=1.0000)
[stalk-stabilize] epoch 38/60 lr=0.00056254 train_acc=0.9812 val@T6=0.9700 sel@T16 HN=0.9650 ov=0.9625 (best@ep10 HN=1.0000)
[stalk-stabilize] epoch 39/60 lr=0.00052982 train_acc=0.9831 val@T6=0.9700 sel@T16 HN=0.9600 ov=0.9725 (best@ep10 HN=1.0000)
[stalk-stabilize] epoch 40/60 lr=0.00049793 train_acc=0.9856 val@T6=0.9800 sel@T16 HN=0.9900 ov=0.9900 (best@ep10 HN=1.0000)
[stalk-stabilize] epoch 41/60 lr=0.00046697 train_acc=0.9912 val@T6=0.9775 sel@T16 HN=0.9900 ov=0.9850 (best@ep10 HN=1.0000)
[stalk-stabilize] epoch 42/60 lr=0.00043702 train_acc=0.9919 val@T6=0.9875 sel@T16 HN=0.9900 ov=0.9875 (best@ep10 HN=1.0000)
[stalk-stabilize] epoch 43/60 lr=0.00040817 train_acc=0.9925 val@T6=0.9875 sel@T16 HN=0.9900 ov=0.9875 (best@ep10 HN=1.0000)
[stalk-stabilize] epoch 44/60 lr=0.0003805 train_acc=0.9912 val@T6=0.9900 sel@T16 HN=0.9900 ov=0.9900 (best@ep10 HN=1.0000)
[stalk-stabilize] epoch 45/60 lr=0.0003541 train_acc=0.9944 val@T6=0.9850 sel@T16 HN=0.9900 ov=0.9925 (best@ep10 HN=1.0000)
[stalk-stabilize] epoch 46/60 lr=0.00032903 train_acc=0.9925 val@T6=0.9900 sel@T16 HN=0.9900 ov=0.9925 (best@ep10 HN=1.0000)
[stalk-stabilize] epoch 47/60 lr=0.00030536 train_acc=0.9944 val@T6=0.9900 sel@T16 HN=0.9900 ov=0.9900 (best@ep10 HN=1.0000)
[stalk-stabilize] epoch 48/60 lr=0.00028317 train_acc=0.9950 val@T6=0.9900 sel@T16 HN=0.9900 ov=0.9925 (best@ep10 HN=1.0000)
[stalk-stabilize] epoch 49/60 lr=0.00026251 train_acc=0.9944 val@T6=0.9850 sel@T16 HN=0.9900 ov=0.9925 (best@ep10 HN=1.0000)
[stalk-stabilize] epoch 50/60 lr=0.00024345 train_acc=0.9944 val@T6=0.9800 sel@T16 HN=0.9900 ov=0.9925 (best@ep10 HN=1.0000)
[stalk-stabilize] epoch 51/60 lr=0.00022604 train_acc=0.9944 val@T6=0.9825 sel@T16 HN=0.9700 ov=0.9825 (best@ep10 HN=1.0000)
[stalk-stabilize] epoch 52/60 lr=0.00021032 train_acc=0.9938 val@T6=0.9850 sel@T16 HN=0.9900 ov=0.9925 (best@ep10 HN=1.0000)
[stalk-stabilize] epoch 53/60 lr=0.00019635 train_acc=0.9944 val@T6=0.9850 sel@T16 HN=0.9900 ov=0.9925 (best@ep10 HN=1.0000)
[stalk-stabilize] epoch 54/60 lr=0.00018416 train_acc=0.9938 val@T6=0.9850 sel@T16 HN=0.9900 ov=0.9925 (best@ep10 HN=1.0000)
[stalk-stabilize] epoch 55/60 lr=0.00017378 train_acc=0.9950 val@T6=0.9850 sel@T16 HN=0.9900 ov=0.9925 (best@ep10 HN=1.0000)
[stalk-stabilize] epoch 56/60 lr=0.00016525 train_acc=0.9956 val@T6=0.9875 sel@T16 HN=0.9900 ov=0.9925 (best@ep10 HN=1.0000)
[stalk-stabilize] epoch 57/60 lr=0.00015859 train_acc=0.9956 val@T6=0.9850 sel@T16 HN=0.9900 ov=0.9925 (best@ep10 HN=1.0000)
[stalk-stabilize] epoch 58/60 lr=0.00015382 train_acc=0.9950 val@T6=0.9800 sel@T16 HN=0.9900 ov=0.9950 (best@ep10 HN=1.0000)
[stalk-stabilize] epoch 59/60 lr=0.00015096 train_acc=0.9950 val@T6=0.9850 sel@T16 HN=0.9900 ov=0.9950 (best@ep10 HN=1.0000)
[stalk-stabilize] epoch 60/60 lr=0.00015 train_acc=0.9950 val@T6=0.9800 sel@T16 HN=0.9700 ov=0.9850 (best@ep10 HN=1.0000)
[stalk-stabilize] seed=0 OOD eval T∈(6, 8, 12, 16)
[stalk-stabilize] seed=0 untrained control
[stalk-stabilize] seed=0 T16 overall=0.5021 hard_neg=0.9375 K16=0.0000 prereg=False
[stalk-stabilize] === seed 1 train (harden) ===
[stalk-stabilize] params=117506 parity_ok=True d=64 mlp=10 T=6 lr=0.0015→0.00015 cosine clip=2.5
[stalk-stabilize] epoch 1/60 lr=0.0015 train_acc=0.7163 val@T6=0.8300 sel@T16 HN=0.8900 ov=0.8025 (best@ep1 HN=0.8900)
[stalk-stabilize] epoch 2/60 lr=0.001499 train_acc=0.8375 val@T6=0.8525 sel@T16 HN=0.7900 ov=0.8325 (best@ep1 HN=0.8900)
[stalk-stabilize] epoch 3/60 lr=0.0014962 train_acc=0.8631 val@T6=0.8550 sel@T16 HN=0.9300 ov=0.7800 (best@ep3 HN=0.9300)
[stalk-stabilize] epoch 4/60 lr=0.0014914 train_acc=0.8762 val@T6=0.8650 sel@T16 HN=0.9500 ov=0.7800 (best@ep4 HN=0.9500)
[stalk-stabilize] epoch 5/60 lr=0.0014847 train_acc=0.8769 val@T6=0.8675 sel@T16 HN=0.9700 ov=0.7750 (best@ep5 HN=0.9700)
