/workspace/geo-recurrence-testbed/.venv/lib/python3.13/site-packages/torch/_subclasses/functional_tensor.py:368: UserWarning: Failed to initialize NumPy: No module named 'numpy' (Triggered internally at /__w/pytorch/pytorch/torch/csrc/utils/tensor_numpy.cpp:84.)
  cpu = _conversion_method_template(device=torch.device("cpu"))
[stalk-objective-v1] === seed 0 train (harden) ===
[stalk-objective-v1] params=117506 parity_ok=True d=64 mlp=10 T=6 lr=0.0015→0.00015 cosine clip=2.5 curriculum HN×2.0/hop≥5×2.0
[stalk-objective-v1] epoch 1/60 lr=0.0015 train_acc=0.7169 val@T6=0.7825 sel@T16 HN=0.5800 ov=0.7825 (best@ep1 joint=0.6812 HN=0.5800)
[stalk-objective-v1] epoch 2/60 lr=0.001499 train_acc=0.8475 val@T6=0.8800 sel@T16 HN=0.7500 ov=0.8400 (best@ep2 joint=0.7950 HN=0.7500)
[stalk-objective-v1] epoch 3/60 lr=0.0014962 train_acc=0.8969 val@T6=0.8175 sel@T16 HN=0.8250 ov=0.8075 (best@ep3 joint=0.8162 HN=0.8250)
[stalk-objective-v1] epoch 4/60 lr=0.0014914 train_acc=0.8944 val@T6=0.8800 sel@T16 HN=0.9000 ov=0.8600 (best@ep4 joint=0.8800 HN=0.9000)
[stalk-objective-v1] epoch 5/60 lr=0.0014847 train_acc=0.8906 val@T6=0.8800 sel@T16 HN=0.8400 ov=0.8800 (best@ep4 joint=0.8800 HN=0.9000)
[stalk-objective-v1] epoch 6/60 lr=0.0014762 train_acc=0.9000 val@T6=0.8875 sel@T16 HN=0.7800 ov=0.8025 (best@ep4 joint=0.8800 HN=0.9000)
[stalk-objective-v1] epoch 7/60 lr=0.0014658 train_acc=0.9025 val@T6=0.8850 sel@T16 HN=0.7850 ov=0.5475 (best@ep4 joint=0.8800 HN=0.9000)
[stalk-objective-v1] epoch 8/60 lr=0.0014537 train_acc=0.9012 val@T6=0.8700 sel@T16 HN=0.6450 ov=0.8075 (best@ep4 joint=0.8800 HN=0.9000)
[stalk-objective-v1] epoch 9/60 lr=0.0014397 train_acc=0.8969 val@T6=0.8850 sel@T16 HN=0.9000 ov=0.7775 (best@ep4 joint=0.8800 HN=0.9000)
[stalk-objective-v1] epoch 10/60 lr=0.001424 train_acc=0.8981 val@T6=0.8925 sel@T16 HN=0.8500 ov=0.7325 (best@ep4 joint=0.8800 HN=0.9000)
[stalk-objective-v1] epoch 11/60 lr=0.0014065 train_acc=0.9038 val@T6=0.8800 sel@T16 HN=0.8900 ov=0.7475 (best@ep4 joint=0.8800 HN=0.9000)
[stalk-objective-v1] epoch 12/60 lr=0.0013875 train_acc=0.9144 val@T6=0.8750 sel@T16 HN=0.9850 ov=0.5850 (best@ep4 joint=0.8800 HN=0.9000)
[stalk-objective-v1] epoch 13/60 lr=0.0013668 train_acc=0.9056 val@T6=0.8825 sel@T16 HN=0.9900 ov=0.6575 (best@ep4 joint=0.8800 HN=0.9000)
[stalk-objective-v1] epoch 14/60 lr=0.0013446 train_acc=0.9144 val@T6=0.8850 sel@T16 HN=0.9900 ov=0.6825 (best@ep4 joint=0.8800 HN=0.9000)
[stalk-objective-v1] epoch 15/60 lr=0.001321 train_acc=0.9219 val@T6=0.8975 sel@T16 HN=0.9800 ov=0.7725 (best@ep4 joint=0.8800 HN=0.9000)
[stalk-objective-v1] epoch 16/60 lr=0.0012959 train_acc=0.9219 val@T6=0.8875 sel@T16 HN=0.9600 ov=0.7600 (best@ep4 joint=0.8800 HN=0.9000)
[stalk-objective-v1] epoch 17/60 lr=0.0012695 train_acc=0.9306 val@T6=0.8950 sel@T16 HN=0.9800 ov=0.7200 (best@ep4 joint=0.8800 HN=0.9000)
[stalk-objective-v1] epoch 18/60 lr=0.0012418 train_acc=0.9331 val@T6=0.8925 sel@T16 HN=0.9600 ov=0.6725 (best@ep4 joint=0.8800 HN=0.9000)
[stalk-objective-v1] epoch 19/60 lr=0.001213 train_acc=0.9325 val@T6=0.9025 sel@T16 HN=0.9750 ov=0.7475 (best@ep4 joint=0.8800 HN=0.9000)
[stalk-objective-v1] epoch 20/60 lr=0.001183 train_acc=0.9450 val@T6=0.9125 sel@T16 HN=0.9450 ov=0.7825 (best@ep4 joint=0.8800 HN=0.9000)
[stalk-objective-v1] epoch 21/60 lr=0.0011521 train_acc=0.9281 val@T6=0.8975 sel@T16 HN=0.9650 ov=0.8350 (best@ep21 joint=0.9000 HN=0.9650)
[stalk-objective-v1] epoch 22/60 lr=0.0011202 train_acc=0.9469 val@T6=0.9225 sel@T16 HN=0.8900 ov=0.9200 (best@ep22 joint=0.9050 HN=0.8900)
[stalk-objective-v1] epoch 23/60 lr=0.0010875 train_acc=0.9406 val@T6=0.9325 sel@T16 HN=0.9200 ov=0.9275 (best@ep23 joint=0.9238 HN=0.9200)
[stalk-objective-v1] epoch 24/60 lr=0.001054 train_acc=0.9381 val@T6=0.9150 sel@T16 HN=0.8550 ov=0.9200 (best@ep23 joint=0.9238 HN=0.9200)
[stalk-objective-v1] epoch 25/60 lr=0.0010199 train_acc=0.9431 val@T6=0.9300 sel@T16 HN=0.9200 ov=0.9375 (best@ep25 joint=0.9287 HN=0.9200)
[stalk-objective-v1] epoch 26/60 lr=0.0009852 train_acc=0.9550 val@T6=0.9575 sel@T16 HN=0.9350 ov=0.8975 (best@ep25 joint=0.9287 HN=0.9200)
[stalk-objective-v1] epoch 27/60 lr=0.00095007 train_acc=0.9506 val@T6=0.9350 sel@T16 HN=0.7800 ov=0.8875 (best@ep25 joint=0.9287 HN=0.9200)
[stalk-objective-v1] epoch 28/60 lr=0.00091459 train_acc=0.9656 val@T6=0.9525 sel@T16 HN=0.9050 ov=0.9425 (best@ep25 joint=0.9287 HN=0.9200)
[stalk-objective-v1] epoch 29/60 lr=0.00087886 train_acc=0.9637 val@T6=0.9450 sel@T16 HN=0.9000 ov=0.9375 (best@ep25 joint=0.9287 HN=0.9200)
[stalk-objective-v1] epoch 30/60 lr=0.00084297 train_acc=0.9606 val@T6=0.9450 sel@T16 HN=0.9000 ov=0.9475 (best@ep25 joint=0.9287 HN=0.9200)
[stalk-objective-v1] epoch 31/60 lr=0.00080703 train_acc=0.9644 val@T6=0.9225 sel@T16 HN=0.8450 ov=0.8825 (best@ep25 joint=0.9287 HN=0.9200)
[stalk-objective-v1] epoch 32/60 lr=0.00077114 train_acc=0.9513 val@T6=0.9425 sel@T16 HN=0.9450 ov=0.9650 (best@ep32 joint=0.9550 HN=0.9450)
[stalk-objective-v1] epoch 33/60 lr=0.00073541 train_acc=0.9519 val@T6=0.9500 sel@T16 HN=0.9450 ov=0.9425 (best@ep32 joint=0.9550 HN=0.9450)
[stalk-objective-v1] epoch 34/60 lr=0.00069993 train_acc=0.9494 val@T6=0.9575 sel@T16 HN=0.9200 ov=0.9375 (best@ep32 joint=0.9550 HN=0.9450)
[stalk-objective-v1] epoch 35/60 lr=0.0006648 train_acc=0.9563 val@T6=0.9475 sel@T16 HN=0.8500 ov=0.9250 (best@ep32 joint=0.9550 HN=0.9450)
[stalk-objective-v1] epoch 36/60 lr=0.00063013 train_acc=0.9725 val@T6=0.9675 sel@T16 HN=0.9050 ov=0.9425 (best@ep32 joint=0.9550 HN=0.9450)
[stalk-objective-v1] epoch 37/60 lr=0.00059601 train_acc=0.9656 val@T6=0.9675 sel@T16 HN=0.9050 ov=0.9375 (best@ep32 joint=0.9550 HN=0.9450)
[stalk-objective-v1] epoch 38/60 lr=0.00056254 train_acc=0.9694 val@T6=0.9600 sel@T16 HN=0.9300 ov=0.9575 (best@ep32 joint=0.9550 HN=0.9450)
[stalk-objective-v1] epoch 39/60 lr=0.00052982 train_acc=0.9775 val@T6=0.9650 sel@T16 HN=0.9050 ov=0.9400 (best@ep32 joint=0.9550 HN=0.9450)
[stalk-objective-v1] epoch 40/60 lr=0.00049793 train_acc=0.9825 val@T6=0.9600 sel@T16 HN=0.9050 ov=0.9425 (best@ep32 joint=0.9550 HN=0.9450)
[stalk-objective-v1] epoch 41/60 lr=0.00046697 train_acc=0.9788 val@T6=0.9600 sel@T16 HN=0.9000 ov=0.9400 (best@ep32 joint=0.9550 HN=0.9450)
[stalk-objective-v1] epoch 42/60 lr=0.00043702 train_acc=0.9744 val@T6=0.9575 sel@T16 HN=0.9000 ov=0.9400 (best@ep32 joint=0.9550 HN=0.9450)
[stalk-objective-v1] epoch 43/60 lr=0.00040817 train_acc=0.9756 val@T6=0.9625 sel@T16 HN=0.9050 ov=0.9500 (best@ep32 joint=0.9550 HN=0.9450)
[stalk-objective-v1] epoch 44/60 lr=0.0003805 train_acc=0.9750 val@T6=0.9625 sel@T16 HN=0.9200 ov=0.9475 (best@ep32 joint=0.9550 HN=0.9450)
[stalk-objective-v1] epoch 45/60 lr=0.0003541 train_acc=0.9775 val@T6=0.9575 sel@T16 HN=0.7900 ov=0.8850 (best@ep32 joint=0.9550 HN=0.9450)
[stalk-objective-v1] epoch 46/60 lr=0.00032903 train_acc=0.9794 val@T6=0.9600 sel@T16 HN=0.9000 ov=0.9325 (best@ep32 joint=0.9550 HN=0.9450)
[stalk-objective-v1] epoch 47/60 lr=0.00030536 train_acc=0.9775 val@T6=0.9550 sel@T16 HN=0.9100 ov=0.9375 (best@ep32 joint=0.9550 HN=0.9450)
[stalk-objective-v1] epoch 48/60 lr=0.00028317 train_acc=0.9744 val@T6=0.9550 sel@T16 HN=0.9100 ov=0.9375 (best@ep32 joint=0.9550 HN=0.9450)
[stalk-objective-v1] epoch 49/60 lr=0.00026251 train_acc=0.9744 val@T6=0.9600 sel@T16 HN=0.9000 ov=0.9300 (best@ep32 joint=0.9550 HN=0.9450)
[stalk-objective-v1] epoch 50/60 lr=0.00024345 train_acc=0.9869 val@T6=0.9575 sel@T16 HN=0.9050 ov=0.9350 (best@ep32 joint=0.9550 HN=0.9450)
[stalk-objective-v1] epoch 51/60 lr=0.00022604 train_acc=0.9825 val@T6=0.9625 sel@T16 HN=0.9000 ov=0.9300 (best@ep32 joint=0.9550 HN=0.9450)
[stalk-objective-v1] epoch 52/60 lr=0.00021032 train_acc=0.9725 val@T6=0.9600 sel@T16 HN=0.9050 ov=0.9350 (best@ep32 joint=0.9550 HN=0.9450)
[stalk-objective-v1] epoch 53/60 lr=0.00019635 train_acc=0.9781 val@T6=0.9625 sel@T16 HN=0.9100 ov=0.9325 (best@ep32 joint=0.9550 HN=0.9450)
[stalk-objective-v1] epoch 54/60 lr=0.00018416 train_acc=0.9819 val@T6=0.9625 sel@T16 HN=0.9100 ov=0.9325 (best@ep32 joint=0.9550 HN=0.9450)
[stalk-objective-v1] epoch 55/60 lr=0.00017378 train_acc=0.9775 val@T6=0.9550 sel@T16 HN=0.9050 ov=0.9325 (best@ep32 joint=0.9550 HN=0.9450)
[stalk-objective-v1] epoch 56/60 lr=0.00016525 train_acc=0.9800 val@T6=0.9625 sel@T16 HN=0.9050 ov=0.9525 (best@ep32 joint=0.9550 HN=0.9450)
[stalk-objective-v1] epoch 57/60 lr=0.00015859 train_acc=0.9812 val@T6=0.9600 sel@T16 HN=0.9050 ov=0.9500 (best@ep32 joint=0.9550 HN=0.9450)
[stalk-objective-v1] epoch 58/60 lr=0.00015382 train_acc=0.9694 val@T6=0.9600 sel@T16 HN=0.9100 ov=0.9475 (best@ep32 joint=0.9550 HN=0.9450)
[stalk-objective-v1] epoch 59/60 lr=0.00015096 train_acc=0.9788 val@T6=0.9675 sel@T16 HN=0.9050 ov=0.9475 (best@ep32 joint=0.9550 HN=0.9450)
[stalk-objective-v1] epoch 60/60 lr=0.00015 train_acc=0.9762 val@T6=0.9650 sel@T16 HN=0.9050 ov=0.9400 (best@ep32 joint=0.9550 HN=0.9450)
[stalk-objective-v1] seed=0 OOD eval T∈(6, 8, 12, 16)
[stalk-objective-v1] seed=0 untrained control
[stalk-objective-v1] seed=0 T16 overall=0.9542 hard_neg=0.9125 K16=1.0000 prereg=False
[stalk-objective-v1] === seed 1 train (harden) ===
[stalk-objective-v1] params=117506 parity_ok=True d=64 mlp=10 T=6 lr=0.0015→0.00015 cosine clip=2.5 curriculum HN×2.0/hop≥5×2.0
[stalk-objective-v1] epoch 1/60 lr=0.0015 train_acc=0.6869 val@T6=0.7625 sel@T16 HN=0.8650 ov=0.7825 (best@ep1 joint=0.8237 HN=0.8650)
[stalk-objective-v1] epoch 2/60 lr=0.001499 train_acc=0.8156 val@T6=0.8625 sel@T16 HN=0.8550 ov=0.8175 (best@ep2 joint=0.8362 HN=0.8550)
[stalk-objective-v1] epoch 3/60 lr=0.0014962 train_acc=0.8912 val@T6=0.8675 sel@T16 HN=0.9350 ov=0.8450 (best@ep3 joint=0.8900 HN=0.9350)
[stalk-objective-v1] epoch 4/60 lr=0.0014914 train_acc=0.8800 val@T6=0.8600 sel@T16 HN=0.9300 ov=0.8275 (best@ep3 joint=0.8900 HN=0.9350)
[stalk-objective-v1] epoch 5/60 lr=0.0014847 train_acc=0.8812 val@T6=0.8575 sel@T16 HN=1.0000 ov=0.5525 (best@ep3 joint=0.8900 HN=0.9350)
[stalk-objective-v1] epoch 6/60 lr=0.0014762 train_acc=0.8944 val@T6=0.8925 sel@T16 HN=0.9950 ov=0.6250 (best@ep3 joint=0.8900 HN=0.9350)
[stalk-objective-v1] epoch 7/60 lr=0.0014658 train_acc=0.9025 val@T6=0.8775 sel@T16 HN=0.9950 ov=0.6825 (best@ep3 joint=0.8900 HN=0.9350)
[stalk-objective-v1] epoch 8/60 lr=0.0014537 train_acc=0.9219 val@T6=0.8575 sel@T16 HN=0.9950 ov=0.6750 (best@ep3 joint=0.8900 HN=0.9350)
[stalk-objective-v1] epoch 9/60 lr=0.0014397 train_acc=0.9187 val@T6=0.9100 sel@T16 HN=0.9700 ov=0.8400 (best@ep9 joint=0.9050 HN=0.9700)
[stalk-objective-v1] epoch 10/60 lr=0.001424 train_acc=0.9187 val@T6=0.9075 sel@T16 HN=0.9850 ov=0.8025 (best@ep9 joint=0.9050 HN=0.9700)
[stalk-objective-v1] epoch 11/60 lr=0.0014065 train_acc=0.9394 val@T6=0.9425 sel@T16 HN=0.9700 ov=0.9175 (best@ep11 joint=0.9437 HN=0.9700)
[stalk-objective-v1] epoch 12/60 lr=0.0013875 train_acc=0.9506 val@T6=0.9525 sel@T16 HN=0.9850 ov=0.8225 (best@ep11 joint=0.9437 HN=0.9700)
[stalk-objective-v1] epoch 13/60 lr=0.0013668 train_acc=0.9494 val@T6=0.9575 sel@T16 HN=0.9750 ov=0.8625 (best@ep11 joint=0.9437 HN=0.9700)
[stalk-objective-v1] epoch 14/60 lr=0.0013446 train_acc=0.9506 val@T6=0.9300 sel@T16 HN=0.9600 ov=0.8325 (best@ep11 joint=0.9437 HN=0.9700)
[stalk-objective-v1] epoch 15/60 lr=0.001321 train_acc=0.9556 val@T6=0.9575 sel@T16 HN=0.9950 ov=0.7575 (best@ep11 joint=0.9437 HN=0.9700)
[stalk-objective-v1] epoch 16/60 lr=0.0012959 train_acc=0.9575 val@T6=0.9575 sel@T16 HN=1.0000 ov=0.7850 (best@ep11 joint=0.9437 HN=0.9700)
[stalk-objective-v1] epoch 17/60 lr=0.0012695 train_acc=0.9625 val@T6=0.9600 sel@T16 HN=0.9750 ov=0.8475 (best@ep11 joint=0.9437 HN=0.9700)
[stalk-objective-v1] epoch 18/60 lr=0.0012418 train_acc=0.9537 val@T6=0.9600 sel@T16 HN=0.9800 ov=0.8300 (best@ep11 joint=0.9437 HN=0.9700)
[stalk-objective-v1] epoch 19/60 lr=0.001213 train_acc=0.9531 val@T6=0.9575 sel@T16 HN=1.0000 ov=0.7150 (best@ep11 joint=0.9437 HN=0.9700)
[stalk-objective-v1] epoch 20/60 lr=0.001183 train_acc=0.9606 val@T6=0.9350 sel@T16 HN=0.9800 ov=0.7425 (best@ep11 joint=0.9437 HN=0.9700)
[stalk-objective-v1] epoch 21/60 lr=0.0011521 train_acc=0.9594 val@T6=0.9600 sel@T16 HN=0.9900 ov=0.7125 (best@ep11 joint=0.9437 HN=0.9700)
[stalk-objective-v1] epoch 22/60 lr=0.0011202 train_acc=0.9756 val@T6=0.9625 sel@T16 HN=0.9800 ov=0.7900 (best@ep11 joint=0.9437 HN=0.9700)
[stalk-objective-v1] epoch 23/60 lr=0.0010875 train_acc=0.9625 val@T6=0.9425 sel@T16 HN=0.9750 ov=0.7925 (best@ep11 joint=0.9437 HN=0.9700)
[stalk-objective-v1] epoch 24/60 lr=0.001054 train_acc=0.9644 val@T6=0.9525 sel@T16 HN=0.9900 ov=0.7400 (best@ep11 joint=0.9437 HN=0.9700)
[stalk-objective-v1] epoch 25/60 lr=0.0010199 train_acc=0.9650 val@T6=0.9650 sel@T16 HN=1.0000 ov=0.7000 (best@ep11 joint=0.9437 HN=0.9700)
[stalk-objective-v1] epoch 26/60 lr=0.0009852 train_acc=0.9738 val@T6=0.9650 sel@T16 HN=0.9800 ov=0.7475 (best@ep11 joint=0.9437 HN=0.9700)
[stalk-objective-v1] epoch 27/60 lr=0.00095007 train_acc=0.9725 val@T6=0.9625 sel@T16 HN=1.0000 ov=0.6775 (best@ep11 joint=0.9437 HN=0.9700)
[stalk-objective-v1] epoch 28/60 lr=0.00091459 train_acc=0.9825 val@T6=0.9650 sel@T16 HN=1.0000 ov=0.6750 (best@ep11 joint=0.9437 HN=0.9700)
[stalk-objective-v1] epoch 29/60 lr=0.00087886 train_acc=0.9738 val@T6=0.9625 sel@T16 HN=0.9950 ov=0.6875 (best@ep11 joint=0.9437 HN=0.9700)
[stalk-objective-v1] epoch 30/60 lr=0.00084297 train_acc=0.9750 val@T6=0.9675 sel@T16 HN=0.9800 ov=0.7850 (best@ep11 joint=0.9437 HN=0.9700)
[stalk-objective-v1] epoch 31/60 lr=0.00080703 train_acc=0.9806 val@T6=0.9650 sel@T16 HN=0.9950 ov=0.7225 (best@ep11 joint=0.9437 HN=0.9700)
[stalk-objective-v1] epoch 32/60 lr=0.00077114 train_acc=0.9756 val@T6=0.9675 sel@T16 HN=0.9900 ov=0.7225 (best@ep11 joint=0.9437 HN=0.9700)
[stalk-objective-v1] epoch 33/60 lr=0.00073541 train_acc=0.9756 val@T6=0.9575 sel@T16 HN=0.9900 ov=0.7325 (best@ep11 joint=0.9437 HN=0.9700)
[stalk-objective-v1] epoch 34/60 lr=0.00069993 train_acc=0.9756 val@T6=0.9625 sel@T16 HN=0.9950 ov=0.6800 (best@ep11 joint=0.9437 HN=0.9700)
[stalk-objective-v1] epoch 35/60 lr=0.0006648 train_acc=0.9781 val@T6=0.9650 sel@T16 HN=1.0000 ov=0.6800 (best@ep11 joint=0.9437 HN=0.9700)
[stalk-objective-v1] epoch 36/60 lr=0.00063013 train_acc=0.9762 val@T6=0.9650 sel@T16 HN=0.9900 ov=0.7075 (best@ep11 joint=0.9437 HN=0.9700)
[stalk-objective-v1] epoch 37/60 lr=0.00059601 train_acc=0.9738 val@T6=0.9650 sel@T16 HN=0.9900 ov=0.7250 (best@ep11 joint=0.9437 HN=0.9700)
[stalk-objective-v1] epoch 38/60 lr=0.00056254 train_acc=0.9844 val@T6=0.9650 sel@T16 HN=0.9950 ov=0.7175 (best@ep11 joint=0.9437 HN=0.9700)
[stalk-objective-v1] epoch 39/60 lr=0.00052982 train_acc=0.9794 val@T6=0.9625 sel@T16 HN=0.9950 ov=0.7000 (best@ep11 joint=0.9437 HN=0.9700)
[stalk-objective-v1] epoch 40/60 lr=0.00049793 train_acc=0.9781 val@T6=0.9650 sel@T16 HN=0.9950 ov=0.6950 (best@ep11 joint=0.9437 HN=0.9700)
[stalk-objective-v1] epoch 41/60 lr=0.00046697 train_acc=0.9725 val@T6=0.9550 sel@T16 HN=0.9900 ov=0.7025 (best@ep11 joint=0.9437 HN=0.9700)
[stalk-objective-v1] epoch 42/60 lr=0.00043702 train_acc=0.9812 val@T6=0.9625 sel@T16 HN=0.9900 ov=0.7000 (best@ep11 joint=0.9437 HN=0.9700)
[stalk-objective-v1] epoch 43/60 lr=0.00040817 train_acc=0.9819 val@T6=0.9625 sel@T16 HN=1.0000 ov=0.6950 (best@ep11 joint=0.9437 HN=0.9700)
[stalk-objective-v1] epoch 44/60 lr=0.0003805 train_acc=0.9775 val@T6=0.9625 sel@T16 HN=0.9900 ov=0.7325 (best@ep11 joint=0.9437 HN=0.9700)
[stalk-objective-v1] epoch 45/60 lr=0.0003541 train_acc=0.9781 val@T6=0.9625 sel@T16 HN=0.9850 ov=0.7775 (best@ep11 joint=0.9437 HN=0.9700)
[stalk-objective-v1] epoch 46/60 lr=0.00032903 train_acc=0.9744 val@T6=0.9650 sel@T16 HN=0.9800 ov=0.7825 (best@ep11 joint=0.9437 HN=0.9700)
[stalk-objective-v1] epoch 47/60 lr=0.00030536 train_acc=0.9712 val@T6=0.9650 sel@T16 HN=0.9950 ov=0.7275 (best@ep11 joint=0.9437 HN=0.9700)
[stalk-objective-v1] epoch 48/60 lr=0.00028317 train_acc=0.9781 val@T6=0.9675 sel@T16 HN=0.9900 ov=0.7350 (best@ep11 joint=0.9437 HN=0.9700)
[stalk-objective-v1] epoch 49/60 lr=0.00026251 train_acc=0.9738 val@T6=0.9650 sel@T16 HN=0.9900 ov=0.7400 (best@ep11 joint=0.9437 HN=0.9700)
[stalk-objective-v1] epoch 50/60 lr=0.00024345 train_acc=0.9819 val@T6=0.9650 sel@T16 HN=0.9750 ov=0.7900 (best@ep11 joint=0.9437 HN=0.9700)
[stalk-objective-v1] epoch 51/60 lr=0.00022604 train_acc=0.9788 val@T6=0.9650 sel@T16 HN=0.9850 ov=0.7725 (best@ep11 joint=0.9437 HN=0.9700)
[stalk-objective-v1] epoch 52/60 lr=0.00021032 train_acc=0.9775 val@T6=0.9675 sel@T16 HN=0.9850 ov=0.7700 (best@ep11 joint=0.9437 HN=0.9700)
[stalk-objective-v1] epoch 53/60 lr=0.00019635 train_acc=0.9825 val@T6=0.9675 sel@T16 HN=0.9850 ov=0.7550 (best@ep11 joint=0.9437 HN=0.9700)
[stalk-objective-v1] epoch 54/60 lr=0.00018416 train_acc=0.9750 val@T6=0.9625 sel@T16 HN=1.0000 ov=0.7225 (best@ep11 joint=0.9437 HN=0.9700)
[stalk-objective-v1] epoch 55/60 lr=0.00017378 train_acc=0.9744 val@T6=0.9650 sel@T16 HN=1.0000 ov=0.7475 (best@ep11 joint=0.9437 HN=0.9700)
[stalk-objective-v1] epoch 56/60 lr=0.00016525 train_acc=0.9744 val@T6=0.9675 sel@T16 HN=1.0000 ov=0.7400 (best@ep11 joint=0.9437 HN=0.9700)
[stalk-objective-v1] epoch 57/60 lr=0.00015859 train_acc=0.9775 val@T6=0.9650 sel@T16 HN=1.0000 ov=0.7325 (best@ep11 joint=0.9437 HN=0.9700)
[stalk-objective-v1] epoch 58/60 lr=0.00015382 train_acc=0.9775 val@T6=0.9650 sel@T16 HN=0.9900 ov=0.7525 (best@ep11 joint=0.9437 HN=0.9700)
[stalk-objective-v1] epoch 59/60 lr=0.00015096 train_acc=0.9775 val@T6=0.9650 sel@T16 HN=0.9950 ov=0.7500 (best@ep11 joint=0.9437 HN=0.9700)
[stalk-objective-v1] epoch 60/60 lr=0.00015 train_acc=0.9750 val@T6=0.9625 sel@T16 HN=0.9950 ov=0.7450 (best@ep11 joint=0.9437 HN=0.9700)
[stalk-objective-v1] seed=1 OOD eval T∈(6, 8, 12, 16)
[stalk-objective-v1] seed=1 untrained control
[stalk-objective-v1] seed=1 T16 overall=0.8354 hard_neg=1.0000 K16=0.6375 prereg=False
[stalk-objective-v1] === seed 2 train (harden) ===
[stalk-objective-v1] params=117506 parity_ok=True d=64 mlp=10 T=6 lr=0.0015→0.00015 cosine clip=2.5 curriculum HN×2.0/hop≥5×2.0
[stalk-objective-v1] epoch 1/60 lr=0.0015 train_acc=0.7125 val@T6=0.7700 sel@T16 HN=0.7100 ov=0.8275 (best@ep1 joint=0.7688 HN=0.7100)
[stalk-objective-v1] epoch 2/60 lr=0.001499 train_acc=0.8206 val@T6=0.8450 sel@T16 HN=0.8150 ov=0.8375 (best@ep2 joint=0.8262 HN=0.8150)
[stalk-objective-v1] epoch 3/60 lr=0.0014962 train_acc=0.8700 val@T6=0.8375 sel@T16 HN=0.9450 ov=0.6725 (best@ep2 joint=0.8262 HN=0.8150)
[stalk-objective-v1] epoch 4/60 lr=0.0014914 train_acc=0.8950 val@T6=0.8600 sel@T16 HN=0.8800 ov=0.8500 (best@ep4 joint=0.8650 HN=0.8800)
[stalk-objective-v1] epoch 5/60 lr=0.0014847 train_acc=0.8888 val@T6=0.8650 sel@T16 HN=0.7950 ov=0.8125 (best@ep4 joint=0.8650 HN=0.8800)
[stalk-objective-v1] epoch 6/60 lr=0.0014762 train_acc=0.9175 val@T6=0.8750 sel@T16 HN=0.9100 ov=0.8850 (best@ep6 joint=0.8975 HN=0.9100)
[stalk-objective-v1] epoch 7/60 lr=0.0014658 train_acc=0.9031 val@T6=0.8675 sel@T16 HN=0.9200 ov=0.8500 (best@ep6 joint=0.8975 HN=0.9100)
[stalk-objective-v1] epoch 8/60 lr=0.0014537 train_acc=0.9075 val@T6=0.8825 sel@T16 HN=0.9150 ov=0.8850 (best@ep8 joint=0.9000 HN=0.9150)
[stalk-objective-v1] epoch 9/60 lr=0.0014397 train_acc=0.9087 val@T6=0.8900 sel@T16 HN=0.7450 ov=0.8625 (best@ep8 joint=0.9000 HN=0.9150)
[stalk-objective-v1] epoch 10/60 lr=0.001424 train_acc=0.9087 val@T6=0.8850 sel@T16 HN=0.9250 ov=0.8650 (best@ep8 joint=0.9000 HN=0.9150)
[stalk-objective-v1] epoch 11/60 lr=0.0014065 train_acc=0.9150 val@T6=0.8975 sel@T16 HN=0.9400 ov=0.9050 (best@ep11 joint=0.9225 HN=0.9400)
[stalk-objective-v1] epoch 12/60 lr=0.0013875 train_acc=0.9225 val@T6=0.9500 sel@T16 HN=0.9000 ov=0.9225 (best@ep11 joint=0.9225 HN=0.9400)
[stalk-objective-v1] epoch 13/60 lr=0.0013668 train_acc=0.9400 val@T6=0.9275 sel@T16 HN=0.9550 ov=0.9125 (best@ep13 joint=0.9337 HN=0.9550)
[stalk-objective-v1] epoch 14/60 lr=0.0013446 train_acc=0.9244 val@T6=0.9500 sel@T16 HN=0.9200 ov=0.9525 (best@ep14 joint=0.9363 HN=0.9200)
[stalk-objective-v1] epoch 15/60 lr=0.001321 train_acc=0.9444 val@T6=0.9475 sel@T16 HN=0.9700 ov=0.9725 (best@ep15 joint=0.9712 HN=0.9700)
[stalk-objective-v1] epoch 16/60 lr=0.0012959 train_acc=0.9506 val@T6=0.9575 sel@T16 HN=0.9500 ov=0.9500 (best@ep15 joint=0.9712 HN=0.9700)
[stalk-objective-v1] epoch 17/60 lr=0.0012695 train_acc=0.9506 val@T6=0.9500 sel@T16 HN=0.9500 ov=0.9675 (best@ep15 joint=0.9712 HN=0.9700)
[stalk-objective-v1] epoch 18/60 lr=0.0012418 train_acc=0.9563 val@T6=0.9500 sel@T16 HN=0.9050 ov=0.9475 (best@ep15 joint=0.9712 HN=0.9700)
[stalk-objective-v1] epoch 19/60 lr=0.001213 train_acc=0.9475 val@T6=0.9475 sel@T16 HN=0.9300 ov=0.9525 (best@ep15 joint=0.9712 HN=0.9700)
[stalk-objective-v1] epoch 20/60 lr=0.001183 train_acc=0.9469 val@T6=0.9475 sel@T16 HN=0.9350 ov=0.9325 (best@ep15 joint=0.9712 HN=0.9700)
[stalk-objective-v1] epoch 21/60 lr=0.0011521 train_acc=0.9688 val@T6=0.9525 sel@T16 HN=0.9500 ov=0.9650 (best@ep15 joint=0.9712 HN=0.9700)
[stalk-objective-v1] epoch 22/60 lr=0.0011202 train_acc=0.9469 val@T6=0.9475 sel@T16 HN=0.9000 ov=0.9275 (best@ep15 joint=0.9712 HN=0.9700)
[stalk-objective-v1] epoch 23/60 lr=0.0010875 train_acc=0.9594 val@T6=0.9425 sel@T16 HN=0.9350 ov=0.9625 (best@ep15 joint=0.9712 HN=0.9700)
[stalk-objective-v1] epoch 24/60 lr=0.001054 train_acc=0.9594 val@T6=0.9475 sel@T16 HN=0.9000 ov=0.9275 (best@ep15 joint=0.9712 HN=0.9700)
[stalk-objective-v1] epoch 25/60 lr=0.0010199 train_acc=0.9619 val@T6=0.9550 sel@T16 HN=0.9500 ov=0.9450 (best@ep15 joint=0.9712 HN=0.9700)
[stalk-objective-v1] epoch 26/60 lr=0.0009852 train_acc=0.9762 val@T6=0.9525 sel@T16 HN=0.9700 ov=0.9725 (best@ep15 joint=0.9712 HN=0.9700)
[stalk-objective-v1] epoch 27/60 lr=0.00095007 train_acc=0.9637 val@T6=0.9525 sel@T16 HN=0.9700 ov=0.9625 (best@ep15 joint=0.9712 HN=0.9700)
[stalk-objective-v1] epoch 28/60 lr=0.00091459 train_acc=0.9738 val@T6=0.9550 sel@T16 HN=0.9550 ov=0.9450 (best@ep15 joint=0.9712 HN=0.9700)
[stalk-objective-v1] epoch 29/60 lr=0.00087886 train_acc=0.9663 val@T6=0.9550 sel@T16 HN=0.9700 ov=0.9800 (best@ep29 joint=0.9750 HN=0.9700)
[stalk-objective-v1] epoch 30/60 lr=0.00084297 train_acc=0.9700 val@T6=0.9575 sel@T16 HN=0.9200 ov=0.9475 (best@ep29 joint=0.9750 HN=0.9700)
[stalk-objective-v1] epoch 31/60 lr=0.00080703 train_acc=0.9594 val@T6=0.9550 sel@T16 HN=0.9700 ov=0.9550 (best@ep29 joint=0.9750 HN=0.9700)
[stalk-objective-v1] epoch 32/60 lr=0.00077114 train_acc=0.9700 val@T6=0.9700 sel@T16 HN=0.9550 ov=0.9350 (best@ep29 joint=0.9750 HN=0.9700)
[stalk-objective-v1] epoch 33/60 lr=0.00073541 train_acc=0.9631 val@T6=0.9675 sel@T16 HN=0.9500 ov=0.9350 (best@ep29 joint=0.9750 HN=0.9700)
[stalk-objective-v1] epoch 34/60 lr=0.00069993 train_acc=0.9688 val@T6=0.9650 sel@T16 HN=0.9250 ov=0.9625 (best@ep29 joint=0.9750 HN=0.9700)
[stalk-objective-v1] epoch 35/60 lr=0.0006648 train_acc=0.9700 val@T6=0.9650 sel@T16 HN=0.9150 ov=0.9575 (best@ep29 joint=0.9750 HN=0.9700)
[stalk-objective-v1] epoch 36/60 lr=0.00063013 train_acc=0.9712 val@T6=0.9675 sel@T16 HN=0.9300 ov=0.9600 (best@ep29 joint=0.9750 HN=0.9700)
[stalk-objective-v1] epoch 37/60 lr=0.00059601 train_acc=0.9719 val@T6=0.9725 sel@T16 HN=0.9250 ov=0.9500 (best@ep29 joint=0.9750 HN=0.9700)
[stalk-objective-v1] epoch 38/60 lr=0.00056254 train_acc=0.9712 val@T6=0.9650 sel@T16 HN=0.8200 ov=0.9100 (best@ep29 joint=0.9750 HN=0.9700)
[stalk-objective-v1] epoch 39/60 lr=0.00052982 train_acc=0.9744 val@T6=0.9725 sel@T16 HN=0.9700 ov=0.9675 (best@ep29 joint=0.9750 HN=0.9700)
[stalk-objective-v1] epoch 40/60 lr=0.00049793 train_acc=0.9744 val@T6=0.9725 sel@T16 HN=0.9700 ov=0.9650 (best@ep29 joint=0.9750 HN=0.9700)
[stalk-objective-v1] epoch 41/60 lr=0.00046697 train_acc=0.9719 val@T6=0.9725 sel@T16 HN=0.9050 ov=0.9525 (best@ep29 joint=0.9750 HN=0.9700)
[stalk-objective-v1] epoch 42/60 lr=0.00043702 train_acc=0.9700 val@T6=0.9675 sel@T16 HN=0.8700 ov=0.9325 (best@ep29 joint=0.9750 HN=0.9700)
[stalk-objective-v1] epoch 43/60 lr=0.00040817 train_acc=0.9788 val@T6=0.9725 sel@T16 HN=0.7100 ov=0.8550 (best@ep29 joint=0.9750 HN=0.9700)
[stalk-objective-v1] epoch 44/60 lr=0.0003805 train_acc=0.9769 val@T6=0.9675 sel@T16 HN=0.9500 ov=0.9725 (best@ep29 joint=0.9750 HN=0.9700)
[stalk-objective-v1] epoch 45/60 lr=0.0003541 train_acc=0.9675 val@T6=0.9600 sel@T16 HN=0.6450 ov=0.8225 (best@ep29 joint=0.9750 HN=0.9700)
[stalk-objective-v1] epoch 46/60 lr=0.00032903 train_acc=0.9688 val@T6=0.9600 sel@T16 HN=0.4250 ov=0.7125 (best@ep29 joint=0.9750 HN=0.9700)
[stalk-objective-v1] epoch 47/60 lr=0.00030536 train_acc=0.9769 val@T6=0.9725 sel@T16 HN=0.9200 ov=0.9525 (best@ep29 joint=0.9750 HN=0.9700)
[stalk-objective-v1] epoch 48/60 lr=0.00028317 train_acc=0.9619 val@T6=0.9650 sel@T16 HN=0.8000 ov=0.9000 (best@ep29 joint=0.9750 HN=0.9700)
[stalk-objective-v1] epoch 49/60 lr=0.00026251 train_acc=0.9738 val@T6=0.9650 sel@T16 HN=0.6400 ov=0.8200 (best@ep29 joint=0.9750 HN=0.9700)
[stalk-objective-v1] epoch 50/60 lr=0.00024345 train_acc=0.9694 val@T6=0.9600 sel@T16 HN=0.9050 ov=0.9500 (best@ep29 joint=0.9750 HN=0.9700)
[stalk-objective-v1] epoch 51/60 lr=0.00022604 train_acc=0.9731 val@T6=0.9650 sel@T16 HN=0.4250 ov=0.7125 (best@ep29 joint=0.9750 HN=0.9700)
[stalk-objective-v1] epoch 52/60 lr=0.00021032 train_acc=0.9650 val@T6=0.9725 sel@T16 HN=0.4250 ov=0.7125 (best@ep29 joint=0.9750 HN=0.9700)
[stalk-objective-v1] epoch 53/60 lr=0.00019635 train_acc=0.9800 val@T6=0.9725 sel@T16 HN=0.9500 ov=0.9550 (best@ep29 joint=0.9750 HN=0.9700)
[stalk-objective-v1] epoch 54/60 lr=0.00018416 train_acc=0.9769 val@T6=0.9725 sel@T16 HN=0.8700 ov=0.9325 (best@ep29 joint=0.9750 HN=0.9700)
[stalk-objective-v1] epoch 55/60 lr=0.00017378 train_acc=0.9744 val@T6=0.9725 sel@T16 HN=0.8600 ov=0.9300 (best@ep29 joint=0.9750 HN=0.9700)
[stalk-objective-v1] epoch 56/60 lr=0.00016525 train_acc=0.9663 val@T6=0.9650 sel@T16 HN=0.4850 ov=0.7425 (best@ep29 joint=0.9750 HN=0.9700)
[stalk-objective-v1] epoch 57/60 lr=0.00015859 train_acc=0.9725 val@T6=0.9700 sel@T16 HN=0.4950 ov=0.7475 (best@ep29 joint=0.9750 HN=0.9700)
[stalk-objective-v1] epoch 58/60 lr=0.00015382 train_acc=0.9731 val@T6=0.9625 sel@T16 HN=0.4400 ov=0.7200 (best@ep29 joint=0.9750 HN=0.9700)
[stalk-objective-v1] epoch 59/60 lr=0.00015096 train_acc=0.9700 val@T6=0.9675 sel@T16 HN=0.8600 ov=0.9300 (best@ep29 joint=0.9750 HN=0.9700)
[stalk-objective-v1] epoch 60/60 lr=0.00015 train_acc=0.9731 val@T6=0.9675 sel@T16 HN=0.5900 ov=0.7950 (best@ep29 joint=0.9750 HN=0.9700)
[stalk-objective-v1] seed=2 OOD eval T∈(6, 8, 12, 16)
[stalk-objective-v1] seed=2 untrained control
[stalk-objective-v1] seed=2 T16 overall=0.9042 hard_neg=0.9375 K16=0.7125 prereg=False
[stalk-objective-v1] === seed 3 train (harden) ===
[stalk-objective-v1] params=117506 parity_ok=True d=64 mlp=10 T=6 lr=0.0015→0.00015 cosine clip=2.5 curriculum HN×2.0/hop≥5×2.0
[stalk-objective-v1] epoch 1/60 lr=0.0015 train_acc=0.7013 val@T6=0.6750 sel@T16 HN=0.9150 ov=0.5925 (best@ep1 joint=0.7538 HN=0.9150)
[stalk-objective-v1] epoch 2/60 lr=0.001499 train_acc=0.8275 val@T6=0.8750 sel@T16 HN=0.8400 ov=0.8000 (best@ep2 joint=0.8200 HN=0.8400)
[stalk-objective-v1] epoch 3/60 lr=0.0014962 train_acc=0.8800 val@T6=0.8600 sel@T16 HN=0.9600 ov=0.5775 (best@ep2 joint=0.8200 HN=0.8400)
[stalk-objective-v1] epoch 4/60 lr=0.0014914 train_acc=0.8912 val@T6=0.8700 sel@T16 HN=0.8250 ov=0.6300 (best@ep2 joint=0.8200 HN=0.8400)
[stalk-objective-v1] epoch 5/60 lr=0.0014847 train_acc=0.9056 val@T6=0.8675 sel@T16 HN=0.7500 ov=0.4825 (best@ep2 joint=0.8200 HN=0.8400)
[stalk-objective-v1] epoch 6/60 lr=0.0014762 train_acc=0.8956 val@T6=0.8750 sel@T16 HN=0.8700 ov=0.7625 (best@ep2 joint=0.8200 HN=0.8400)
[stalk-objective-v1] epoch 7/60 lr=0.0014658 train_acc=0.9263 val@T6=0.8775 sel@T16 HN=0.9650 ov=0.7150 (best@ep7 joint=0.8400 HN=0.9650)
[stalk-objective-v1] epoch 8/60 lr=0.0014537 train_acc=0.9100 val@T6=0.8475 sel@T16 HN=0.9600 ov=0.7600 (best@ep8 joint=0.8600 HN=0.9600)
[stalk-objective-v1] epoch 9/60 lr=0.0014397 train_acc=0.9194 val@T6=0.9025 sel@T16 HN=0.9500 ov=0.8100 (best@ep9 joint=0.8800 HN=0.9500)
[stalk-objective-v1] epoch 10/60 lr=0.001424 train_acc=0.9194 val@T6=0.8900 sel@T16 HN=0.9500 ov=0.8400 (best@ep10 joint=0.8950 HN=0.9500)
[stalk-objective-v1] epoch 11/60 lr=0.0014065 train_acc=0.9344 val@T6=0.9350 sel@T16 HN=0.9650 ov=0.7750 (best@ep10 joint=0.8950 HN=0.9500)
[stalk-objective-v1] epoch 12/60 lr=0.0013875 train_acc=0.9450 val@T6=0.9300 sel@T16 HN=0.9800 ov=0.7350 (best@ep10 joint=0.8950 HN=0.9500)
[stalk-objective-v1] epoch 13/60 lr=0.0013668 train_acc=0.9550 val@T6=0.9475 sel@T16 HN=0.9500 ov=0.8300 (best@ep10 joint=0.8950 HN=0.9500)
[stalk-objective-v1] epoch 14/60 lr=0.0013446 train_acc=0.9413 val@T6=0.9450 sel@T16 HN=0.9250 ov=0.9025 (best@ep14 joint=0.9138 HN=0.9250)
[stalk-objective-v1] epoch 15/60 lr=0.001321 train_acc=0.9444 val@T6=0.9525 sel@T16 HN=0.9750 ov=0.8875 (best@ep15 joint=0.9312 HN=0.9750)
[stalk-objective-v1] epoch 16/60 lr=0.0012959 train_acc=0.9613 val@T6=0.9450 sel@T16 HN=0.9600 ov=0.9375 (best@ep16 joint=0.9487 HN=0.9600)
[stalk-objective-v1] epoch 17/60 lr=0.0012695 train_acc=0.9637 val@T6=0.9475 sel@T16 HN=0.9500 ov=0.9200 (best@ep16 joint=0.9487 HN=0.9600)
[stalk-objective-v1] epoch 18/60 lr=0.0012418 train_acc=0.9550 val@T6=0.9225 sel@T16 HN=0.9050 ov=0.8950 (best@ep16 joint=0.9487 HN=0.9600)
[stalk-objective-v1] epoch 19/60 lr=0.001213 train_acc=0.9500 val@T6=0.9475 sel@T16 HN=0.8800 ov=0.8850 (best@ep16 joint=0.9487 HN=0.9600)
[stalk-objective-v1] epoch 20/60 lr=0.001183 train_acc=0.9531 val@T6=0.9525 sel@T16 HN=0.9700 ov=0.8575 (best@ep16 joint=0.9487 HN=0.9600)
[stalk-objective-v1] epoch 21/60 lr=0.0011521 train_acc=0.9575 val@T6=0.9550 sel@T16 HN=0.9700 ov=0.8325 (best@ep16 joint=0.9487 HN=0.9600)
[stalk-objective-v1] epoch 22/60 lr=0.0011202 train_acc=0.9600 val@T6=0.9450 sel@T16 HN=0.9800 ov=0.8125 (best@ep16 joint=0.9487 HN=0.9600)
[stalk-objective-v1] epoch 23/60 lr=0.0010875 train_acc=0.9525 val@T6=0.9525 sel@T16 HN=0.9600 ov=0.8675 (best@ep16 joint=0.9487 HN=0.9600)
[stalk-objective-v1] epoch 24/60 lr=0.001054 train_acc=0.9550 val@T6=0.9525 sel@T16 HN=0.9700 ov=0.8000 (best@ep16 joint=0.9487 HN=0.9600)
[stalk-objective-v1] epoch 25/60 lr=0.0010199 train_acc=0.9544 val@T6=0.9575 sel@T16 HN=0.9750 ov=0.7925 (best@ep16 joint=0.9487 HN=0.9600)
[stalk-objective-v1] epoch 26/60 lr=0.0009852 train_acc=0.9563 val@T6=0.9475 sel@T16 HN=0.9700 ov=0.8275 (best@ep16 joint=0.9487 HN=0.9600)
[stalk-objective-v1] epoch 27/60 lr=0.00095007 train_acc=0.9437 val@T6=0.9375 sel@T16 HN=1.0000 ov=0.6975 (best@ep16 joint=0.9487 HN=0.9600)
[stalk-objective-v1] epoch 28/60 lr=0.00091459 train_acc=0.9525 val@T6=0.9375 sel@T16 HN=0.9800 ov=0.7775 (best@ep16 joint=0.9487 HN=0.9600)
[stalk-objective-v1] epoch 29/60 lr=0.00087886 train_acc=0.9531 val@T6=0.9450 sel@T16 HN=0.9550 ov=0.8900 (best@ep16 joint=0.9487 HN=0.9600)
[stalk-objective-v1] epoch 30/60 lr=0.00084297 train_acc=0.9500 val@T6=0.9500 sel@T16 HN=0.9600 ov=0.8800 (best@ep16 joint=0.9487 HN=0.9600)
[stalk-objective-v1] epoch 31/60 lr=0.00080703 train_acc=0.9631 val@T6=0.9475 sel@T16 HN=0.9700 ov=0.8900 (best@ep16 joint=0.9487 HN=0.9600)
[stalk-objective-v1] epoch 32/60 lr=0.00077114 train_acc=0.9600 val@T6=0.9475 sel@T16 HN=0.9600 ov=0.8850 (best@ep16 joint=0.9487 HN=0.9600)
[stalk-objective-v1] epoch 33/60 lr=0.00073541 train_acc=0.9550 val@T6=0.9525 sel@T16 HN=0.9600 ov=0.8875 (best@ep16 joint=0.9487 HN=0.9600)
[stalk-objective-v1] epoch 34/60 lr=0.00069993 train_acc=0.9531 val@T6=0.9550 sel@T16 HN=0.9600 ov=0.8750 (best@ep16 joint=0.9487 HN=0.9600)
[stalk-objective-v1] epoch 35/60 lr=0.0006648 train_acc=0.9606 val@T6=0.9525 sel@T16 HN=0.9600 ov=0.8725 (best@ep16 joint=0.9487 HN=0.9600)
[stalk-objective-v1] epoch 36/60 lr=0.00063013 train_acc=0.9594 val@T6=0.9475 sel@T16 HN=0.9800 ov=0.7725 (best@ep16 joint=0.9487 HN=0.9600)
[stalk-objective-v1] epoch 37/60 lr=0.00059601 train_acc=0.9613 val@T6=0.9525 sel@T16 HN=1.0000 ov=0.6975 (best@ep16 joint=0.9487 HN=0.9600)
[stalk-objective-v1] epoch 38/60 lr=0.00056254 train_acc=0.9587 val@T6=0.9525 sel@T16 HN=0.9850 ov=0.7200 (best@ep16 joint=0.9487 HN=0.9600)
[stalk-objective-v1] epoch 39/60 lr=0.00052982 train_acc=0.9587 val@T6=0.9475 sel@T16 HN=0.9900 ov=0.6950 (best@ep16 joint=0.9487 HN=0.9600)
[stalk-objective-v1] epoch 40/60 lr=0.00049793 train_acc=0.9644 val@T6=0.9500 sel@T16 HN=0.9900 ov=0.6875 (best@ep16 joint=0.9487 HN=0.9600)
[stalk-objective-v1] epoch 41/60 lr=0.00046697 train_acc=0.9625 val@T6=0.9525 sel@T16 HN=0.9850 ov=0.7200 (best@ep16 joint=0.9487 HN=0.9600)
[stalk-objective-v1] epoch 42/60 lr=0.00043702 train_acc=0.9619 val@T6=0.9500 sel@T16 HN=0.9900 ov=0.6850 (best@ep16 joint=0.9487 HN=0.9600)
[stalk-objective-v1] epoch 43/60 lr=0.00040817 train_acc=0.9675 val@T6=0.9575 sel@T16 HN=0.9850 ov=0.7200 (best@ep16 joint=0.9487 HN=0.9600)
[stalk-objective-v1] epoch 44/60 lr=0.0003805 train_acc=0.9487 val@T6=0.9450 sel@T16 HN=0.9900 ov=0.6875 (best@ep16 joint=0.9487 HN=0.9600)
[stalk-objective-v1] epoch 45/60 lr=0.0003541 train_acc=0.9675 val@T6=0.9575 sel@T16 HN=0.9950 ov=0.7625 (best@ep16 joint=0.9487 HN=0.9600)
[stalk-objective-v1] epoch 46/60 lr=0.00032903 train_acc=0.9613 val@T6=0.9450 sel@T16 HN=0.9900 ov=0.6825 (best@ep16 joint=0.9487 HN=0.9600)
[stalk-objective-v1] epoch 47/60 lr=0.00030536 train_acc=0.9625 val@T6=0.9475 sel@T16 HN=0.9900 ov=0.7050 (best@ep16 joint=0.9487 HN=0.9600)
[stalk-objective-v1] epoch 48/60 lr=0.00028317 train_acc=0.9600 val@T6=0.9475 sel@T16 HN=0.9900 ov=0.7125 (best@ep16 joint=0.9487 HN=0.9600)
[stalk-objective-v1] epoch 49/60 lr=0.00026251 train_acc=0.9675 val@T6=0.9475 sel@T16 HN=0.9900 ov=0.7175 (best@ep16 joint=0.9487 HN=0.9600)
[stalk-objective-v1] epoch 50/60 lr=0.00024345 train_acc=0.9619 val@T6=0.9500 sel@T16 HN=0.9900 ov=0.6700 (best@ep16 joint=0.9487 HN=0.9600)
[stalk-objective-v1] epoch 51/60 lr=0.00022604 train_acc=0.9712 val@T6=0.9500 sel@T16 HN=0.9900 ov=0.7050 (best@ep16 joint=0.9487 HN=0.9600)
[stalk-objective-v1] epoch 52/60 lr=0.00021032 train_acc=0.9619 val@T6=0.9475 sel@T16 HN=0.9900 ov=0.6725 (best@ep16 joint=0.9487 HN=0.9600)
[stalk-objective-v1] epoch 53/60 lr=0.00019635 train_acc=0.9619 val@T6=0.9425 sel@T16 HN=0.9900 ov=0.6700 (best@ep16 joint=0.9487 HN=0.9600)
[stalk-objective-v1] epoch 54/60 lr=0.00018416 train_acc=0.9613 val@T6=0.9475 sel@T16 HN=0.9900 ov=0.6800 (best@ep16 joint=0.9487 HN=0.9600)
[stalk-objective-v1] epoch 55/60 lr=0.00017378 train_acc=0.9619 val@T6=0.9475 sel@T16 HN=0.9900 ov=0.6750 (best@ep16 joint=0.9487 HN=0.9600)
[stalk-objective-v1] epoch 56/60 lr=0.00016525 train_acc=0.9606 val@T6=0.9475 sel@T16 HN=0.9900 ov=0.6800 (best@ep16 joint=0.9487 HN=0.9600)
[stalk-objective-v1] epoch 57/60 lr=0.00015859 train_acc=0.9631 val@T6=0.9475 sel@T16 HN=0.9900 ov=0.6775 (best@ep16 joint=0.9487 HN=0.9600)
[stalk-objective-v1] epoch 58/60 lr=0.00015382 train_acc=0.9531 val@T6=0.9475 sel@T16 HN=0.9900 ov=0.6875 (best@ep16 joint=0.9487 HN=0.9600)
[stalk-objective-v1] epoch 59/60 lr=0.00015096 train_acc=0.9681 val@T6=0.9500 sel@T16 HN=0.9900 ov=0.7050 (best@ep16 joint=0.9487 HN=0.9600)
[stalk-objective-v1] epoch 60/60 lr=0.00015 train_acc=0.9688 val@T6=0.9500 sel@T16 HN=0.9850 ov=0.7025 (best@ep16 joint=0.9487 HN=0.9600)
[stalk-objective-v1] seed=3 OOD eval T∈(6, 8, 12, 16)
[stalk-objective-v1] seed=3 untrained control
[stalk-objective-v1] seed=3 T16 overall=0.9250 hard_neg=0.9167 K16=1.0000 prereg=False
[stalk-objective-v1] === seed 4 train (harden) ===
[stalk-objective-v1] params=117506 parity_ok=True d=64 mlp=10 T=6 lr=0.0015→0.00015 cosine clip=2.5 curriculum HN×2.0/hop≥5×2.0
[stalk-objective-v1] epoch 1/60 lr=0.0015 train_acc=0.6994 val@T6=0.8250 sel@T16 HN=0.6000 ov=0.8000 (best@ep1 joint=0.7000 HN=0.6000)
[stalk-objective-v1] epoch 2/60 lr=0.001499 train_acc=0.8325 val@T6=0.8375 sel@T16 HN=0.8200 ov=0.8275 (best@ep2 joint=0.8237 HN=0.8200)
[stalk-objective-v1] epoch 3/60 lr=0.0014962 train_acc=0.8681 val@T6=0.8650 sel@T16 HN=0.5500 ov=0.7575 (best@ep2 joint=0.8237 HN=0.8200)
[stalk-objective-v1] epoch 4/60 lr=0.0014914 train_acc=0.8988 val@T6=0.8750 sel@T16 HN=0.7000 ov=0.8300 (best@ep2 joint=0.8237 HN=0.8200)
[stalk-objective-v1] epoch 5/60 lr=0.0014847 train_acc=0.9113 val@T6=0.8775 sel@T16 HN=0.6400 ov=0.8150 (best@ep2 joint=0.8237 HN=0.8200)
[stalk-objective-v1] epoch 6/60 lr=0.0014762 train_acc=0.9075 val@T6=0.8825 sel@T16 HN=0.7700 ov=0.8650 (best@ep2 joint=0.8237 HN=0.8200)
[stalk-objective-v1] epoch 7/60 lr=0.0014658 train_acc=0.9144 val@T6=0.8750 sel@T16 HN=0.4900 ov=0.7450 (best@ep2 joint=0.8237 HN=0.8200)
[stalk-objective-v1] epoch 8/60 lr=0.0014537 train_acc=0.8962 val@T6=0.8900 sel@T16 HN=0.7850 ov=0.8300 (best@ep2 joint=0.8237 HN=0.8200)
[stalk-objective-v1] epoch 9/60 lr=0.0014397 train_acc=0.9094 val@T6=0.8850 sel@T16 HN=0.5500 ov=0.7725 (best@ep2 joint=0.8237 HN=0.8200)
[stalk-objective-v1] epoch 10/60 lr=0.001424 train_acc=0.9150 val@T6=0.8600 sel@T16 HN=0.4850 ov=0.7425 (best@ep2 joint=0.8237 HN=0.8200)
[stalk-objective-v1] epoch 11/60 lr=0.0014065 train_acc=0.9169 val@T6=0.9200 sel@T16 HN=0.7900 ov=0.8100 (best@ep2 joint=0.8237 HN=0.8200)
[stalk-objective-v1] epoch 12/60 lr=0.0013875 train_acc=0.9400 val@T6=0.9150 sel@T16 HN=0.6700 ov=0.8325 (best@ep2 joint=0.8237 HN=0.8200)
[stalk-objective-v1] epoch 13/60 lr=0.0013668 train_acc=0.9413 val@T6=0.9450 sel@T16 HN=0.8400 ov=0.8600 (best@ep13 joint=0.8500 HN=0.8400)
[stalk-objective-v1] epoch 14/60 lr=0.0013446 train_acc=0.9463 val@T6=0.9550 sel@T16 HN=0.4200 ov=0.7100 (best@ep13 joint=0.8500 HN=0.8400)
[stalk-objective-v1] epoch 15/60 lr=0.001321 train_acc=0.9337 val@T6=0.9325 sel@T16 HN=0.9050 ov=0.8700 (best@ep15 joint=0.8875 HN=0.9050)
[stalk-objective-v1] epoch 16/60 lr=0.0012959 train_acc=0.9469 val@T6=0.9375 sel@T16 HN=0.9250 ov=0.8925 (best@ep16 joint=0.9087 HN=0.9250)
[stalk-objective-v1] epoch 17/60 lr=0.0012695 train_acc=0.9506 val@T6=0.9325 sel@T16 HN=0.9300 ov=0.8775 (best@ep16 joint=0.9087 HN=0.9250)
[stalk-objective-v1] epoch 18/60 lr=0.0012418 train_acc=0.9369 val@T6=0.8950 sel@T16 HN=0.9150 ov=0.8775 (best@ep16 joint=0.9087 HN=0.9250)
[stalk-objective-v1] epoch 19/60 lr=0.001213 train_acc=0.9419 val@T6=0.9200 sel@T16 HN=0.9200 ov=0.8075 (best@ep16 joint=0.9087 HN=0.9250)
[stalk-objective-v1] epoch 20/60 lr=0.001183 train_acc=0.9431 val@T6=0.9425 sel@T16 HN=0.9100 ov=0.8675 (best@ep16 joint=0.9087 HN=0.9250)
[stalk-objective-v1] epoch 21/60 lr=0.0011521 train_acc=0.9600 val@T6=0.9375 sel@T16 HN=0.9050 ov=0.8450 (best@ep16 joint=0.9087 HN=0.9250)
[stalk-objective-v1] epoch 22/60 lr=0.0011202 train_acc=0.9506 val@T6=0.9475 sel@T16 HN=0.9400 ov=0.8700 (best@ep16 joint=0.9087 HN=0.9250)
[stalk-objective-v1] epoch 23/60 lr=0.0010875 train_acc=0.9669 val@T6=0.9425 sel@T16 HN=0.9250 ov=0.8750 (best@ep16 joint=0.9087 HN=0.9250)
[stalk-objective-v1] epoch 24/60 lr=0.001054 train_acc=0.9663 val@T6=0.9625 sel@T16 HN=0.9350 ov=0.8850 (best@ep24 joint=0.9100 HN=0.9350)
[stalk-objective-v1] epoch 25/60 lr=0.0010199 train_acc=0.9675 val@T6=0.9550 sel@T16 HN=0.9750 ov=0.8950 (best@ep25 joint=0.9350 HN=0.9750)
[stalk-objective-v1] epoch 26/60 lr=0.0009852 train_acc=0.9706 val@T6=0.9525 sel@T16 HN=0.9650 ov=0.8600 (best@ep25 joint=0.9350 HN=0.9750)
[stalk-objective-v1] epoch 27/60 lr=0.00095007 train_acc=0.9669 val@T6=0.9525 sel@T16 HN=0.9650 ov=0.8525 (best@ep25 joint=0.9350 HN=0.9750)
[stalk-objective-v1] epoch 28/60 lr=0.00091459 train_acc=0.9712 val@T6=0.9600 sel@T16 HN=0.9600 ov=0.8900 (best@ep25 joint=0.9350 HN=0.9750)
[stalk-objective-v1] epoch 29/60 lr=0.00087886 train_acc=0.9700 val@T6=0.9675 sel@T16 HN=0.9650 ov=0.8400 (best@ep25 joint=0.9350 HN=0.9750)
[stalk-objective-v1] epoch 30/60 lr=0.00084297 train_acc=0.9750 val@T6=0.9700 sel@T16 HN=0.9550 ov=0.8825 (best@ep25 joint=0.9350 HN=0.9750)
[stalk-objective-v1] epoch 31/60 lr=0.00080703 train_acc=0.9712 val@T6=0.9725 sel@T16 HN=0.9200 ov=0.8650 (best@ep25 joint=0.9350 HN=0.9750)
[stalk-objective-v1] epoch 32/60 lr=0.00077114 train_acc=0.9712 val@T6=0.9725 sel@T16 HN=0.9550 ov=0.8775 (best@ep25 joint=0.9350 HN=0.9750)
[stalk-objective-v1] epoch 33/60 lr=0.00073541 train_acc=0.9712 val@T6=0.9725 sel@T16 HN=0.9600 ov=0.7975 (best@ep25 joint=0.9350 HN=0.9750)
[stalk-objective-v1] epoch 34/60 lr=0.00069993 train_acc=0.9744 val@T6=0.9725 sel@T16 HN=0.9700 ov=0.8925 (best@ep25 joint=0.9350 HN=0.9750)
[stalk-objective-v1] epoch 35/60 lr=0.0006648 train_acc=0.9769 val@T6=0.9775 sel@T16 HN=0.9300 ov=0.8150 (best@ep25 joint=0.9350 HN=0.9750)
[stalk-objective-v1] epoch 36/60 lr=0.00063013 train_acc=0.9756 val@T6=0.9725 sel@T16 HN=0.8900 ov=0.8375 (best@ep25 joint=0.9350 HN=0.9750)
[stalk-objective-v1] epoch 37/60 lr=0.00059601 train_acc=0.9806 val@T6=0.9700 sel@T16 HN=0.9200 ov=0.8575 (best@ep25 joint=0.9350 HN=0.9750)
[stalk-objective-v1] epoch 38/60 lr=0.00056254 train_acc=0.9744 val@T6=0.9675 sel@T16 HN=0.6200 ov=0.8075 (best@ep25 joint=0.9350 HN=0.9750)
[stalk-objective-v1] epoch 39/60 lr=0.00052982 train_acc=0.9788 val@T6=0.9725 sel@T16 HN=0.8700 ov=0.8400 (best@ep25 joint=0.9350 HN=0.9750)
[stalk-objective-v1] epoch 40/60 lr=0.00049793 train_acc=0.9825 val@T6=0.9650 sel@T16 HN=0.7050 ov=0.8150 (best@ep25 joint=0.9350 HN=0.9750)
[stalk-objective-v1] epoch 41/60 lr=0.00046697 train_acc=0.9725 val@T6=0.9675 sel@T16 HN=0.9200 ov=0.8725 (best@ep25 joint=0.9350 HN=0.9750)
[stalk-objective-v1] epoch 42/60 lr=0.00043702 train_acc=0.9681 val@T6=0.9675 sel@T16 HN=0.9200 ov=0.8750 (best@ep25 joint=0.9350 HN=0.9750)
[stalk-objective-v1] epoch 43/60 lr=0.00040817 train_acc=0.9794 val@T6=0.9725 sel@T16 HN=0.9250 ov=0.8500 (best@ep25 joint=0.9350 HN=0.9750)
[stalk-objective-v1] epoch 44/60 lr=0.0003805 train_acc=0.9788 val@T6=0.9725 sel@T16 HN=0.9250 ov=0.8550 (best@ep25 joint=0.9350 HN=0.9750)
[stalk-objective-v1] epoch 45/60 lr=0.0003541 train_acc=0.9700 val@T6=0.9725 sel@T16 HN=0.9300 ov=0.7975 (best@ep25 joint=0.9350 HN=0.9750)
[stalk-objective-v1] epoch 46/60 lr=0.00032903 train_acc=0.9725 val@T6=0.9725 sel@T16 HN=0.8750 ov=0.7925 (best@ep25 joint=0.9350 HN=0.9750)
[stalk-objective-v1] epoch 47/60 lr=0.00030536 train_acc=0.9756 val@T6=0.9725 sel@T16 HN=0.8500 ov=0.8250 (best@ep25 joint=0.9350 HN=0.9750)
[stalk-objective-v1] epoch 48/60 lr=0.00028317 train_acc=0.9694 val@T6=0.9700 sel@T16 HN=0.9200 ov=0.8525 (best@ep25 joint=0.9350 HN=0.9750)
[stalk-objective-v1] epoch 49/60 lr=0.00026251 train_acc=0.9725 val@T6=0.9650 sel@T16 HN=0.8550 ov=0.8400 (best@ep25 joint=0.9350 HN=0.9750)
[stalk-objective-v1] epoch 50/60 lr=0.00024345 train_acc=0.9762 val@T6=0.9600 sel@T16 HN=0.8500 ov=0.8375 (best@ep25 joint=0.9350 HN=0.9750)
[stalk-objective-v1] epoch 51/60 lr=0.00022604 train_acc=0.9750 val@T6=0.9725 sel@T16 HN=0.9250 ov=0.8550 (best@ep25 joint=0.9350 HN=0.9750)
[stalk-objective-v1] epoch 52/60 lr=0.00021032 train_acc=0.9788 val@T6=0.9725 sel@T16 HN=0.9250 ov=0.8575 (best@ep25 joint=0.9350 HN=0.9750)
[stalk-objective-v1] epoch 53/60 lr=0.00019635 train_acc=0.9719 val@T6=0.9675 sel@T16 HN=0.7000 ov=0.8200 (best@ep25 joint=0.9350 HN=0.9750)
[stalk-objective-v1] epoch 54/60 lr=0.00018416 train_acc=0.9781 val@T6=0.9725 sel@T16 HN=0.7950 ov=0.8575 (best@ep25 joint=0.9350 HN=0.9750)
[stalk-objective-v1] epoch 55/60 lr=0.00017378 train_acc=0.9744 val@T6=0.9725 sel@T16 HN=0.9000 ov=0.8625 (best@ep25 joint=0.9350 HN=0.9750)
[stalk-objective-v1] epoch 56/60 lr=0.00016525 train_acc=0.9769 val@T6=0.9725 sel@T16 HN=0.9200 ov=0.8625 (best@ep25 joint=0.9350 HN=0.9750)
[stalk-objective-v1] epoch 57/60 lr=0.00015859 train_acc=0.9738 val@T6=0.9725 sel@T16 HN=0.9200 ov=0.8550 (best@ep25 joint=0.9350 HN=0.9750)
[stalk-objective-v1] epoch 58/60 lr=0.00015382 train_acc=0.9750 val@T6=0.9725 sel@T16 HN=0.9250 ov=0.8550 (best@ep25 joint=0.9350 HN=0.9750)
[stalk-objective-v1] epoch 59/60 lr=0.00015096 train_acc=0.9762 val@T6=0.9725 sel@T16 HN=0.8950 ov=0.8975 (best@ep25 joint=0.9350 HN=0.9750)
[stalk-objective-v1] epoch 60/60 lr=0.00015 train_acc=0.9775 val@T6=0.9700 sel@T16 HN=0.9000 ov=0.8625 (best@ep25 joint=0.9350 HN=0.9750)
[stalk-objective-v1] seed=4 OOD eval T∈(6, 8, 12, 16)
[stalk-objective-v1] seed=4 untrained control
[stalk-objective-v1] seed=4 T16 overall=0.8750 hard_neg=0.8667 K16=0.8750 prereg=False
[stalk-objective-v1] wrote artifacts/stalk_objective_v1.json
[stalk-objective-v1] verdict=STOP_FRAGILE science_open=False mean hard_neg=0.9267±0.0485 K16=0.8450±0.1655 seed_pass=0/5
{
  "verdict": "STOP_FRAGILE",
  "open_status": "MEASURE_STOP_FRAGILE",
  "science_open": false,
  "prereg_mean_pass": false,
  "n_prereg_pass_individual": 0,
  "mean_std": {
    "T16_overall": {
      "mean": 0.89875,
      "std": 0.04572904802566236
    },
    "T16_hard_neg": {
      "mean": 0.9266666666666665,
      "std": 0.04846605341198448
    },
    "T16_K8": {
      "mean": 0.8425,
      "std": 0.12887736418782003
    },
    "T16_K12": {
      "mean": 0.925,
      "std": 0.11759304826391738
    },
    "T16_K16": {
      "mean": 0.845,
      "std": 0.16550113292663587
    },
    "untrained_T16_overall": {
      "mean": 0.4883333333333333,
      "std": 0.1936749406580234
    },
    "untrained_T16_hard_neg": {
      "mean": 0.5766666666666667,
      "std": 0.23490172294907596
    },
    "untrained_vs_trained_agree_T16": {
      "mean": 0.5112499952316284,
      "std": 0.17578320611289297
    }
  },
  "out": "artifacts/stalk_objective_v1.json"
}
