/workspace/geo-recurrence-testbed/.venv/lib/python3.13/site-packages/torch/_subclasses/functional_tensor.py:368: UserWarning: Failed to initialize NumPy: No module named 'numpy' (Triggered internally at /__w/pytorch/pytorch/torch/csrc/utils/tensor_numpy.cpp:84.)
  cpu = _conversion_method_template(device=torch.device("cpu"))
[stalk-stabilize-v2] === seed 0 train (harden) ===
[stalk-stabilize-v2] params=117506 parity_ok=True d=64 mlp=10 T=6 lr=0.0015→0.0001 cosine clip=2.5
[stalk-stabilize-v2] epoch 1/90 lr=0.0015 train_acc=0.7206 val@T6=0.8475 sel@T16 HN=0.7500 ov=0.8525 elig=True (best@ep1 joint=0.7807 HN=0.7500)
[stalk-stabilize-v2] epoch 2/90 lr=0.0014996 train_acc=0.8594 val@T6=0.8700 sel@T16 HN=0.7950 ov=0.8350 elig=False (best@ep1 joint=0.7807 HN=0.7500)
[stalk-stabilize-v2] epoch 3/90 lr=0.0014983 train_acc=0.8875 val@T6=0.8775 sel@T16 HN=0.8350 ov=0.8525 elig=True (best@ep3 joint=0.8402 HN=0.8350)
[stalk-stabilize-v2] epoch 4/90 lr=0.0014961 train_acc=0.8881 val@T6=0.8825 sel@T16 HN=0.8400 ov=0.8575 elig=True (best@ep4 joint=0.8452 HN=0.8400)
[stalk-stabilize-v2] epoch 5/90 lr=0.001493 train_acc=0.8894 val@T6=0.8725 sel@T16 HN=0.8600 ov=0.8300 elig=False (best@ep4 joint=0.8452 HN=0.8400)
[stalk-stabilize-v2] epoch 6/90 lr=0.0014891 train_acc=0.9050 val@T6=0.8875 sel@T16 HN=0.9250 ov=0.8425 elig=False (best@ep4 joint=0.8452 HN=0.8400)
[stalk-stabilize-v2] epoch 7/90 lr=0.0014844 train_acc=0.9012 val@T6=0.8825 sel@T16 HN=0.9700 ov=0.7275 elig=False (best@ep4 joint=0.8452 HN=0.8400)
[stalk-stabilize-v2] epoch 8/90 lr=0.0014787 train_acc=0.9087 val@T6=0.8725 sel@T16 HN=0.8800 ov=0.8575 elig=True (best@ep8 joint=0.8732 HN=0.8800)
[stalk-stabilize-v2] epoch 9/90 lr=0.0014723 train_acc=0.8944 val@T6=0.8750 sel@T16 HN=1.0000 ov=0.6050 elig=False (best@ep8 joint=0.8732 HN=0.8800)
[stalk-stabilize-v2] epoch 10/90 lr=0.001465 train_acc=0.9050 val@T6=0.8900 sel@T16 HN=1.0000 ov=0.7650 elig=False (best@ep8 joint=0.8732 HN=0.8800)
[stalk-stabilize-v2] epoch 11/90 lr=0.0014568 train_acc=0.9069 val@T6=0.9025 sel@T16 HN=0.9800 ov=0.8150 elig=False (best@ep8 joint=0.8732 HN=0.8800)
[stalk-stabilize-v2] epoch 12/90 lr=0.0014479 train_acc=0.9275 val@T6=0.9100 sel@T16 HN=0.9900 ov=0.8150 elig=False (best@ep8 joint=0.8732 HN=0.8800)
[stalk-stabilize-v2] epoch 13/90 lr=0.0014381 train_acc=0.9375 val@T6=0.9200 sel@T16 HN=1.0000 ov=0.7525 elig=False (best@ep8 joint=0.8732 HN=0.8800)
[stalk-stabilize-v2] epoch 14/90 lr=0.0014276 train_acc=0.9544 val@T6=0.9450 sel@T16 HN=1.0000 ov=0.7725 elig=False (best@ep8 joint=0.8732 HN=0.8800)
[stalk-stabilize-v2] epoch 15/90 lr=0.0014162 train_acc=0.9594 val@T6=0.9525 sel@T16 HN=0.9950 ov=0.7475 elig=False (best@ep8 joint=0.8732 HN=0.8800)
[stalk-stabilize-v2] epoch 16/90 lr=0.0014041 train_acc=0.9600 val@T6=0.9575 sel@T16 HN=0.9550 ov=0.9475 elig=True (best@ep16 joint=0.9527 HN=0.9550)
[stalk-stabilize-v2] epoch 17/90 lr=0.0013913 train_acc=0.9637 val@T6=0.9500 sel@T16 HN=0.9850 ov=0.8475 elig=False (best@ep16 joint=0.9527 HN=0.9550)
[stalk-stabilize-v2] epoch 18/90 lr=0.0013777 train_acc=0.9600 val@T6=0.9375 sel@T16 HN=0.9750 ov=0.8525 elig=True (best@ep16 joint=0.9527 HN=0.9550)
[stalk-stabilize-v2] epoch 19/90 lr=0.0013634 train_acc=0.9625 val@T6=0.9625 sel@T16 HN=0.9650 ov=0.9375 elig=True (best@ep19 joint=0.9567 HN=0.9650)
[stalk-stabilize-v2] epoch 20/90 lr=0.0013484 train_acc=0.9569 val@T6=0.9600 sel@T16 HN=0.9700 ov=0.9500 elig=True (best@ep20 joint=0.9640 HN=0.9700)
[stalk-stabilize-v2] epoch 21/90 lr=0.0013327 train_acc=0.9625 val@T6=0.9550 sel@T16 HN=0.9750 ov=0.9500 elig=True (best@ep21 joint=0.9675 HN=0.9750)
[stalk-stabilize-v2] epoch 22/90 lr=0.0013163 train_acc=0.9731 val@T6=0.9750 sel@T16 HN=1.0000 ov=0.8850 elig=True (best@ep21 joint=0.9675 HN=0.9750)
[stalk-stabilize-v2] epoch 23/90 lr=0.0012993 train_acc=0.9825 val@T6=0.9625 sel@T16 HN=1.0000 ov=0.9075 elig=True (best@ep23 joint=0.9722 HN=1.0000)
[stalk-stabilize-v2] epoch 24/90 lr=0.0012817 train_acc=0.9831 val@T6=0.9850 sel@T16 HN=0.9900 ov=0.9400 elig=True (best@ep24 joint=0.9750 HN=0.9900)
[stalk-stabilize-v2] epoch 25/90 lr=0.0012635 train_acc=0.8700 val@T6=0.8925 sel@T16 HN=0.9650 ov=0.7300 elig=False (best@ep24 joint=0.9750 HN=0.9900)
[stalk-stabilize-v2] epoch 26/90 lr=0.0012447 train_acc=0.8925 val@T6=0.8725 sel@T16 HN=0.8400 ov=0.8800 elig=True (best@ep24 joint=0.9750 HN=0.9900)
[stalk-stabilize-v2] epoch 27/90 lr=0.0012253 train_acc=0.8950 val@T6=0.9050 sel@T16 HN=0.9150 ov=0.8675 elig=True (best@ep24 joint=0.9750 HN=0.9900)
[stalk-stabilize-v2] epoch 28/90 lr=0.0012054 train_acc=0.9194 val@T6=0.8725 sel@T16 HN=1.0000 ov=0.6725 elig=False (best@ep24 joint=0.9750 HN=0.9900)
[stalk-stabilize-v2] epoch 29/90 lr=0.001185 train_acc=0.9406 val@T6=0.9700 sel@T16 HN=0.9700 ov=0.9175 elig=True (best@ep24 joint=0.9750 HN=0.9900)
[stalk-stabilize-v2] epoch 30/90 lr=0.0011642 train_acc=0.9613 val@T6=0.9850 sel@T16 HN=0.9700 ov=0.9750 elig=True (best@ep24 joint=0.9750 HN=0.9900)
[stalk-stabilize-v2] epoch 31/90 lr=0.0011428 train_acc=0.9794 val@T6=0.9800 sel@T16 HN=1.0000 ov=0.9850 elig=True (best@ep31 joint=0.9955 HN=1.0000)
[stalk-stabilize-v2] epoch 32/90 lr=0.0011211 train_acc=0.9862 val@T6=0.9750 sel@T16 HN=1.0000 ov=0.9700 elig=True (best@ep31 joint=0.9955 HN=1.0000)
[stalk-stabilize-v2] epoch 33/90 lr=0.0010989 train_acc=0.9925 val@T6=0.9925 sel@T16 HN=1.0000 ov=0.9775 elig=True (best@ep31 joint=0.9955 HN=1.0000)
[stalk-stabilize-v2] epoch 34/90 lr=0.0010764 train_acc=0.9956 val@T6=1.0000 sel@T16 HN=1.0000 ov=0.9750 elig=True (best@ep31 joint=0.9955 HN=1.0000)
[stalk-stabilize-v2] epoch 35/90 lr=0.0010535 train_acc=0.9975 val@T6=1.0000 sel@T16 HN=1.0000 ov=0.9800 elig=True (best@ep31 joint=0.9955 HN=1.0000)
[stalk-stabilize-v2] epoch 36/90 lr=0.0010304 train_acc=0.9969 val@T6=0.9950 sel@T16 HN=1.0000 ov=0.9750 elig=True (best@ep31 joint=0.9955 HN=1.0000)
[stalk-stabilize-v2] epoch 37/90 lr=0.0010069 train_acc=0.9969 val@T6=0.9975 sel@T16 HN=1.0000 ov=0.9750 elig=True (best@ep31 joint=0.9955 HN=1.0000)
[stalk-stabilize-v2] epoch 38/90 lr=0.00098316 train_acc=0.9969 val@T6=0.9975 sel@T16 HN=1.0000 ov=0.9750 elig=True (best@ep31 joint=0.9955 HN=1.0000)
[stalk-stabilize-v2] epoch 39/90 lr=0.0009592 train_acc=0.9969 val@T6=0.9925 sel@T16 HN=0.9900 ov=0.9925 elig=True (best@ep31 joint=0.9955 HN=1.0000)
[stalk-stabilize-v2] epoch 40/90 lr=0.00093505 train_acc=0.9975 val@T6=0.9975 sel@T16 HN=1.0000 ov=0.9825 elig=True (best@ep31 joint=0.9955 HN=1.0000)
[stalk-stabilize-v2] epoch 41/90 lr=0.00091072 train_acc=0.9975 val@T6=0.9925 sel@T16 HN=0.9600 ov=0.9800 elig=True (best@ep31 joint=0.9955 HN=1.0000)
[stalk-stabilize-v2] epoch 42/90 lr=0.00088626 train_acc=0.9969 val@T6=0.9925 sel@T16 HN=1.0000 ov=0.9825 elig=True (best@ep31 joint=0.9955 HN=1.0000)
[stalk-stabilize-v2] epoch 43/90 lr=0.00086169 train_acc=0.9975 val@T6=0.9975 sel@T16 HN=1.0000 ov=0.9750 elig=True (best@ep31 joint=0.9955 HN=1.0000)
[stalk-stabilize-v2] epoch 44/90 lr=0.00083705 train_acc=0.9975 val@T6=0.9975 sel@T16 HN=1.0000 ov=0.9800 elig=True (best@ep31 joint=0.9955 HN=1.0000)
[stalk-stabilize-v2] epoch 45/90 lr=0.00081235 train_acc=0.9975 val@T6=0.9975 sel@T16 HN=1.0000 ov=0.9825 elig=True (best@ep31 joint=0.9955 HN=1.0000)
[stalk-stabilize-v2] epoch 46/90 lr=0.00078765 train_acc=0.9975 val@T6=0.9925 sel@T16 HN=0.9900 ov=0.9875 elig=True (best@ep31 joint=0.9955 HN=1.0000)
[stalk-stabilize-v2] epoch 47/90 lr=0.00076295 train_acc=0.9975 val@T6=0.9975 sel@T16 HN=1.0000 ov=0.9825 elig=True (best@ep31 joint=0.9955 HN=1.0000)
[stalk-stabilize-v2] epoch 48/90 lr=0.00073831 train_acc=0.9969 val@T6=0.9975 sel@T16 HN=1.0000 ov=0.9925 elig=True (best@ep48 joint=0.9977 HN=1.0000)
[stalk-stabilize-v2] epoch 49/90 lr=0.00071374 train_acc=0.9975 val@T6=0.9925 sel@T16 HN=1.0000 ov=0.9850 elig=True (best@ep48 joint=0.9977 HN=1.0000)
[stalk-stabilize-v2] epoch 50/90 lr=0.00068928 train_acc=0.9969 val@T6=1.0000 sel@T16 HN=0.9900 ov=0.9925 elig=True (best@ep48 joint=0.9977 HN=1.0000)
[stalk-stabilize-v2] epoch 51/90 lr=0.00066495 train_acc=0.9975 val@T6=1.0000 sel@T16 HN=1.0000 ov=0.9800 elig=True (best@ep48 joint=0.9977 HN=1.0000)
[stalk-stabilize-v2] epoch 52/90 lr=0.0006408 train_acc=0.9975 val@T6=1.0000 sel@T16 HN=1.0000 ov=0.9925 elig=True (best@ep48 joint=0.9977 HN=1.0000)
[stalk-stabilize-v2] epoch 53/90 lr=0.00061684 train_acc=0.9975 val@T6=0.9950 sel@T16 HN=1.0000 ov=0.9950 elig=True (best@ep53 joint=0.9985 HN=1.0000)
[stalk-stabilize-v2] epoch 54/90 lr=0.00059311 train_acc=0.9975 val@T6=1.0000 sel@T16 HN=1.0000 ov=0.9925 elig=True (best@ep53 joint=0.9985 HN=1.0000)
[stalk-stabilize-v2] epoch 55/90 lr=0.00056964 train_acc=0.9975 val@T6=1.0000 sel@T16 HN=1.0000 ov=0.9925 elig=True (best@ep53 joint=0.9985 HN=1.0000)
[stalk-stabilize-v2] epoch 56/90 lr=0.00054645 train_acc=0.9975 val@T6=1.0000 sel@T16 HN=1.0000 ov=0.9825 elig=True (best@ep53 joint=0.9985 HN=1.0000)
[stalk-stabilize-v2] epoch 57/90 lr=0.00052358 train_acc=0.9975 val@T6=0.9950 sel@T16 HN=1.0000 ov=0.9950 elig=True (best@ep53 joint=0.9985 HN=1.0000)
[stalk-stabilize-v2] epoch 58/90 lr=0.00050106 train_acc=0.9969 val@T6=1.0000 sel@T16 HN=1.0000 ov=0.9925 elig=True (best@ep53 joint=0.9985 HN=1.0000)
[stalk-stabilize-v2] epoch 59/90 lr=0.00047891 train_acc=0.9969 val@T6=0.9950 sel@T16 HN=1.0000 ov=0.9925 elig=True (best@ep53 joint=0.9985 HN=1.0000)
[stalk-stabilize-v2] epoch 60/90 lr=0.00045716 train_acc=0.9969 val@T6=1.0000 sel@T16 HN=1.0000 ov=0.9925 elig=True (best@ep53 joint=0.9985 HN=1.0000)
[stalk-stabilize-v2] epoch 61/90 lr=0.00043583 train_acc=0.9969 val@T6=1.0000 sel@T16 HN=1.0000 ov=0.9925 elig=True (best@ep53 joint=0.9985 HN=1.0000)
[stalk-stabilize-v2] epoch 62/90 lr=0.00041496 train_acc=0.9975 val@T6=1.0000 sel@T16 HN=1.0000 ov=0.9825 elig=True (best@ep53 joint=0.9985 HN=1.0000)
[stalk-stabilize-v2] epoch 63/90 lr=0.00039457 train_acc=0.9969 val@T6=1.0000 sel@T16 HN=1.0000 ov=0.9950 elig=True (best@ep53 joint=0.9985 HN=1.0000)
[stalk-stabilize-v2] epoch 64/90 lr=0.00037468 train_acc=0.9975 val@T6=0.9950 sel@T16 HN=1.0000 ov=0.9925 elig=True (best@ep53 joint=0.9985 HN=1.0000)
[stalk-stabilize-v2] epoch 65/90 lr=0.00035533 train_acc=0.9975 val@T6=1.0000 sel@T16 HN=1.0000 ov=0.9925 elig=True (best@ep53 joint=0.9985 HN=1.0000)
[stalk-stabilize-v2] epoch 66/90 lr=0.00033653 train_acc=0.9975 val@T6=1.0000 sel@T16 HN=1.0000 ov=0.9925 elig=True (best@ep53 joint=0.9985 HN=1.0000)
[stalk-stabilize-v2] epoch 67/90 lr=0.0003183 train_acc=0.9975 val@T6=0.9950 sel@T16 HN=1.0000 ov=0.9950 elig=True (best@ep53 joint=0.9985 HN=1.0000)
[stalk-stabilize-v2] epoch 68/90 lr=0.00030068 train_acc=0.9975 val@T6=1.0000 sel@T16 HN=1.0000 ov=0.9925 elig=True (best@ep53 joint=0.9985 HN=1.0000)
[stalk-stabilize-v2] epoch 69/90 lr=0.00028367 train_acc=0.9981 val@T6=1.0000 sel@T16 HN=1.0000 ov=0.9925 elig=True (best@ep53 joint=0.9985 HN=1.0000)
[stalk-stabilize-v2] epoch 70/90 lr=0.00026731 train_acc=0.9975 val@T6=1.0000 sel@T16 HN=1.0000 ov=0.9925 elig=True (best@ep53 joint=0.9985 HN=1.0000)
[stalk-stabilize-v2] epoch 71/90 lr=0.00025162 train_acc=0.9975 val@T6=1.0000 sel@T16 HN=1.0000 ov=0.9950 elig=True (best@ep53 joint=0.9985 HN=1.0000)
[stalk-stabilize-v2] epoch 72/90 lr=0.00023661 train_acc=0.9975 val@T6=1.0000 sel@T16 HN=1.0000 ov=0.9900 elig=True (best@ep53 joint=0.9985 HN=1.0000)
[stalk-stabilize-v2] epoch 73/90 lr=0.0002223 train_acc=0.9969 val@T6=1.0000 sel@T16 HN=1.0000 ov=0.9950 elig=True (best@ep53 joint=0.9985 HN=1.0000)
[stalk-stabilize-v2] epoch 74/90 lr=0.00020871 train_acc=0.9975 val@T6=1.0000 sel@T16 HN=1.0000 ov=0.9950 elig=True (best@ep53 joint=0.9985 HN=1.0000)
[stalk-stabilize-v2] epoch 75/90 lr=0.00019585 train_acc=0.9969 val@T6=1.0000 sel@T16 HN=1.0000 ov=0.9950 elig=True (best@ep53 joint=0.9985 HN=1.0000)
[stalk-stabilize-v2] epoch 76/90 lr=0.00018375 train_acc=0.9975 val@T6=0.9950 sel@T16 HN=1.0000 ov=0.9950 elig=True (best@ep53 joint=0.9985 HN=1.0000)
[stalk-stabilize-v2] epoch 77/90 lr=0.00017242 train_acc=0.9975 val@T6=1.0000 sel@T16 HN=1.0000 ov=0.9950 elig=True (best@ep53 joint=0.9985 HN=1.0000)
[stalk-stabilize-v2] epoch 78/90 lr=0.00016187 train_acc=0.9981 val@T6=0.9950 sel@T16 HN=1.0000 ov=0.9950 elig=True (best@ep53 joint=0.9985 HN=1.0000)
[stalk-stabilize-v2] epoch 79/90 lr=0.00015211 train_acc=0.9969 val@T6=1.0000 sel@T16 HN=1.0000 ov=0.9950 elig=True (best@ep53 joint=0.9985 HN=1.0000)
[stalk-stabilize-v2] epoch 80/90 lr=0.00014316 train_acc=0.9975 val@T6=0.9950 sel@T16 HN=1.0000 ov=0.9925 elig=True (best@ep53 joint=0.9985 HN=1.0000)
[stalk-stabilize-v2] epoch 81/90 lr=0.00013503 train_acc=0.9975 val@T6=1.0000 sel@T16 HN=1.0000 ov=0.9850 elig=True (best@ep53 joint=0.9985 HN=1.0000)
[stalk-stabilize-v2] epoch 82/90 lr=0.00012773 train_acc=0.9969 val@T6=1.0000 sel@T16 HN=1.0000 ov=0.9925 elig=True (best@ep53 joint=0.9985 HN=1.0000)
[stalk-stabilize-v2] epoch 83/90 lr=0.00012126 train_acc=0.9975 val@T6=0.9950 sel@T16 HN=1.0000 ov=0.9925 elig=True (best@ep53 joint=0.9985 HN=1.0000)
[stalk-stabilize-v2] epoch 84/90 lr=0.00011564 train_acc=0.9981 val@T6=1.0000 sel@T16 HN=1.0000 ov=0.9800 elig=True (best@ep53 joint=0.9985 HN=1.0000)
[stalk-stabilize-v2] epoch 85/90 lr=0.00011087 train_acc=0.9975 val@T6=1.0000 sel@T16 HN=1.0000 ov=0.9925 elig=True (best@ep53 joint=0.9985 HN=1.0000)
[stalk-stabilize-v2] epoch 86/90 lr=0.00010697 train_acc=0.9975 val@T6=0.9950 sel@T16 HN=1.0000 ov=0.9925 elig=True (best@ep53 joint=0.9985 HN=1.0000)
[stalk-stabilize-v2] epoch 87/90 lr=0.00010392 train_acc=0.9975 val@T6=1.0000 sel@T16 HN=1.0000 ov=0.9925 elig=True (best@ep53 joint=0.9985 HN=1.0000)
[stalk-stabilize-v2] epoch 88/90 lr=0.00010174 train_acc=0.9969 val@T6=0.9950 sel@T16 HN=1.0000 ov=0.9925 elig=True (best@ep53 joint=0.9985 HN=1.0000)
[stalk-stabilize-v2] epoch 89/90 lr=0.00010044 train_acc=0.9975 val@T6=1.0000 sel@T16 HN=1.0000 ov=0.9925 elig=True (best@ep53 joint=0.9985 HN=1.0000)
[stalk-stabilize-v2] epoch 90/90 lr=0.0001 train_acc=0.9981 val@T6=0.9950 sel@T16 HN=1.0000 ov=0.9925 elig=True (best@ep53 joint=0.9985 HN=1.0000)
[stalk-stabilize-v2] seed=0 OOD eval T∈(6, 8, 12, 16)
[stalk-stabilize-v2] seed=0 untrained control
[stalk-stabilize-v2] seed=0 T16 overall=0.8375 hard_neg=1.0000 K16=0.0625 prereg=False
[stalk-stabilize-v2] === seed 1 train (harden) ===
[stalk-stabilize-v2] params=117506 parity_ok=True d=64 mlp=10 T=6 lr=0.0015→0.0001 cosine clip=2.5
[stalk-stabilize-v2] epoch 1/90 lr=0.0015 train_acc=0.7163 val@T6=0.8300 sel@T16 HN=0.8900 ov=0.8025 elig=False (best@ep0 joint=nan HN=nan)
[stalk-stabilize-v2] epoch 2/90 lr=0.0014996 train_acc=0.8387 val@T6=0.8525 sel@T16 HN=0.8400 ov=0.8375 elig=False (best@ep0 joint=nan HN=nan)
[stalk-stabilize-v2] epoch 3/90 lr=0.0014983 train_acc=0.8625 val@T6=0.8525 sel@T16 HN=0.9300 ov=0.7825 elig=False (best@ep0 joint=nan HN=nan)
[stalk-stabilize-v2] epoch 4/90 lr=0.0014961 train_acc=0.8675 val@T6=0.8675 sel@T16 HN=0.9400 ov=0.7925 elig=False (best@ep0 joint=nan HN=nan)
[stalk-stabilize-v2] epoch 5/90 lr=0.001493 train_acc=0.8850 val@T6=0.8725 sel@T16 HN=0.9400 ov=0.7950 elig=False (best@ep0 joint=nan HN=nan)
[stalk-stabilize-v2] epoch 6/90 lr=0.0014891 train_acc=0.8919 val@T6=0.8825 sel@T16 HN=0.9700 ov=0.7825 elig=False (best@ep0 joint=nan HN=nan)
[stalk-stabilize-v2] epoch 7/90 lr=0.0014844 train_acc=0.8981 val@T6=0.8950 sel@T16 HN=0.9700 ov=0.7675 elig=False (best@ep0 joint=nan HN=nan)
[stalk-stabilize-v2] epoch 8/90 lr=0.0014787 train_acc=0.8900 val@T6=0.8825 sel@T16 HN=0.9900 ov=0.7350 elig=False (best@ep0 joint=nan HN=nan)
[stalk-stabilize-v2] epoch 9/90 lr=0.0014723 train_acc=0.8831 val@T6=0.8375 sel@T16 HN=1.0000 ov=0.7500 elig=False (best@ep0 joint=nan HN=nan)
[stalk-stabilize-v2] epoch 10/90 lr=0.001465 train_acc=0.9025 val@T6=0.8975 sel@T16 HN=0.9950 ov=0.7450 elig=False (best@ep0 joint=nan HN=nan)
[stalk-stabilize-v2] epoch 11/90 lr=0.0014568 train_acc=0.9231 val@T6=0.9250 sel@T16 HN=1.0000 ov=0.7575 elig=False (best@ep0 joint=nan HN=nan)
[stalk-stabilize-v2] epoch 12/90 lr=0.0014479 train_acc=0.9206 val@T6=0.9175 sel@T16 HN=1.0000 ov=0.7125 elig=False (best@ep0 joint=nan HN=nan)
[stalk-stabilize-v2] epoch 13/90 lr=0.0014381 train_acc=0.9481 val@T6=0.9250 sel@T16 HN=1.0000 ov=0.7025 elig=False (best@ep0 joint=nan HN=nan)
[stalk-stabilize-v2] epoch 14/90 lr=0.0014276 train_acc=0.9444 val@T6=0.9575 sel@T16 HN=1.0000 ov=0.7350 elig=False (best@ep0 joint=nan HN=nan)
[stalk-stabilize-v2] epoch 15/90 lr=0.0014162 train_acc=0.9606 val@T6=0.9550 sel@T16 HN=0.9950 ov=0.8025 elig=False (best@ep0 joint=nan HN=nan)
[stalk-stabilize-v2] epoch 16/90 lr=0.0014041 train_acc=0.9675 val@T6=0.9525 sel@T16 HN=1.0000 ov=0.7475 elig=False (best@ep0 joint=nan HN=nan)
[stalk-stabilize-v2] epoch 17/90 lr=0.0013913 train_acc=0.9631 val@T6=0.9375 sel@T16 HN=0.9850 ov=0.7900 elig=False (best@ep0 joint=nan HN=nan)
[stalk-stabilize-v2] epoch 18/90 lr=0.0013777 train_acc=0.9606 val@T6=0.9450 sel@T16 HN=0.9900 ov=0.7625 elig=False (best@ep0 joint=nan HN=nan)
[stalk-stabilize-v2] epoch 19/90 lr=0.0013634 train_acc=0.9619 val@T6=0.9500 sel@T16 HN=1.0000 ov=0.7900 elig=False (best@ep0 joint=nan HN=nan)
[stalk-stabilize-v2] epoch 20/90 lr=0.0013484 train_acc=0.9706 val@T6=0.9525 sel@T16 HN=1.0000 ov=0.7925 elig=False (best@ep0 joint=nan HN=nan)
[stalk-stabilize-v2] epoch 21/90 lr=0.0013327 train_acc=0.9694 val@T6=0.9500 sel@T16 HN=1.0000 ov=0.7125 elig=False (best@ep0 joint=nan HN=nan)
[stalk-stabilize-v2] epoch 22/90 lr=0.0013163 train_acc=0.9637 val@T6=0.8850 sel@T16 HN=0.9600 ov=0.7450 elig=False (best@ep0 joint=nan HN=nan)
[stalk-stabilize-v2] epoch 23/90 lr=0.0012993 train_acc=0.9331 val@T6=0.9550 sel@T16 HN=0.9800 ov=0.9350 elig=True (best@ep23 joint=0.9665 HN=0.9800)
[stalk-stabilize-v2] epoch 24/90 lr=0.0012817 train_acc=0.9719 val@T6=0.9600 sel@T16 HN=0.9700 ov=0.9750 elig=True (best@ep24 joint=0.9715 HN=0.9700)
[stalk-stabilize-v2] epoch 25/90 lr=0.0012635 train_acc=0.9731 val@T6=0.9600 sel@T16 HN=0.9750 ov=0.9675 elig=True (best@ep25 joint=0.9728 HN=0.9750)
[stalk-stabilize-v2] epoch 26/90 lr=0.0012447 train_acc=0.9744 val@T6=0.9575 sel@T16 HN=0.9700 ov=0.9650 elig=True (best@ep25 joint=0.9728 HN=0.9750)
[stalk-stabilize-v2] epoch 27/90 lr=0.0012253 train_acc=0.9631 val@T6=0.9600 sel@T16 HN=0.9550 ov=0.9350 elig=True (best@ep25 joint=0.9728 HN=0.9750)
[stalk-stabilize-v2] epoch 28/90 lr=0.0012054 train_acc=0.9688 val@T6=0.9525 sel@T16 HN=0.9600 ov=0.9350 elig=True (best@ep25 joint=0.9728 HN=0.9750)
[stalk-stabilize-v2] epoch 29/90 lr=0.001185 train_acc=0.9700 val@T6=0.9600 sel@T16 HN=0.9500 ov=0.9725 elig=True (best@ep25 joint=0.9728 HN=0.9750)
[stalk-stabilize-v2] epoch 30/90 lr=0.0011642 train_acc=0.9637 val@T6=0.9625 sel@T16 HN=0.9500 ov=0.9725 elig=True (best@ep25 joint=0.9728 HN=0.9750)
[stalk-stabilize-v2] epoch 31/90 lr=0.0011428 train_acc=0.9731 val@T6=0.9700 sel@T16 HN=0.9500 ov=0.9725 elig=True (best@ep25 joint=0.9728 HN=0.9750)
[stalk-stabilize-v2] epoch 32/90 lr=0.0011211 train_acc=0.9731 val@T6=0.9675 sel@T16 HN=0.9500 ov=0.9725 elig=True (best@ep25 joint=0.9728 HN=0.9750)
[stalk-stabilize-v2] epoch 33/90 lr=0.0010989 train_acc=0.9725 val@T6=0.9675 sel@T16 HN=0.9500 ov=0.9725 elig=True (best@ep25 joint=0.9728 HN=0.9750)
[stalk-stabilize-v2] epoch 34/90 lr=0.0010764 train_acc=0.9731 val@T6=0.9675 sel@T16 HN=0.9550 ov=0.9600 elig=True (best@ep25 joint=0.9728 HN=0.9750)
[stalk-stabilize-v2] epoch 35/90 lr=0.0010535 train_acc=0.9725 val@T6=0.9675 sel@T16 HN=0.9550 ov=0.9525 elig=True (best@ep25 joint=0.9728 HN=0.9750)
[stalk-stabilize-v2] epoch 36/90 lr=0.0010304 train_acc=0.9738 val@T6=0.9675 sel@T16 HN=0.9550 ov=0.9625 elig=True (best@ep25 joint=0.9728 HN=0.9750)
[stalk-stabilize-v2] epoch 37/90 lr=0.0010069 train_acc=0.9738 val@T6=0.9700 sel@T16 HN=0.9550 ov=0.9550 elig=True (best@ep25 joint=0.9728 HN=0.9750)
[stalk-stabilize-v2] epoch 38/90 lr=0.00098316 train_acc=0.9744 val@T6=0.9700 sel@T16 HN=0.9650 ov=0.9300 elig=True (best@ep25 joint=0.9728 HN=0.9750)
[stalk-stabilize-v2] epoch 39/90 lr=0.0009592 train_acc=0.9744 val@T6=0.9675 sel@T16 HN=0.9900 ov=0.7800 elig=False (best@ep25 joint=0.9728 HN=0.9750)
[stalk-stabilize-v2] epoch 40/90 lr=0.00093505 train_acc=0.9750 val@T6=0.9700 sel@T16 HN=0.9600 ov=0.9625 elig=True (best@ep25 joint=0.9728 HN=0.9750)
[stalk-stabilize-v2] epoch 41/90 lr=0.00091072 train_acc=0.9750 val@T6=0.9700 sel@T16 HN=0.9650 ov=0.8825 elig=True (best@ep25 joint=0.9728 HN=0.9750)
[stalk-stabilize-v2] epoch 42/90 lr=0.00088626 train_acc=0.9756 val@T6=0.9700 sel@T16 HN=0.9650 ov=0.8850 elig=True (best@ep25 joint=0.9728 HN=0.9750)
[stalk-stabilize-v2] epoch 43/90 lr=0.00086169 train_acc=0.9762 val@T6=0.9650 sel@T16 HN=0.9600 ov=0.8725 elig=True (best@ep25 joint=0.9728 HN=0.9750)
[stalk-stabilize-v2] epoch 44/90 lr=0.00083705 train_acc=0.9762 val@T6=0.9700 sel@T16 HN=0.9600 ov=0.8775 elig=True (best@ep25 joint=0.9728 HN=0.9750)
[stalk-stabilize-v2] epoch 45/90 lr=0.00081235 train_acc=0.9762 val@T6=0.9650 sel@T16 HN=0.9600 ov=0.8775 elig=True (best@ep25 joint=0.9728 HN=0.9750)
[stalk-stabilize-v2] epoch 46/90 lr=0.00078765 train_acc=0.9769 val@T6=0.9675 sel@T16 HN=0.9650 ov=0.8825 elig=True (best@ep25 joint=0.9728 HN=0.9750)
[stalk-stabilize-v2] epoch 47/90 lr=0.00076295 train_acc=0.9769 val@T6=0.9675 sel@T16 HN=0.9600 ov=0.9075 elig=True (best@ep25 joint=0.9728 HN=0.9750)
[stalk-stabilize-v2] epoch 48/90 lr=0.00073831 train_acc=0.9750 val@T6=0.9675 sel@T16 HN=0.9700 ov=0.8700 elig=True (best@ep25 joint=0.9728 HN=0.9750)
[stalk-stabilize-v2] epoch 49/90 lr=0.00071374 train_acc=0.9775 val@T6=0.9625 sel@T16 HN=0.9550 ov=0.9400 elig=True (best@ep25 joint=0.9728 HN=0.9750)
[stalk-stabilize-v2] epoch 50/90 lr=0.00068928 train_acc=0.9769 val@T6=0.9675 sel@T16 HN=0.9800 ov=0.8100 elig=False (best@ep25 joint=0.9728 HN=0.9750)
[stalk-stabilize-v2] epoch 51/90 lr=0.00066495 train_acc=0.9769 val@T6=0.9700 sel@T16 HN=0.9700 ov=0.8575 elig=True (best@ep25 joint=0.9728 HN=0.9750)
[stalk-stabilize-v2] epoch 52/90 lr=0.0006408 train_acc=0.9788 val@T6=0.9700 sel@T16 HN=0.9700 ov=0.8875 elig=True (best@ep25 joint=0.9728 HN=0.9750)
[stalk-stabilize-v2] epoch 53/90 lr=0.00061684 train_acc=0.9744 val@T6=0.9700 sel@T16 HN=0.9700 ov=0.7925 elig=False (best@ep25 joint=0.9728 HN=0.9750)
[stalk-stabilize-v2] epoch 54/90 lr=0.00059311 train_acc=0.9775 val@T6=0.9650 sel@T16 HN=0.9700 ov=0.8875 elig=True (best@ep25 joint=0.9728 HN=0.9750)
[stalk-stabilize-v2] epoch 55/90 lr=0.00056964 train_acc=0.9781 val@T6=0.9675 sel@T16 HN=0.9750 ov=0.8250 elig=False (best@ep25 joint=0.9728 HN=0.9750)
[stalk-stabilize-v2] epoch 56/90 lr=0.00054645 train_acc=0.9788 val@T6=0.9675 sel@T16 HN=0.9750 ov=0.8350 elig=False (best@ep25 joint=0.9728 HN=0.9750)
[stalk-stabilize-v2] epoch 57/90 lr=0.00052358 train_acc=0.9794 val@T6=0.9675 sel@T16 HN=0.9850 ov=0.8525 elig=True (best@ep25 joint=0.9728 HN=0.9750)
[stalk-stabilize-v2] epoch 58/90 lr=0.00050106 train_acc=0.9794 val@T6=0.9675 sel@T16 HN=0.9950 ov=0.7800 elig=False (best@ep25 joint=0.9728 HN=0.9750)
[stalk-stabilize-v2] epoch 59/90 lr=0.00047891 train_acc=0.9794 val@T6=0.9675 sel@T16 HN=0.9950 ov=0.8250 elig=False (best@ep25 joint=0.9728 HN=0.9750)
[stalk-stabilize-v2] epoch 60/90 lr=0.00045716 train_acc=0.9788 val@T6=0.9675 sel@T16 HN=0.9850 ov=0.8100 elig=False (best@ep25 joint=0.9728 HN=0.9750)
[stalk-stabilize-v2] epoch 61/90 lr=0.00043583 train_acc=0.9794 val@T6=0.9700 sel@T16 HN=0.9700 ov=0.8525 elig=True (best@ep25 joint=0.9728 HN=0.9750)
[stalk-stabilize-v2] epoch 62/90 lr=0.00041496 train_acc=0.9800 val@T6=0.9675 sel@T16 HN=0.9900 ov=0.8150 elig=False (best@ep25 joint=0.9728 HN=0.9750)
[stalk-stabilize-v2] epoch 63/90 lr=0.00039457 train_acc=0.9806 val@T6=0.9675 sel@T16 HN=0.9950 ov=0.8325 elig=False (best@ep25 joint=0.9728 HN=0.9750)
[stalk-stabilize-v2] epoch 64/90 lr=0.00037468 train_acc=0.9806 val@T6=0.9700 sel@T16 HN=0.9700 ov=0.8750 elig=True (best@ep25 joint=0.9728 HN=0.9750)
[stalk-stabilize-v2] epoch 65/90 lr=0.00035533 train_acc=0.9812 val@T6=0.9675 sel@T16 HN=0.9950 ov=0.8325 elig=False (best@ep25 joint=0.9728 HN=0.9750)
[stalk-stabilize-v2] epoch 66/90 lr=0.00033653 train_acc=0.9806 val@T6=0.9700 sel@T16 HN=0.9700 ov=0.8625 elig=True (best@ep25 joint=0.9728 HN=0.9750)
[stalk-stabilize-v2] epoch 67/90 lr=0.0003183 train_acc=0.9806 val@T6=0.9700 sel@T16 HN=0.9750 ov=0.8600 elig=True (best@ep25 joint=0.9728 HN=0.9750)
[stalk-stabilize-v2] epoch 68/90 lr=0.00030068 train_acc=0.9812 val@T6=0.9700 sel@T16 HN=0.9800 ov=0.8175 elig=False (best@ep25 joint=0.9728 HN=0.9750)
[stalk-stabilize-v2] epoch 69/90 lr=0.00028367 train_acc=0.9806 val@T6=0.9700 sel@T16 HN=0.9800 ov=0.8675 elig=True (best@ep25 joint=0.9728 HN=0.9750)
[stalk-stabilize-v2] epoch 70/90 lr=0.00026731 train_acc=0.9806 val@T6=0.9700 sel@T16 HN=0.9750 ov=0.8700 elig=True (best@ep25 joint=0.9728 HN=0.9750)
[stalk-stabilize-v2] epoch 71/90 lr=0.00025162 train_acc=0.9812 val@T6=0.9700 sel@T16 HN=0.9900 ov=0.8525 elig=True (best@ep25 joint=0.9728 HN=0.9750)
[stalk-stabilize-v2] epoch 72/90 lr=0.00023661 train_acc=0.9812 val@T6=0.9700 sel@T16 HN=0.9900 ov=0.8525 elig=True (best@ep25 joint=0.9728 HN=0.9750)
[stalk-stabilize-v2] epoch 73/90 lr=0.0002223 train_acc=0.9806 val@T6=0.9700 sel@T16 HN=0.9900 ov=0.8700 elig=True (best@ep25 joint=0.9728 HN=0.9750)
[stalk-stabilize-v2] epoch 74/90 lr=0.00020871 train_acc=0.9806 val@T6=0.9725 sel@T16 HN=0.9850 ov=0.8350 elig=False (best@ep25 joint=0.9728 HN=0.9750)
[stalk-stabilize-v2] epoch 75/90 lr=0.00019585 train_acc=0.9812 val@T6=0.9675 sel@T16 HN=0.9900 ov=0.8350 elig=False (best@ep25 joint=0.9728 HN=0.9750)
[stalk-stabilize-v2] epoch 76/90 lr=0.00018375 train_acc=0.9806 val@T6=0.9675 sel@T16 HN=0.9900 ov=0.8325 elig=False (best@ep25 joint=0.9728 HN=0.9750)
[stalk-stabilize-v2] epoch 77/90 lr=0.00017242 train_acc=0.9806 val@T6=0.9675 sel@T16 HN=0.9900 ov=0.8350 elig=False (best@ep25 joint=0.9728 HN=0.9750)
[stalk-stabilize-v2] epoch 78/90 lr=0.00016187 train_acc=0.9819 val@T6=0.9725 sel@T16 HN=0.9900 ov=0.8425 elig=False (best@ep25 joint=0.9728 HN=0.9750)
[stalk-stabilize-v2] epoch 79/90 lr=0.00015211 train_acc=0.9806 val@T6=0.9725 sel@T16 HN=0.9900 ov=0.8375 elig=False (best@ep25 joint=0.9728 HN=0.9750)
[stalk-stabilize-v2] epoch 80/90 lr=0.00014316 train_acc=0.9800 val@T6=0.9675 sel@T16 HN=0.9900 ov=0.8275 elig=False (best@ep25 joint=0.9728 HN=0.9750)
[stalk-stabilize-v2] epoch 81/90 lr=0.00013503 train_acc=0.9812 val@T6=0.9675 sel@T16 HN=0.9900 ov=0.8150 elig=False (best@ep25 joint=0.9728 HN=0.9750)
[stalk-stabilize-v2] epoch 82/90 lr=0.00012773 train_acc=0.9819 val@T6=0.9650 sel@T16 HN=0.9900 ov=0.8400 elig=False (best@ep25 joint=0.9728 HN=0.9750)
[stalk-stabilize-v2] epoch 83/90 lr=0.00012126 train_acc=0.9819 val@T6=0.9675 sel@T16 HN=0.9850 ov=0.8675 elig=True (best@ep25 joint=0.9728 HN=0.9750)
[stalk-stabilize-v2] epoch 84/90 lr=0.00011564 train_acc=0.9812 val@T6=0.9675 sel@T16 HN=0.9850 ov=0.8500 elig=True (best@ep25 joint=0.9728 HN=0.9750)
[stalk-stabilize-v2] epoch 85/90 lr=0.00011087 train_acc=0.9819 val@T6=0.9675 sel@T16 HN=0.9900 ov=0.8475 elig=False (best@ep25 joint=0.9728 HN=0.9750)
[stalk-stabilize-v2] epoch 86/90 lr=0.00010697 train_acc=0.9812 val@T6=0.9675 sel@T16 HN=0.9850 ov=0.8450 elig=False (best@ep25 joint=0.9728 HN=0.9750)
[stalk-stabilize-v2] epoch 87/90 lr=0.00010392 train_acc=0.9819 val@T6=0.9675 sel@T16 HN=0.9900 ov=0.8425 elig=False (best@ep25 joint=0.9728 HN=0.9750)
[stalk-stabilize-v2] epoch 88/90 lr=0.00010174 train_acc=0.9812 val@T6=0.9675 sel@T16 HN=0.9850 ov=0.8300 elig=False (best@ep25 joint=0.9728 HN=0.9750)
[stalk-stabilize-v2] epoch 89/90 lr=0.00010044 train_acc=0.9819 val@T6=0.9675 sel@T16 HN=0.9900 ov=0.8400 elig=False (best@ep25 joint=0.9728 HN=0.9750)
[stalk-stabilize-v2] epoch 90/90 lr=0.0001 train_acc=0.9806 val@T6=0.9675 sel@T16 HN=0.9900 ov=0.8250 elig=False (best@ep25 joint=0.9728 HN=0.9750)
[stalk-stabilize-v2] seed=1 OOD eval T∈(6, 8, 12, 16)
[stalk-stabilize-v2] seed=1 untrained control
[stalk-stabilize-v2] seed=1 T16 overall=0.8021 hard_neg=1.0000 K16=0.0750 prereg=False
[stalk-stabilize-v2] === seed 2 train (harden) ===
[stalk-stabilize-v2] params=117506 parity_ok=True d=64 mlp=10 T=6 lr=0.0015→0.0001 cosine clip=2.5
[stalk-stabilize-v2] epoch 1/90 lr=0.0015 train_acc=0.7262 val@T6=0.8225 sel@T16 HN=0.7100 ov=0.8175 elig=False (best@ep0 joint=nan HN=nan)
[stalk-stabilize-v2] epoch 2/90 lr=0.0014996 train_acc=0.8469 val@T6=0.8500 sel@T16 HN=0.6700 ov=0.8300 elig=False (best@ep0 joint=nan HN=nan)
[stalk-stabilize-v2] epoch 3/90 lr=0.0014983 train_acc=0.8575 val@T6=0.8550 sel@T16 HN=0.7100 ov=0.8375 elig=False (best@ep0 joint=nan HN=nan)
[stalk-stabilize-v2] epoch 4/90 lr=0.0014961 train_acc=0.8800 val@T6=0.8675 sel@T16 HN=0.8750 ov=0.8375 elig=False (best@ep0 joint=nan HN=nan)
[stalk-stabilize-v2] epoch 5/90 lr=0.001493 train_acc=0.8856 val@T6=0.8725 sel@T16 HN=0.8450 ov=0.8600 elig=True (best@ep5 joint=0.8495 HN=0.8450)
[stalk-stabilize-v2] epoch 6/90 lr=0.0014891 train_acc=0.9081 val@T6=0.8875 sel@T16 HN=0.8550 ov=0.8450 elig=False (best@ep5 joint=0.8495 HN=0.8450)
[stalk-stabilize-v2] epoch 7/90 lr=0.0014844 train_acc=0.8969 val@T6=0.8825 sel@T16 HN=0.8900 ov=0.8650 elig=True (best@ep7 joint=0.8825 HN=0.8900)
[stalk-stabilize-v2] epoch 8/90 lr=0.0014787 train_acc=0.9062 val@T6=0.8875 sel@T16 HN=0.9500 ov=0.8200 elig=False (best@ep7 joint=0.8825 HN=0.8900)
[stalk-stabilize-v2] epoch 9/90 lr=0.0014723 train_acc=0.9113 val@T6=0.8825 sel@T16 HN=0.9200 ov=0.8875 elig=True (best@ep9 joint=0.9103 HN=0.9200)
[stalk-stabilize-v2] epoch 10/90 lr=0.001465 train_acc=0.9175 val@T6=0.8950 sel@T16 HN=0.9300 ov=0.8350 elig=False (best@ep9 joint=0.9103 HN=0.9200)
[stalk-stabilize-v2] epoch 11/90 lr=0.0014568 train_acc=0.9200 val@T6=0.9175 sel@T16 HN=0.9350 ov=0.9000 elig=True (best@ep11 joint=0.9245 HN=0.9350)
[stalk-stabilize-v2] epoch 12/90 lr=0.0014479 train_acc=0.9456 val@T6=0.9525 sel@T16 HN=0.9700 ov=0.8400 elig=False (best@ep11 joint=0.9245 HN=0.9350)
[stalk-stabilize-v2] epoch 13/90 lr=0.0014381 train_acc=0.9537 val@T6=0.9075 sel@T16 HN=0.9400 ov=0.9300 elig=True (best@ep13 joint=0.9370 HN=0.9400)
[stalk-stabilize-v2] epoch 14/90 lr=0.0014276 train_acc=0.9569 val@T6=0.9525 sel@T16 HN=0.9100 ov=0.9125 elig=True (best@ep13 joint=0.9370 HN=0.9400)
[stalk-stabilize-v2] epoch 15/90 lr=0.0014162 train_acc=0.9581 val@T6=0.9475 sel@T16 HN=0.9400 ov=0.9100 elig=True (best@ep13 joint=0.9370 HN=0.9400)
[stalk-stabilize-v2] epoch 16/90 lr=0.0014041 train_acc=0.9556 val@T6=0.9575 sel@T16 HN=0.9500 ov=0.9500 elig=True (best@ep16 joint=0.9500 HN=0.9500)
[stalk-stabilize-v2] epoch 17/90 lr=0.0013913 train_acc=0.9637 val@T6=0.9575 sel@T16 HN=0.9500 ov=0.9525 elig=True (best@ep17 joint=0.9507 HN=0.9500)
[stalk-stabilize-v2] epoch 18/90 lr=0.0013777 train_acc=0.9613 val@T6=0.9575 sel@T16 HN=0.9500 ov=0.9700 elig=True (best@ep18 joint=0.9560 HN=0.9500)
[stalk-stabilize-v2] epoch 19/90 lr=0.0013634 train_acc=0.9619 val@T6=0.9575 sel@T16 HN=0.9650 ov=0.9250 elig=True (best@ep18 joint=0.9560 HN=0.9500)
[stalk-stabilize-v2] epoch 20/90 lr=0.0013484 train_acc=0.9600 val@T6=0.9550 sel@T16 HN=0.9700 ov=0.8450 elig=False (best@ep18 joint=0.9560 HN=0.9500)
[stalk-stabilize-v2] epoch 21/90 lr=0.0013327 train_acc=0.9625 val@T6=0.9575 sel@T16 HN=0.9600 ov=0.9200 elig=True (best@ep18 joint=0.9560 HN=0.9500)
[stalk-stabilize-v2] epoch 22/90 lr=0.0013163 train_acc=0.9613 val@T6=0.9575 sel@T16 HN=0.9700 ov=0.8100 elig=False (best@ep18 joint=0.9560 HN=0.9500)
[stalk-stabilize-v2] epoch 23/90 lr=0.0012993 train_acc=0.9594 val@T6=0.9475 sel@T16 HN=0.9500 ov=0.9425 elig=True (best@ep18 joint=0.9560 HN=0.9500)
[stalk-stabilize-v2] epoch 24/90 lr=0.0012817 train_acc=0.9681 val@T6=0.9525 sel@T16 HN=0.9450 ov=0.9450 elig=True (best@ep18 joint=0.9560 HN=0.9500)
[stalk-stabilize-v2] epoch 25/90 lr=0.0012635 train_acc=0.9631 val@T6=0.9525 sel@T16 HN=0.9600 ov=0.9275 elig=True (best@ep18 joint=0.9560 HN=0.9500)
[stalk-stabilize-v2] epoch 26/90 lr=0.0012447 train_acc=0.9650 val@T6=0.9550 sel@T16 HN=0.9600 ov=0.8875 elig=True (best@ep18 joint=0.9560 HN=0.9500)
[stalk-stabilize-v2] epoch 27/90 lr=0.0012253 train_acc=0.9656 val@T6=0.9500 sel@T16 HN=0.9550 ov=0.9275 elig=True (best@ep18 joint=0.9560 HN=0.9500)
[stalk-stabilize-v2] epoch 28/90 lr=0.0012054 train_acc=0.9606 val@T6=0.9500 sel@T16 HN=0.9600 ov=0.9075 elig=True (best@ep18 joint=0.9560 HN=0.9500)
[stalk-stabilize-v2] epoch 29/90 lr=0.001185 train_acc=0.9681 val@T6=0.9550 sel@T16 HN=0.9550 ov=0.9225 elig=True (best@ep18 joint=0.9560 HN=0.9500)
[stalk-stabilize-v2] epoch 30/90 lr=0.0011642 train_acc=0.9631 val@T6=0.9575 sel@T16 HN=0.9600 ov=0.9125 elig=True (best@ep18 joint=0.9560 HN=0.9500)
[stalk-stabilize-v2] epoch 31/90 lr=0.0011428 train_acc=0.9650 val@T6=0.9525 sel@T16 HN=0.9700 ov=0.8425 elig=False (best@ep18 joint=0.9560 HN=0.9500)
[stalk-stabilize-v2] epoch 32/90 lr=0.0011211 train_acc=0.9625 val@T6=0.9525 sel@T16 HN=0.9750 ov=0.8825 elig=True (best@ep18 joint=0.9560 HN=0.9500)
[stalk-stabilize-v2] epoch 33/90 lr=0.0010989 train_acc=0.9637 val@T6=0.9500 sel@T16 HN=0.9600 ov=0.8975 elig=True (best@ep18 joint=0.9560 HN=0.9500)
[stalk-stabilize-v2] epoch 34/90 lr=0.0010764 train_acc=0.9656 val@T6=0.9525 sel@T16 HN=0.9550 ov=0.9075 elig=True (best@ep18 joint=0.9560 HN=0.9500)
[stalk-stabilize-v2] epoch 35/90 lr=0.0010535 train_acc=0.9631 val@T6=0.9550 sel@T16 HN=0.8000 ov=0.8750 elig=True (best@ep18 joint=0.9560 HN=0.9500)
[stalk-stabilize-v2] epoch 36/90 lr=0.0010304 train_acc=0.9694 val@T6=0.9550 sel@T16 HN=0.9500 ov=0.9250 elig=True (best@ep18 joint=0.9560 HN=0.9500)
[stalk-stabilize-v2] epoch 37/90 lr=0.0010069 train_acc=0.9675 val@T6=0.9525 sel@T16 HN=0.9550 ov=0.9275 elig=True (best@ep18 joint=0.9560 HN=0.9500)
[stalk-stabilize-v2] epoch 38/90 lr=0.00098316 train_acc=0.9650 val@T6=0.9525 sel@T16 HN=0.9600 ov=0.9075 elig=True (best@ep18 joint=0.9560 HN=0.9500)
[stalk-stabilize-v2] epoch 39/90 lr=0.0009592 train_acc=0.9650 val@T6=0.9525 sel@T16 HN=0.9650 ov=0.9625 elig=True (best@ep39 joint=0.9643 HN=0.9650)
[stalk-stabilize-v2] epoch 40/90 lr=0.00093505 train_acc=0.9613 val@T6=0.9550 sel@T16 HN=0.9750 ov=0.9050 elig=True (best@ep39 joint=0.9643 HN=0.9650)
[stalk-stabilize-v2] epoch 41/90 lr=0.00091072 train_acc=0.9688 val@T6=0.9500 sel@T16 HN=0.9750 ov=0.8775 elig=True (best@ep39 joint=0.9643 HN=0.9650)
[stalk-stabilize-v2] epoch 42/90 lr=0.00088626 train_acc=0.9669 val@T6=0.9525 sel@T16 HN=0.9700 ov=0.8800 elig=True (best@ep39 joint=0.9643 HN=0.9650)
[stalk-stabilize-v2] epoch 43/90 lr=0.00086169 train_acc=0.9669 val@T6=0.9500 sel@T16 HN=0.9800 ov=0.8600 elig=True (best@ep39 joint=0.9643 HN=0.9650)
[stalk-stabilize-v2] epoch 44/90 lr=0.00083705 train_acc=0.9700 val@T6=0.9525 sel@T16 HN=0.9800 ov=0.8275 elig=False (best@ep39 joint=0.9643 HN=0.9650)
[stalk-stabilize-v2] epoch 45/90 lr=0.00081235 train_acc=0.9688 val@T6=0.9500 sel@T16 HN=0.9800 ov=0.8925 elig=True (best@ep39 joint=0.9643 HN=0.9650)
[stalk-stabilize-v2] epoch 46/90 lr=0.00078765 train_acc=0.9688 val@T6=0.9525 sel@T16 HN=0.9800 ov=0.9075 elig=True (best@ep39 joint=0.9643 HN=0.9650)
[stalk-stabilize-v2] epoch 47/90 lr=0.00076295 train_acc=0.9688 val@T6=0.9550 sel@T16 HN=0.9550 ov=0.9050 elig=True (best@ep39 joint=0.9643 HN=0.9650)
[stalk-stabilize-v2] epoch 48/90 lr=0.00073831 train_acc=0.9663 val@T6=0.9550 sel@T16 HN=0.9750 ov=0.8550 elig=True (best@ep39 joint=0.9643 HN=0.9650)
[stalk-stabilize-v2] epoch 49/90 lr=0.00071374 train_acc=0.9675 val@T6=0.9550 sel@T16 HN=0.9750 ov=0.8825 elig=True (best@ep39 joint=0.9643 HN=0.9650)
[stalk-stabilize-v2] epoch 50/90 lr=0.00068928 train_acc=0.9681 val@T6=0.9575 sel@T16 HN=0.9700 ov=0.8775 elig=True (best@ep39 joint=0.9643 HN=0.9650)
[stalk-stabilize-v2] epoch 51/90 lr=0.00066495 train_acc=0.9681 val@T6=0.9525 sel@T16 HN=0.9800 ov=0.8125 elig=False (best@ep39 joint=0.9643 HN=0.9650)
[stalk-stabilize-v2] epoch 52/90 lr=0.0006408 train_acc=0.9694 val@T6=0.9500 sel@T16 HN=0.9650 ov=0.8625 elig=True (best@ep39 joint=0.9643 HN=0.9650)
[stalk-stabilize-v2] epoch 53/90 lr=0.00061684 train_acc=0.9706 val@T6=0.9525 sel@T16 HN=0.9750 ov=0.8600 elig=True (best@ep39 joint=0.9643 HN=0.9650)
[stalk-stabilize-v2] epoch 54/90 lr=0.00059311 train_acc=0.9675 val@T6=0.9600 sel@T16 HN=0.9700 ov=0.8550 elig=True (best@ep39 joint=0.9643 HN=0.9650)
[stalk-stabilize-v2] epoch 55/90 lr=0.00056964 train_acc=0.9644 val@T6=0.9575 sel@T16 HN=0.9750 ov=0.8550 elig=True (best@ep39 joint=0.9643 HN=0.9650)
[stalk-stabilize-v2] epoch 56/90 lr=0.00054645 train_acc=0.9719 val@T6=0.9550 sel@T16 HN=0.9750 ov=0.8250 elig=False (best@ep39 joint=0.9643 HN=0.9650)
[stalk-stabilize-v2] epoch 57/90 lr=0.00052358 train_acc=0.9706 val@T6=0.9600 sel@T16 HN=0.9850 ov=0.8325 elig=False (best@ep39 joint=0.9643 HN=0.9650)
[stalk-stabilize-v2] epoch 58/90 lr=0.00050106 train_acc=0.9700 val@T6=0.9575 sel@T16 HN=0.9600 ov=0.8825 elig=True (best@ep39 joint=0.9643 HN=0.9650)
[stalk-stabilize-v2] epoch 59/90 lr=0.00047891 train_acc=0.9700 val@T6=0.9500 sel@T16 HN=0.9500 ov=0.7975 elig=False (best@ep39 joint=0.9643 HN=0.9650)
[stalk-stabilize-v2] epoch 60/90 lr=0.00045716 train_acc=0.9694 val@T6=0.9575 sel@T16 HN=0.9650 ov=0.8950 elig=True (best@ep39 joint=0.9643 HN=0.9650)
[stalk-stabilize-v2] epoch 61/90 lr=0.00043583 train_acc=0.9706 val@T6=0.9525 sel@T16 HN=0.9700 ov=0.8650 elig=True (best@ep39 joint=0.9643 HN=0.9650)
[stalk-stabilize-v2] epoch 62/90 lr=0.00041496 train_acc=0.9681 val@T6=0.9550 sel@T16 HN=0.7000 ov=0.8150 elig=False (best@ep39 joint=0.9643 HN=0.9650)
[stalk-stabilize-v2] epoch 63/90 lr=0.00039457 train_acc=0.9700 val@T6=0.9575 sel@T16 HN=0.9800 ov=0.8775 elig=True (best@ep39 joint=0.9643 HN=0.9650)
[stalk-stabilize-v2] epoch 64/90 lr=0.00037468 train_acc=0.9681 val@T6=0.9575 sel@T16 HN=0.9700 ov=0.8475 elig=False (best@ep39 joint=0.9643 HN=0.9650)
[stalk-stabilize-v2] epoch 65/90 lr=0.00035533 train_acc=0.9700 val@T6=0.9550 sel@T16 HN=0.9650 ov=0.8525 elig=True (best@ep39 joint=0.9643 HN=0.9650)
[stalk-stabilize-v2] epoch 66/90 lr=0.00033653 train_acc=0.9706 val@T6=0.9575 sel@T16 HN=0.9750 ov=0.8675 elig=True (best@ep39 joint=0.9643 HN=0.9650)
[stalk-stabilize-v2] epoch 67/90 lr=0.0003183 train_acc=0.9700 val@T6=0.9575 sel@T16 HN=0.9700 ov=0.8300 elig=False (best@ep39 joint=0.9643 HN=0.9650)
[stalk-stabilize-v2] epoch 68/90 lr=0.00030068 train_acc=0.9712 val@T6=0.9600 sel@T16 HN=0.9900 ov=0.8450 elig=False (best@ep39 joint=0.9643 HN=0.9650)
[stalk-stabilize-v2] epoch 69/90 lr=0.00028367 train_acc=0.9650 val@T6=0.9575 sel@T16 HN=0.9750 ov=0.8350 elig=False (best@ep39 joint=0.9643 HN=0.9650)
[stalk-stabilize-v2] epoch 70/90 lr=0.00026731 train_acc=0.9688 val@T6=0.9600 sel@T16 HN=0.9900 ov=0.8050 elig=False (best@ep39 joint=0.9643 HN=0.9650)
[stalk-stabilize-v2] epoch 71/90 lr=0.00025162 train_acc=0.9675 val@T6=0.9600 sel@T16 HN=0.9900 ov=0.7925 elig=False (best@ep39 joint=0.9643 HN=0.9650)
[stalk-stabilize-v2] epoch 72/90 lr=0.00023661 train_acc=0.9681 val@T6=0.9550 sel@T16 HN=0.9600 ov=0.7575 elig=False (best@ep39 joint=0.9643 HN=0.9650)
[stalk-stabilize-v2] epoch 73/90 lr=0.0002223 train_acc=0.9700 val@T6=0.9575 sel@T16 HN=0.9850 ov=0.7325 elig=False (best@ep39 joint=0.9643 HN=0.9650)
[stalk-stabilize-v2] epoch 74/90 lr=0.00020871 train_acc=0.9694 val@T6=0.9550 sel@T16 HN=0.9950 ov=0.7325 elig=False (best@ep39 joint=0.9643 HN=0.9650)
[stalk-stabilize-v2] epoch 75/90 lr=0.00019585 train_acc=0.9688 val@T6=0.9575 sel@T16 HN=0.9900 ov=0.7275 elig=False (best@ep39 joint=0.9643 HN=0.9650)
[stalk-stabilize-v2] epoch 76/90 lr=0.00018375 train_acc=0.9712 val@T6=0.9550 sel@T16 HN=0.9950 ov=0.7125 elig=False (best@ep39 joint=0.9643 HN=0.9650)
[stalk-stabilize-v2] epoch 77/90 lr=0.00017242 train_acc=0.9706 val@T6=0.9575 sel@T16 HN=0.9850 ov=0.6950 elig=False (best@ep39 joint=0.9643 HN=0.9650)
[stalk-stabilize-v2] epoch 78/90 lr=0.00016187 train_acc=0.9694 val@T6=0.9550 sel@T16 HN=0.9900 ov=0.6975 elig=False (best@ep39 joint=0.9643 HN=0.9650)
[stalk-stabilize-v2] epoch 79/90 lr=0.00015211 train_acc=0.9681 val@T6=0.9550 sel@T16 HN=0.9950 ov=0.6900 elig=False (best@ep39 joint=0.9643 HN=0.9650)
[stalk-stabilize-v2] epoch 80/90 lr=0.00014316 train_acc=0.9700 val@T6=0.9600 sel@T16 HN=0.9850 ov=0.6925 elig=False (best@ep39 joint=0.9643 HN=0.9650)
[stalk-stabilize-v2] epoch 81/90 lr=0.00013503 train_acc=0.9694 val@T6=0.9575 sel@T16 HN=0.9950 ov=0.6925 elig=False (best@ep39 joint=0.9643 HN=0.9650)
[stalk-stabilize-v2] epoch 82/90 lr=0.00012773 train_acc=0.9700 val@T6=0.9550 sel@T16 HN=0.9950 ov=0.6925 elig=False (best@ep39 joint=0.9643 HN=0.9650)
[stalk-stabilize-v2] epoch 83/90 lr=0.00012126 train_acc=0.9706 val@T6=0.9600 sel@T16 HN=0.9900 ov=0.6925 elig=False (best@ep39 joint=0.9643 HN=0.9650)
[stalk-stabilize-v2] epoch 84/90 lr=0.00011564 train_acc=0.9694 val@T6=0.9600 sel@T16 HN=0.9900 ov=0.6900 elig=False (best@ep39 joint=0.9643 HN=0.9650)
[stalk-stabilize-v2] epoch 85/90 lr=0.00011087 train_acc=0.9706 val@T6=0.9575 sel@T16 HN=0.9950 ov=0.6925 elig=False (best@ep39 joint=0.9643 HN=0.9650)
[stalk-stabilize-v2] epoch 86/90 lr=0.00010697 train_acc=0.9700 val@T6=0.9600 sel@T16 HN=0.9850 ov=0.6950 elig=False (best@ep39 joint=0.9643 HN=0.9650)
[stalk-stabilize-v2] epoch 87/90 lr=0.00010392 train_acc=0.9719 val@T6=0.9600 sel@T16 HN=0.9900 ov=0.6900 elig=False (best@ep39 joint=0.9643 HN=0.9650)
[stalk-stabilize-v2] epoch 88/90 lr=0.00010174 train_acc=0.9712 val@T6=0.9600 sel@T16 HN=0.9900 ov=0.6950 elig=False (best@ep39 joint=0.9643 HN=0.9650)
[stalk-stabilize-v2] epoch 89/90 lr=0.00010044 train_acc=0.9700 val@T6=0.9600 sel@T16 HN=0.9850 ov=0.6850 elig=False (best@ep39 joint=0.9643 HN=0.9650)
[stalk-stabilize-v2] epoch 90/90 lr=0.0001 train_acc=0.9725 val@T6=0.9575 sel@T16 HN=0.9900 ov=0.7050 elig=False (best@ep39 joint=0.9643 HN=0.9650)
[stalk-stabilize-v2] seed=2 OOD eval T∈(6, 8, 12, 16)
[stalk-stabilize-v2] seed=2 untrained control
[stalk-stabilize-v2] seed=2 T16 overall=0.9833 hard_neg=1.0000 K16=0.9000 prereg=True
[stalk-stabilize-v2] === seed 3 train (harden) ===
[stalk-stabilize-v2] params=117506 parity_ok=True d=64 mlp=10 T=6 lr=0.0015→0.0001 cosine clip=2.5
[stalk-stabilize-v2] epoch 1/90 lr=0.0015 train_acc=0.7169 val@T6=0.8250 sel@T16 HN=0.7450 ov=0.6800 elig=False (best@ep0 joint=nan HN=nan)
[stalk-stabilize-v2] epoch 2/90 lr=0.0014996 train_acc=0.8588 val@T6=0.8450 sel@T16 HN=0.9900 ov=0.5075 elig=False (best@ep0 joint=nan HN=nan)
[stalk-stabilize-v2] epoch 3/90 lr=0.0014983 train_acc=0.8781 val@T6=0.8475 sel@T16 HN=0.9150 ov=0.8175 elig=False (best@ep0 joint=nan HN=nan)
[stalk-stabilize-v2] epoch 4/90 lr=0.0014961 train_acc=0.8925 val@T6=0.8500 sel@T16 HN=0.9450 ov=0.7375 elig=False (best@ep0 joint=nan HN=nan)
[stalk-stabilize-v2] epoch 5/90 lr=0.001493 train_acc=0.8944 val@T6=0.8750 sel@T16 HN=0.6950 ov=0.6425 elig=False (best@ep0 joint=nan HN=nan)
[stalk-stabilize-v2] epoch 6/90 lr=0.0014891 train_acc=0.9069 val@T6=0.8825 sel@T16 HN=0.8700 ov=0.8550 elig=True (best@ep6 joint=0.8655 HN=0.8700)
[stalk-stabilize-v2] epoch 7/90 lr=0.0014844 train_acc=0.9075 val@T6=0.8850 sel@T16 HN=0.9450 ov=0.8275 elig=False (best@ep6 joint=0.8655 HN=0.8700)
[stalk-stabilize-v2] epoch 8/90 lr=0.0014787 train_acc=0.9094 val@T6=0.8925 sel@T16 HN=0.9400 ov=0.8675 elig=True (best@ep8 joint=0.9182 HN=0.9400)
[stalk-stabilize-v2] epoch 9/90 lr=0.0014723 train_acc=0.9213 val@T6=0.9150 sel@T16 HN=0.8700 ov=0.8250 elig=False (best@ep8 joint=0.9182 HN=0.9400)
[stalk-stabilize-v2] epoch 10/90 lr=0.001465 train_acc=0.9325 val@T6=0.9300 sel@T16 HN=0.9450 ov=0.8475 elig=False (best@ep8 joint=0.9182 HN=0.9400)
[stalk-stabilize-v2] epoch 11/90 lr=0.0014568 train_acc=0.9425 val@T6=0.9250 sel@T16 HN=0.9300 ov=0.8700 elig=True (best@ep8 joint=0.9182 HN=0.9400)
[stalk-stabilize-v2] epoch 12/90 lr=0.0014479 train_acc=0.9413 val@T6=0.9250 sel@T16 HN=0.6700 ov=0.8275 elig=False (best@ep8 joint=0.9182 HN=0.9400)
[stalk-stabilize-v2] epoch 13/90 lr=0.0014381 train_acc=0.9487 val@T6=0.9300 sel@T16 HN=0.9400 ov=0.8925 elig=True (best@ep13 joint=0.9257 HN=0.9400)
[stalk-stabilize-v2] epoch 14/90 lr=0.0014276 train_acc=0.9487 val@T6=0.9450 sel@T16 HN=0.9250 ov=0.8750 elig=True (best@ep13 joint=0.9257 HN=0.9400)
[stalk-stabilize-v2] epoch 15/90 lr=0.0014162 train_acc=0.9431 val@T6=0.9425 sel@T16 HN=0.9750 ov=0.8975 elig=True (best@ep15 joint=0.9517 HN=0.9750)
[stalk-stabilize-v2] epoch 16/90 lr=0.0014041 train_acc=0.9537 val@T6=0.9425 sel@T16 HN=0.9750 ov=0.9450 elig=True (best@ep16 joint=0.9660 HN=0.9750)
[stalk-stabilize-v2] epoch 17/90 lr=0.0013913 train_acc=0.9506 val@T6=0.9425 sel@T16 HN=0.9750 ov=0.9325 elig=True (best@ep16 joint=0.9660 HN=0.9750)
[stalk-stabilize-v2] epoch 18/90 lr=0.0013777 train_acc=0.9556 val@T6=0.9450 sel@T16 HN=0.9700 ov=0.9425 elig=True (best@ep16 joint=0.9660 HN=0.9750)
[stalk-stabilize-v2] epoch 19/90 lr=0.0013634 train_acc=0.9300 val@T6=0.9075 sel@T16 HN=0.7750 ov=0.8650 elig=True (best@ep16 joint=0.9660 HN=0.9750)
[stalk-stabilize-v2] epoch 20/90 lr=0.0013484 train_acc=0.9044 val@T6=0.9450 sel@T16 HN=0.9500 ov=0.9200 elig=True (best@ep16 joint=0.9660 HN=0.9750)
[stalk-stabilize-v2] epoch 21/90 lr=0.0013327 train_acc=0.9631 val@T6=0.9475 sel@T16 HN=0.9650 ov=0.9125 elig=True (best@ep16 joint=0.9660 HN=0.9750)
[stalk-stabilize-v2] epoch 22/90 lr=0.0013163 train_acc=0.9606 val@T6=0.9600 sel@T16 HN=0.9750 ov=0.9300 elig=True (best@ep16 joint=0.9660 HN=0.9750)
[stalk-stabilize-v2] epoch 23/90 lr=0.0012993 train_acc=0.9650 val@T6=0.9525 sel@T16 HN=0.9750 ov=0.9125 elig=True (best@ep16 joint=0.9660 HN=0.9750)
[stalk-stabilize-v2] epoch 24/90 lr=0.0012817 train_acc=0.9644 val@T6=0.9475 sel@T16 HN=0.9800 ov=0.9025 elig=True (best@ep16 joint=0.9660 HN=0.9750)
[stalk-stabilize-v2] epoch 25/90 lr=0.0012635 train_acc=0.9650 val@T6=0.9450 sel@T16 HN=0.9400 ov=0.8875 elig=True (best@ep16 joint=0.9660 HN=0.9750)
[stalk-stabilize-v2] epoch 26/90 lr=0.0012447 train_acc=0.9650 val@T6=0.9450 sel@T16 HN=0.9750 ov=0.9325 elig=True (best@ep16 joint=0.9660 HN=0.9750)
[stalk-stabilize-v2] epoch 27/90 lr=0.0012253 train_acc=0.9550 val@T6=0.9525 sel@T16 HN=0.9700 ov=0.8975 elig=True (best@ep16 joint=0.9660 HN=0.9750)
[stalk-stabilize-v2] epoch 28/90 lr=0.0012054 train_acc=0.9587 val@T6=0.9550 sel@T16 HN=0.9750 ov=0.8500 elig=True (best@ep16 joint=0.9660 HN=0.9750)
[stalk-stabilize-v2] epoch 29/90 lr=0.001185 train_acc=0.9650 val@T6=0.9550 sel@T16 HN=0.9750 ov=0.8525 elig=True (best@ep16 joint=0.9660 HN=0.9750)
[stalk-stabilize-v2] epoch 30/90 lr=0.0011642 train_acc=0.9637 val@T6=0.9550 sel@T16 HN=0.9750 ov=0.8500 elig=True (best@ep16 joint=0.9660 HN=0.9750)
[stalk-stabilize-v2] epoch 31/90 lr=0.0011428 train_acc=0.9637 val@T6=0.9475 sel@T16 HN=0.9750 ov=0.8350 elig=False (best@ep16 joint=0.9660 HN=0.9750)
[stalk-stabilize-v2] epoch 32/90 lr=0.0011211 train_acc=0.9656 val@T6=0.9475 sel@T16 HN=0.9600 ov=0.9000 elig=True (best@ep16 joint=0.9660 HN=0.9750)
[stalk-stabilize-v2] epoch 33/90 lr=0.0010989 train_acc=0.9644 val@T6=0.9400 sel@T16 HN=0.9450 ov=0.8450 elig=False (best@ep16 joint=0.9660 HN=0.9750)
[stalk-stabilize-v2] epoch 34/90 lr=0.0010764 train_acc=0.9656 val@T6=0.9525 sel@T16 HN=0.9750 ov=0.8350 elig=False (best@ep16 joint=0.9660 HN=0.9750)
[stalk-stabilize-v2] epoch 35/90 lr=0.0010535 train_acc=0.9637 val@T6=0.9475 sel@T16 HN=0.9550 ov=0.8350 elig=False (best@ep16 joint=0.9660 HN=0.9750)
[stalk-stabilize-v2] epoch 36/90 lr=0.0010304 train_acc=0.9669 val@T6=0.9525 sel@T16 HN=0.9800 ov=0.8675 elig=True (best@ep16 joint=0.9660 HN=0.9750)
[stalk-stabilize-v2] epoch 37/90 lr=0.0010069 train_acc=0.9669 val@T6=0.9500 sel@T16 HN=0.9750 ov=0.8925 elig=True (best@ep16 joint=0.9660 HN=0.9750)
[stalk-stabilize-v2] epoch 38/90 lr=0.00098316 train_acc=0.9675 val@T6=0.9550 sel@T16 HN=0.9750 ov=0.8775 elig=True (best@ep16 joint=0.9660 HN=0.9750)
[stalk-stabilize-v2] epoch 39/90 lr=0.0009592 train_acc=0.9656 val@T6=0.9525 sel@T16 HN=0.9650 ov=0.9000 elig=True (best@ep16 joint=0.9660 HN=0.9750)
[stalk-stabilize-v2] epoch 40/90 lr=0.00093505 train_acc=0.9644 val@T6=0.9500 sel@T16 HN=0.9750 ov=0.8950 elig=True (best@ep16 joint=0.9660 HN=0.9750)
[stalk-stabilize-v2] epoch 41/90 lr=0.00091072 train_acc=0.9669 val@T6=0.9500 sel@T16 HN=0.9700 ov=0.9075 elig=True (best@ep16 joint=0.9660 HN=0.9750)
[stalk-stabilize-v2] epoch 42/90 lr=0.00088626 train_acc=0.9663 val@T6=0.9500 sel@T16 HN=0.9700 ov=0.9125 elig=True (best@ep16 joint=0.9660 HN=0.9750)
[stalk-stabilize-v2] epoch 43/90 lr=0.00086169 train_acc=0.9663 val@T6=0.9500 sel@T16 HN=0.9800 ov=0.8950 elig=True (best@ep16 joint=0.9660 HN=0.9750)
[stalk-stabilize-v2] epoch 44/90 lr=0.00083705 train_acc=0.9656 val@T6=0.9500 sel@T16 HN=0.9700 ov=0.9100 elig=True (best@ep16 joint=0.9660 HN=0.9750)
[stalk-stabilize-v2] epoch 45/90 lr=0.00081235 train_acc=0.9663 val@T6=0.9550 sel@T16 HN=0.9800 ov=0.9300 elig=True (best@ep16 joint=0.9660 HN=0.9750)
[stalk-stabilize-v2] epoch 46/90 lr=0.00078765 train_acc=0.9681 val@T6=0.9550 sel@T16 HN=0.9750 ov=0.8925 elig=True (best@ep16 joint=0.9660 HN=0.9750)
[stalk-stabilize-v2] epoch 47/90 lr=0.00076295 train_acc=0.9675 val@T6=0.9500 sel@T16 HN=0.9650 ov=0.9050 elig=True (best@ep16 joint=0.9660 HN=0.9750)
[stalk-stabilize-v2] epoch 48/90 lr=0.00073831 train_acc=0.9637 val@T6=0.9550 sel@T16 HN=0.9550 ov=0.9425 elig=True (best@ep16 joint=0.9660 HN=0.9750)
[stalk-stabilize-v2] epoch 49/90 lr=0.00071374 train_acc=0.9688 val@T6=0.9500 sel@T16 HN=0.9550 ov=0.9325 elig=True (best@ep16 joint=0.9660 HN=0.9750)
[stalk-stabilize-v2] epoch 50/90 lr=0.00068928 train_acc=0.9669 val@T6=0.9500 sel@T16 HN=0.9350 ov=0.9050 elig=True (best@ep16 joint=0.9660 HN=0.9750)
[stalk-stabilize-v2] epoch 51/90 lr=0.00066495 train_acc=0.9675 val@T6=0.9525 sel@T16 HN=0.9500 ov=0.9300 elig=True (best@ep16 joint=0.9660 HN=0.9750)
[stalk-stabilize-v2] epoch 52/90 lr=0.0006408 train_acc=0.9681 val@T6=0.9500 sel@T16 HN=0.9600 ov=0.9350 elig=True (best@ep16 joint=0.9660 HN=0.9750)
[stalk-stabilize-v2] epoch 53/90 lr=0.00061684 train_acc=0.9700 val@T6=0.9500 sel@T16 HN=0.9650 ov=0.9350 elig=True (best@ep16 joint=0.9660 HN=0.9750)
[stalk-stabilize-v2] epoch 54/90 lr=0.00059311 train_acc=0.9688 val@T6=0.9500 sel@T16 HN=0.9700 ov=0.9275 elig=True (best@ep16 joint=0.9660 HN=0.9750)
[stalk-stabilize-v2] epoch 55/90 lr=0.00056964 train_acc=0.9700 val@T6=0.9500 sel@T16 HN=0.9650 ov=0.9250 elig=True (best@ep16 joint=0.9660 HN=0.9750)
[stalk-stabilize-v2] epoch 56/90 lr=0.00054645 train_acc=0.9694 val@T6=0.9500 sel@T16 HN=0.9650 ov=0.9075 elig=True (best@ep16 joint=0.9660 HN=0.9750)
[stalk-stabilize-v2] epoch 57/90 lr=0.00052358 train_acc=0.9688 val@T6=0.9500 sel@T16 HN=0.9750 ov=0.9000 elig=True (best@ep16 joint=0.9660 HN=0.9750)
[stalk-stabilize-v2] epoch 58/90 lr=0.00050106 train_acc=0.9700 val@T6=0.9500 sel@T16 HN=0.9800 ov=0.8800 elig=True (best@ep16 joint=0.9660 HN=0.9750)
[stalk-stabilize-v2] epoch 59/90 lr=0.00047891 train_acc=0.9694 val@T6=0.9475 sel@T16 HN=0.9650 ov=0.8975 elig=True (best@ep16 joint=0.9660 HN=0.9750)
[stalk-stabilize-v2] epoch 60/90 lr=0.00045716 train_acc=0.9656 val@T6=0.9500 sel@T16 HN=0.9800 ov=0.8750 elig=True (best@ep16 joint=0.9660 HN=0.9750)
[stalk-stabilize-v2] epoch 61/90 lr=0.00043583 train_acc=0.9694 val@T6=0.9500 sel@T16 HN=0.9750 ov=0.9025 elig=True (best@ep16 joint=0.9660 HN=0.9750)
[stalk-stabilize-v2] epoch 62/90 lr=0.00041496 train_acc=0.9694 val@T6=0.9500 sel@T16 HN=0.9700 ov=0.9200 elig=True (best@ep16 joint=0.9660 HN=0.9750)
[stalk-stabilize-v2] epoch 63/90 lr=0.00039457 train_acc=0.9688 val@T6=0.9500 sel@T16 HN=0.9750 ov=0.9125 elig=True (best@ep16 joint=0.9660 HN=0.9750)
[stalk-stabilize-v2] epoch 64/90 lr=0.00037468 train_acc=0.9694 val@T6=0.9475 sel@T16 HN=0.9700 ov=0.8975 elig=True (best@ep16 joint=0.9660 HN=0.9750)
[stalk-stabilize-v2] epoch 65/90 lr=0.00035533 train_acc=0.9694 val@T6=0.9475 sel@T16 HN=0.9600 ov=0.9025 elig=True (best@ep16 joint=0.9660 HN=0.9750)
[stalk-stabilize-v2] epoch 66/90 lr=0.00033653 train_acc=0.9694 val@T6=0.9475 sel@T16 HN=0.9750 ov=0.9050 elig=True (best@ep16 joint=0.9660 HN=0.9750)
[stalk-stabilize-v2] epoch 67/90 lr=0.0003183 train_acc=0.9688 val@T6=0.9500 sel@T16 HN=0.9750 ov=0.9050 elig=True (best@ep16 joint=0.9660 HN=0.9750)
[stalk-stabilize-v2] epoch 68/90 lr=0.00030068 train_acc=0.9688 val@T6=0.9500 sel@T16 HN=0.9750 ov=0.9050 elig=True (best@ep16 joint=0.9660 HN=0.9750)
[stalk-stabilize-v2] epoch 69/90 lr=0.00028367 train_acc=0.9681 val@T6=0.9475 sel@T16 HN=0.9650 ov=0.8800 elig=True (best@ep16 joint=0.9660 HN=0.9750)
[stalk-stabilize-v2] epoch 70/90 lr=0.00026731 train_acc=0.9688 val@T6=0.9475 sel@T16 HN=0.9750 ov=0.8750 elig=True (best@ep16 joint=0.9660 HN=0.9750)
[stalk-stabilize-v2] epoch 71/90 lr=0.00025162 train_acc=0.9688 val@T6=0.9475 sel@T16 HN=0.9650 ov=0.8875 elig=True (best@ep16 joint=0.9660 HN=0.9750)
[stalk-stabilize-v2] epoch 72/90 lr=0.00023661 train_acc=0.9694 val@T6=0.9475 sel@T16 HN=0.9700 ov=0.8925 elig=True (best@ep16 joint=0.9660 HN=0.9750)
[stalk-stabilize-v2] epoch 73/90 lr=0.0002223 train_acc=0.9694 val@T6=0.9475 sel@T16 HN=0.9850 ov=0.8525 elig=True (best@ep16 joint=0.9660 HN=0.9750)
[stalk-stabilize-v2] epoch 74/90 lr=0.00020871 train_acc=0.9706 val@T6=0.9500 sel@T16 HN=0.9700 ov=0.8700 elig=True (best@ep16 joint=0.9660 HN=0.9750)
[stalk-stabilize-v2] epoch 75/90 lr=0.00019585 train_acc=0.9700 val@T6=0.9475 sel@T16 HN=0.9850 ov=0.8225 elig=False (best@ep16 joint=0.9660 HN=0.9750)
[stalk-stabilize-v2] epoch 76/90 lr=0.00018375 train_acc=0.9688 val@T6=0.9475 sel@T16 HN=0.9900 ov=0.8225 elig=False (best@ep16 joint=0.9660 HN=0.9750)
[stalk-stabilize-v2] epoch 77/90 lr=0.00017242 train_acc=0.9688 val@T6=0.9475 sel@T16 HN=0.9750 ov=0.8200 elig=False (best@ep16 joint=0.9660 HN=0.9750)
[stalk-stabilize-v2] epoch 78/90 lr=0.00016187 train_acc=0.9688 val@T6=0.9475 sel@T16 HN=0.9750 ov=0.8200 elig=False (best@ep16 joint=0.9660 HN=0.9750)
[stalk-stabilize-v2] epoch 79/90 lr=0.00015211 train_acc=0.9681 val@T6=0.9450 sel@T16 HN=0.9750 ov=0.8100 elig=False (best@ep16 joint=0.9660 HN=0.9750)
[stalk-stabilize-v2] epoch 80/90 lr=0.00014316 train_acc=0.9694 val@T6=0.9475 sel@T16 HN=0.9800 ov=0.8325 elig=False (best@ep16 joint=0.9660 HN=0.9750)
[stalk-stabilize-v2] epoch 81/90 lr=0.00013503 train_acc=0.9694 val@T6=0.9475 sel@T16 HN=0.9900 ov=0.8450 elig=False (best@ep16 joint=0.9660 HN=0.9750)
[stalk-stabilize-v2] epoch 82/90 lr=0.00012773 train_acc=0.9694 val@T6=0.9475 sel@T16 HN=0.9800 ov=0.8000 elig=False (best@ep16 joint=0.9660 HN=0.9750)
[stalk-stabilize-v2] epoch 83/90 lr=0.00012126 train_acc=0.9681 val@T6=0.9475 sel@T16 HN=0.9900 ov=0.8275 elig=False (best@ep16 joint=0.9660 HN=0.9750)
[stalk-stabilize-v2] epoch 84/90 lr=0.00011564 train_acc=0.9694 val@T6=0.9475 sel@T16 HN=0.9800 ov=0.8075 elig=False (best@ep16 joint=0.9660 HN=0.9750)
[stalk-stabilize-v2] epoch 85/90 lr=0.00011087 train_acc=0.9700 val@T6=0.9475 sel@T16 HN=0.9800 ov=0.7900 elig=False (best@ep16 joint=0.9660 HN=0.9750)
[stalk-stabilize-v2] epoch 86/90 lr=0.00010697 train_acc=0.9688 val@T6=0.9475 sel@T16 HN=0.9950 ov=0.8025 elig=False (best@ep16 joint=0.9660 HN=0.9750)
[stalk-stabilize-v2] epoch 87/90 lr=0.00010392 train_acc=0.9700 val@T6=0.9475 sel@T16 HN=0.9950 ov=0.7950 elig=False (best@ep16 joint=0.9660 HN=0.9750)
[stalk-stabilize-v2] epoch 88/90 lr=0.00010174 train_acc=0.9700 val@T6=0.9475 sel@T16 HN=0.9950 ov=0.7900 elig=False (best@ep16 joint=0.9660 HN=0.9750)
[stalk-stabilize-v2] epoch 89/90 lr=0.00010044 train_acc=0.9688 val@T6=0.9475 sel@T16 HN=0.9950 ov=0.8025 elig=False (best@ep16 joint=0.9660 HN=0.9750)
[stalk-stabilize-v2] epoch 90/90 lr=0.0001 train_acc=0.9694 val@T6=0.9475 sel@T16 HN=0.9950 ov=0.7975 elig=False (best@ep16 joint=0.9660 HN=0.9750)
[stalk-stabilize-v2] seed=3 OOD eval T∈(6, 8, 12, 16)
[stalk-stabilize-v2] seed=3 untrained control
[stalk-stabilize-v2] seed=3 T16 overall=0.5604 hard_neg=1.0000 K16=0.0875 prereg=False
[stalk-stabilize-v2] === seed 4 train (harden) ===
[stalk-stabilize-v2] params=117506 parity_ok=True d=64 mlp=10 T=6 lr=0.0015→0.0001 cosine clip=2.5
[stalk-stabilize-v2] epoch 1/90 lr=0.0015 train_acc=0.6956 val@T6=0.8275 sel@T16 HN=0.4350 ov=0.7175 elig=False (best@ep0 joint=nan HN=nan)
[stalk-stabilize-v2] epoch 2/90 lr=0.0014996 train_acc=0.8525 val@T6=0.8625 sel@T16 HN=0.6900 ov=0.8450 elig=False (best@ep0 joint=nan HN=nan)
[stalk-stabilize-v2] epoch 3/90 lr=0.0014983 train_acc=0.8956 val@T6=0.8750 sel@T16 HN=0.7350 ov=0.8625 elig=True (best@ep3 joint=0.7732 HN=0.7350)
[stalk-stabilize-v2] epoch 4/90 lr=0.0014961 train_acc=0.9038 val@T6=0.8925 sel@T16 HN=0.6750 ov=0.8275 elig=False (best@ep3 joint=0.7732 HN=0.7350)
[stalk-stabilize-v2] epoch 5/90 lr=0.001493 train_acc=0.9000 val@T6=0.8950 sel@T16 HN=0.7000 ov=0.8500 elig=True (best@ep3 joint=0.7732 HN=0.7350)
[stalk-stabilize-v2] epoch 6/90 lr=0.0014891 train_acc=0.9181 val@T6=0.9225 sel@T16 HN=0.4600 ov=0.7300 elig=False (best@ep3 joint=0.7732 HN=0.7350)
[stalk-stabilize-v2] epoch 7/90 lr=0.0014844 train_acc=0.9375 val@T6=0.9375 sel@T16 HN=0.4500 ov=0.7250 elig=False (best@ep3 joint=0.7732 HN=0.7350)
[stalk-stabilize-v2] epoch 8/90 lr=0.0014787 train_acc=0.9531 val@T6=0.9275 sel@T16 HN=0.8950 ov=0.9450 elig=True (best@ep8 joint=0.9100 HN=0.8950)
[stalk-stabilize-v2] epoch 9/90 lr=0.0014723 train_acc=0.9450 val@T6=0.9225 sel@T16 HN=0.9250 ov=0.8900 elig=True (best@ep9 joint=0.9145 HN=0.9250)
[stalk-stabilize-v2] epoch 10/90 lr=0.001465 train_acc=0.9487 val@T6=0.9350 sel@T16 HN=0.6450 ov=0.8225 elig=False (best@ep9 joint=0.9145 HN=0.9250)
[stalk-stabilize-v2] epoch 11/90 lr=0.0014568 train_acc=0.9594 val@T6=0.9525 sel@T16 HN=0.8700 ov=0.9350 elig=True (best@ep9 joint=0.9145 HN=0.9250)
[stalk-stabilize-v2] epoch 12/90 lr=0.0014479 train_acc=0.9631 val@T6=0.9400 sel@T16 HN=0.5500 ov=0.7750 elig=False (best@ep9 joint=0.9145 HN=0.9250)
[stalk-stabilize-v2] epoch 13/90 lr=0.0014381 train_acc=0.9569 val@T6=0.9525 sel@T16 HN=0.8400 ov=0.9200 elig=True (best@ep9 joint=0.9145 HN=0.9250)
[stalk-stabilize-v2] epoch 14/90 lr=0.0014276 train_acc=0.9644 val@T6=0.9650 sel@T16 HN=0.8350 ov=0.9175 elig=True (best@ep9 joint=0.9145 HN=0.9250)
[stalk-stabilize-v2] epoch 15/90 lr=0.0014162 train_acc=0.9587 val@T6=0.9575 sel@T16 HN=0.5650 ov=0.7825 elig=False (best@ep9 joint=0.9145 HN=0.9250)
[stalk-stabilize-v2] epoch 16/90 lr=0.0014041 train_acc=0.9644 val@T6=0.9600 sel@T16 HN=0.8600 ov=0.8450 elig=False (best@ep9 joint=0.9145 HN=0.9250)
[stalk-stabilize-v2] epoch 17/90 lr=0.0013913 train_acc=0.9613 val@T6=0.9525 sel@T16 HN=0.9050 ov=0.8750 elig=True (best@ep9 joint=0.9145 HN=0.9250)
[stalk-stabilize-v2] epoch 18/90 lr=0.0013777 train_acc=0.9650 val@T6=0.9600 sel@T16 HN=0.8550 ov=0.9000 elig=True (best@ep9 joint=0.9145 HN=0.9250)
[stalk-stabilize-v2] epoch 19/90 lr=0.0013634 train_acc=0.9525 val@T6=0.9500 sel@T16 HN=0.5700 ov=0.5025 elig=False (best@ep9 joint=0.9145 HN=0.9250)
[stalk-stabilize-v2] epoch 20/90 lr=0.0013484 train_acc=0.9556 val@T6=0.9575 sel@T16 HN=0.4850 ov=0.7425 elig=False (best@ep9 joint=0.9145 HN=0.9250)
[stalk-stabilize-v2] epoch 21/90 lr=0.0013327 train_acc=0.9719 val@T6=0.9625 sel@T16 HN=0.8550 ov=0.9275 elig=True (best@ep9 joint=0.9145 HN=0.9250)
[stalk-stabilize-v2] epoch 22/90 lr=0.0013163 train_acc=0.9706 val@T6=0.9625 sel@T16 HN=0.8700 ov=0.9025 elig=True (best@ep9 joint=0.9145 HN=0.9250)
[stalk-stabilize-v2] epoch 23/90 lr=0.0012993 train_acc=0.9675 val@T6=0.9700 sel@T16 HN=0.7550 ov=0.8775 elig=True (best@ep9 joint=0.9145 HN=0.9250)
[stalk-stabilize-v2] epoch 24/90 lr=0.0012817 train_acc=0.9694 val@T6=0.9700 sel@T16 HN=0.9350 ov=0.9225 elig=True (best@ep24 joint=0.9312 HN=0.9350)
[stalk-stabilize-v2] epoch 25/90 lr=0.0012635 train_acc=0.9700 val@T6=0.9675 sel@T16 HN=0.8850 ov=0.8900 elig=True (best@ep24 joint=0.9312 HN=0.9350)
[stalk-stabilize-v2] epoch 26/90 lr=0.0012447 train_acc=0.9712 val@T6=0.9425 sel@T16 HN=0.7050 ov=0.8500 elig=True (best@ep24 joint=0.9312 HN=0.9350)
[stalk-stabilize-v2] epoch 27/90 lr=0.0012253 train_acc=0.9719 val@T6=0.9650 sel@T16 HN=0.8550 ov=0.9100 elig=True (best@ep24 joint=0.9312 HN=0.9350)
[stalk-stabilize-v2] epoch 28/90 lr=0.0012054 train_acc=0.9712 val@T6=0.9650 sel@T16 HN=0.8350 ov=0.8875 elig=True (best@ep24 joint=0.9312 HN=0.9350)
[stalk-stabilize-v2] epoch 29/90 lr=0.001185 train_acc=0.9712 val@T6=0.9650 sel@T16 HN=0.8400 ov=0.9050 elig=True (best@ep24 joint=0.9312 HN=0.9350)
[stalk-stabilize-v2] epoch 30/90 lr=0.0011642 train_acc=0.9731 val@T6=0.9625 sel@T16 HN=0.8100 ov=0.8700 elig=True (best@ep24 joint=0.9312 HN=0.9350)
[stalk-stabilize-v2] epoch 31/90 lr=0.0011428 train_acc=0.9694 val@T6=0.9625 sel@T16 HN=0.8050 ov=0.8850 elig=True (best@ep24 joint=0.9312 HN=0.9350)
[stalk-stabilize-v2] epoch 32/90 lr=0.0011211 train_acc=0.9725 val@T6=0.9675 sel@T16 HN=0.8450 ov=0.8650 elig=True (best@ep24 joint=0.9312 HN=0.9350)
[stalk-stabilize-v2] epoch 33/90 lr=0.0010989 train_acc=0.9706 val@T6=0.9550 sel@T16 HN=0.8400 ov=0.8750 elig=True (best@ep24 joint=0.9312 HN=0.9350)
[stalk-stabilize-v2] epoch 34/90 lr=0.0010764 train_acc=0.9688 val@T6=0.9700 sel@T16 HN=0.8900 ov=0.9050 elig=True (best@ep24 joint=0.9312 HN=0.9350)
[stalk-stabilize-v2] epoch 35/90 lr=0.0010535 train_acc=0.9781 val@T6=0.9750 sel@T16 HN=0.9000 ov=0.9100 elig=True (best@ep24 joint=0.9312 HN=0.9350)
[stalk-stabilize-v2] epoch 36/90 lr=0.0010304 train_acc=0.9769 val@T6=0.9650 sel@T16 HN=0.4950 ov=0.7475 elig=False (best@ep24 joint=0.9312 HN=0.9350)
[stalk-stabilize-v2] epoch 37/90 lr=0.0010069 train_acc=0.9762 val@T6=0.9650 sel@T16 HN=0.8350 ov=0.8975 elig=True (best@ep24 joint=0.9312 HN=0.9350)
[stalk-stabilize-v2] epoch 38/90 lr=0.00098316 train_acc=0.9769 val@T6=0.9675 sel@T16 HN=0.7200 ov=0.8475 elig=False (best@ep24 joint=0.9312 HN=0.9350)
[stalk-stabilize-v2] epoch 39/90 lr=0.0009592 train_acc=0.9788 val@T6=0.9650 sel@T16 HN=0.8400 ov=0.8600 elig=True (best@ep24 joint=0.9312 HN=0.9350)
[stalk-stabilize-v2] epoch 40/90 lr=0.00093505 train_acc=0.9794 val@T6=0.9675 sel@T16 HN=0.8250 ov=0.9075 elig=True (best@ep24 joint=0.9312 HN=0.9350)
[stalk-stabilize-v2] epoch 41/90 lr=0.00091072 train_acc=0.9775 val@T6=0.9675 sel@T16 HN=0.8400 ov=0.8925 elig=True (best@ep24 joint=0.9312 HN=0.9350)
[stalk-stabilize-v2] epoch 42/90 lr=0.00088626 train_acc=0.9781 val@T6=0.9600 sel@T16 HN=0.8250 ov=0.8650 elig=True (best@ep24 joint=0.9312 HN=0.9350)
[stalk-stabilize-v2] epoch 43/90 lr=0.00086169 train_acc=0.9775 val@T6=0.9600 sel@T16 HN=0.8400 ov=0.8550 elig=True (best@ep24 joint=0.9312 HN=0.9350)
[stalk-stabilize-v2] epoch 44/90 lr=0.00083705 train_acc=0.9769 val@T6=0.9650 sel@T16 HN=0.8250 ov=0.8750 elig=True (best@ep24 joint=0.9312 HN=0.9350)
[stalk-stabilize-v2] epoch 45/90 lr=0.00081235 train_acc=0.9769 val@T6=0.9675 sel@T16 HN=0.8250 ov=0.8975 elig=True (best@ep24 joint=0.9312 HN=0.9350)
[stalk-stabilize-v2] epoch 46/90 lr=0.00078765 train_acc=0.9744 val@T6=0.9650 sel@T16 HN=0.8350 ov=0.8850 elig=True (best@ep24 joint=0.9312 HN=0.9350)
[stalk-stabilize-v2] epoch 47/90 lr=0.00076295 train_acc=0.9762 val@T6=0.9675 sel@T16 HN=0.8250 ov=0.8600 elig=True (best@ep24 joint=0.9312 HN=0.9350)
[stalk-stabilize-v2] epoch 48/90 lr=0.00073831 train_acc=0.9744 val@T6=0.9675 sel@T16 HN=0.8000 ov=0.9000 elig=True (best@ep24 joint=0.9312 HN=0.9350)
[stalk-stabilize-v2] epoch 49/90 lr=0.00071374 train_acc=0.9775 val@T6=0.9675 sel@T16 HN=0.8300 ov=0.8950 elig=True (best@ep24 joint=0.9312 HN=0.9350)
[stalk-stabilize-v2] epoch 50/90 lr=0.00068928 train_acc=0.9775 val@T6=0.9775 sel@T16 HN=0.8550 ov=0.8950 elig=True (best@ep24 joint=0.9312 HN=0.9350)
[stalk-stabilize-v2] epoch 51/90 lr=0.00066495 train_acc=0.9769 val@T6=0.9725 sel@T16 HN=0.8250 ov=0.8800 elig=True (best@ep24 joint=0.9312 HN=0.9350)
[stalk-stabilize-v2] epoch 52/90 lr=0.0006408 train_acc=0.9769 val@T6=0.9625 sel@T16 HN=0.8450 ov=0.8900 elig=True (best@ep24 joint=0.9312 HN=0.9350)
[stalk-stabilize-v2] epoch 53/90 lr=0.00061684 train_acc=0.9750 val@T6=0.9675 sel@T16 HN=0.8450 ov=0.8900 elig=True (best@ep24 joint=0.9312 HN=0.9350)
[stalk-stabilize-v2] epoch 54/90 lr=0.00059311 train_acc=0.9781 val@T6=0.9700 sel@T16 HN=0.8450 ov=0.8875 elig=True (best@ep24 joint=0.9312 HN=0.9350)
[stalk-stabilize-v2] epoch 55/90 lr=0.00056964 train_acc=0.9775 val@T6=0.9700 sel@T16 HN=0.8450 ov=0.8900 elig=True (best@ep24 joint=0.9312 HN=0.9350)
[stalk-stabilize-v2] epoch 56/90 lr=0.00054645 train_acc=0.9775 val@T6=0.9700 sel@T16 HN=0.8450 ov=0.8900 elig=True (best@ep24 joint=0.9312 HN=0.9350)
[stalk-stabilize-v2] epoch 57/90 lr=0.00052358 train_acc=0.9775 val@T6=0.9675 sel@T16 HN=0.8550 ov=0.8850 elig=True (best@ep24 joint=0.9312 HN=0.9350)
[stalk-stabilize-v2] epoch 58/90 lr=0.00050106 train_acc=0.9756 val@T6=0.9700 sel@T16 HN=0.8450 ov=0.8900 elig=True (best@ep24 joint=0.9312 HN=0.9350)
[stalk-stabilize-v2] epoch 59/90 lr=0.00047891 train_acc=0.9775 val@T6=0.9700 sel@T16 HN=0.8450 ov=0.8850 elig=True (best@ep24 joint=0.9312 HN=0.9350)
[stalk-stabilize-v2] epoch 60/90 lr=0.00045716 train_acc=0.9781 val@T6=0.9700 sel@T16 HN=0.8550 ov=0.8875 elig=True (best@ep24 joint=0.9312 HN=0.9350)
[stalk-stabilize-v2] epoch 61/90 lr=0.00043583 train_acc=0.9756 val@T6=0.9700 sel@T16 HN=0.8450 ov=0.8825 elig=True (best@ep24 joint=0.9312 HN=0.9350)
[stalk-stabilize-v2] epoch 62/90 lr=0.00041496 train_acc=0.9775 val@T6=0.9675 sel@T16 HN=0.8550 ov=0.8875 elig=True (best@ep24 joint=0.9312 HN=0.9350)
[stalk-stabilize-v2] epoch 63/90 lr=0.00039457 train_acc=0.9756 val@T6=0.9700 sel@T16 HN=0.8450 ov=0.8875 elig=True (best@ep24 joint=0.9312 HN=0.9350)
[stalk-stabilize-v2] epoch 64/90 lr=0.00037468 train_acc=0.9788 val@T6=0.9700 sel@T16 HN=0.8550 ov=0.8850 elig=True (best@ep24 joint=0.9312 HN=0.9350)
[stalk-stabilize-v2] epoch 65/90 lr=0.00035533 train_acc=0.9781 val@T6=0.9700 sel@T16 HN=0.8650 ov=0.8900 elig=True (best@ep24 joint=0.9312 HN=0.9350)
[stalk-stabilize-v2] epoch 66/90 lr=0.00033653 train_acc=0.9781 val@T6=0.9700 sel@T16 HN=0.8650 ov=0.9000 elig=True (best@ep24 joint=0.9312 HN=0.9350)
[stalk-stabilize-v2] epoch 67/90 lr=0.0003183 train_acc=0.9762 val@T6=0.9700 sel@T16 HN=0.8650 ov=0.8875 elig=True (best@ep24 joint=0.9312 HN=0.9350)
[stalk-stabilize-v2] epoch 68/90 lr=0.00030068 train_acc=0.9781 val@T6=0.9700 sel@T16 HN=0.8650 ov=0.8950 elig=True (best@ep24 joint=0.9312 HN=0.9350)
[stalk-stabilize-v2] epoch 69/90 lr=0.00028367 train_acc=0.9775 val@T6=0.9700 sel@T16 HN=0.8650 ov=0.8925 elig=True (best@ep24 joint=0.9312 HN=0.9350)
[stalk-stabilize-v2] epoch 70/90 lr=0.00026731 train_acc=0.9775 val@T6=0.9700 sel@T16 HN=0.8650 ov=0.8825 elig=True (best@ep24 joint=0.9312 HN=0.9350)
[stalk-stabilize-v2] epoch 71/90 lr=0.00025162 train_acc=0.9775 val@T6=0.9700 sel@T16 HN=0.8650 ov=0.8900 elig=True (best@ep24 joint=0.9312 HN=0.9350)
[stalk-stabilize-v2] epoch 72/90 lr=0.00023661 train_acc=0.9756 val@T6=0.9700 sel@T16 HN=0.8650 ov=0.8900 elig=True (best@ep24 joint=0.9312 HN=0.9350)
[stalk-stabilize-v2] epoch 73/90 lr=0.0002223 train_acc=0.9781 val@T6=0.9700 sel@T16 HN=0.8650 ov=0.8900 elig=True (best@ep24 joint=0.9312 HN=0.9350)
[stalk-stabilize-v2] epoch 74/90 lr=0.00020871 train_acc=0.9775 val@T6=0.9700 sel@T16 HN=0.8800 ov=0.9000 elig=True (best@ep24 joint=0.9312 HN=0.9350)
[stalk-stabilize-v2] epoch 75/90 lr=0.00019585 train_acc=0.9775 val@T6=0.9700 sel@T16 HN=0.8800 ov=0.8975 elig=True (best@ep24 joint=0.9312 HN=0.9350)
[stalk-stabilize-v2] epoch 76/90 lr=0.00018375 train_acc=0.9781 val@T6=0.9700 sel@T16 HN=0.8600 ov=0.8875 elig=True (best@ep24 joint=0.9312 HN=0.9350)
[stalk-stabilize-v2] epoch 77/90 lr=0.00017242 train_acc=0.9769 val@T6=0.9700 sel@T16 HN=0.8800 ov=0.9000 elig=True (best@ep24 joint=0.9312 HN=0.9350)
[stalk-stabilize-v2] epoch 78/90 lr=0.00016187 train_acc=0.9775 val@T6=0.9700 sel@T16 HN=0.8700 ov=0.8950 elig=True (best@ep24 joint=0.9312 HN=0.9350)
[stalk-stabilize-v2] epoch 79/90 lr=0.00015211 train_acc=0.9788 val@T6=0.9700 sel@T16 HN=0.8600 ov=0.8800 elig=True (best@ep24 joint=0.9312 HN=0.9350)
[stalk-stabilize-v2] epoch 80/90 lr=0.00014316 train_acc=0.9781 val@T6=0.9700 sel@T16 HN=0.8700 ov=0.8975 elig=True (best@ep24 joint=0.9312 HN=0.9350)
[stalk-stabilize-v2] epoch 81/90 lr=0.00013503 train_acc=0.9794 val@T6=0.9700 sel@T16 HN=0.8700 ov=0.8850 elig=True (best@ep24 joint=0.9312 HN=0.9350)
[stalk-stabilize-v2] epoch 82/90 lr=0.00012773 train_acc=0.9775 val@T6=0.9700 sel@T16 HN=0.8600 ov=0.8775 elig=True (best@ep24 joint=0.9312 HN=0.9350)
[stalk-stabilize-v2] epoch 83/90 lr=0.00012126 train_acc=0.9775 val@T6=0.9700 sel@T16 HN=0.8700 ov=0.8850 elig=True (best@ep24 joint=0.9312 HN=0.9350)
[stalk-stabilize-v2] epoch 84/90 lr=0.00011564 train_acc=0.9775 val@T6=0.9700 sel@T16 HN=0.8600 ov=0.8825 elig=True (best@ep24 joint=0.9312 HN=0.9350)
[stalk-stabilize-v2] epoch 85/90 lr=0.00011087 train_acc=0.9788 val@T6=0.9700 sel@T16 HN=0.8700 ov=0.8875 elig=True (best@ep24 joint=0.9312 HN=0.9350)
[stalk-stabilize-v2] epoch 86/90 lr=0.00010697 train_acc=0.9769 val@T6=0.9700 sel@T16 HN=0.8700 ov=0.8875 elig=True (best@ep24 joint=0.9312 HN=0.9350)
[stalk-stabilize-v2] epoch 87/90 lr=0.00010392 train_acc=0.9788 val@T6=0.9700 sel@T16 HN=0.8700 ov=0.8850 elig=True (best@ep24 joint=0.9312 HN=0.9350)
[stalk-stabilize-v2] epoch 88/90 lr=0.00010174 train_acc=0.9775 val@T6=0.9700 sel@T16 HN=0.8600 ov=0.8825 elig=True (best@ep24 joint=0.9312 HN=0.9350)
[stalk-stabilize-v2] epoch 89/90 lr=0.00010044 train_acc=0.9788 val@T6=0.9700 sel@T16 HN=0.8600 ov=0.8825 elig=True (best@ep24 joint=0.9312 HN=0.9350)
[stalk-stabilize-v2] epoch 90/90 lr=0.0001 train_acc=0.9781 val@T6=0.9700 sel@T16 HN=0.8600 ov=0.8825 elig=True (best@ep24 joint=0.9312 HN=0.9350)
[stalk-stabilize-v2] seed=4 OOD eval T∈(6, 8, 12, 16)
[stalk-stabilize-v2] seed=4 untrained control
[stalk-stabilize-v2] seed=4 T16 overall=0.8833 hard_neg=0.7750 K16=0.9875 prereg=False
[stalk-stabilize-v2] wrote artifacts/stalk_stabilize_v2.json
[stalk-stabilize-v2] verdict=STOP_FRAGILE science_open=False mean hard_neg=0.9550±0.1006 K16=0.4225±0.4769 seed_pass=1/5
{
  "verdict": "STOP_FRAGILE",
  "open_status": "MEASURE_STOP_FRAGILE",
  "science_open": false,
  "prereg_mean_pass": false,
  "n_prereg_pass_individual": 1,
  "mean_std": {
    "T16_overall": {
      "mean": 0.8133333333333332,
      "std": 0.15690556917741602
    },
    "T16_hard_neg": {
      "mean": 0.9550000000000001,
      "std": 0.10062305898749054
    },
    "T16_K8": {
      "mean": 0.7975,
      "std": 0.3518255959989267
    },
    "T16_K12": {
      "mean": 0.795,
      "std": 0.396232255123179
    },
    "T16_K16": {
      "mean": 0.42250000000000004,
      "std": 0.4769204598253256
    },
    "untrained_T16_overall": {
      "mean": 0.4883333333333333,
      "std": 0.1936749406580234
    },
    "untrained_T16_hard_neg": {
      "mean": 0.5766666666666667,
      "std": 0.23490172294907596
    },
    "untrained_vs_trained_agree_T16": {
      "mean": 0.587499988079071,
      "std": 0.22047928002879585
    }
  },
  "out": "artifacts/stalk_stabilize_v2.json"
}
